DROP FUNCTION IF EXISTS datefunc1_nochange(date);
DROP FUNCTION
DROP FUNCTION IF EXISTS datefunc1(date);
DROP FUNCTION
DROP FUNCTION IF EXISTS datefunc2(date);
DROP FUNCTION
DROP FUNCTION IF EXISTS datefunc3_year(date);
DROP FUNCTION
DROP FUNCTION IF EXISTS datefunc3_mon(date);
DROP FUNCTION
DROP FUNCTION IF EXISTS datefunc3_mday(date);
DROP FUNCTION
DROP FUNCTION IF EXISTS timefunc1(time);
DROP FUNCTION
DROP FUNCTION IF EXISTS timetzfunc1(timetz);
DROP FUNCTION
DROP FUNCTION IF EXISTS timestampfunc1(timestamp);
DROP FUNCTION
DROP FUNCTION IF EXISTS timestamptzfunc1(timestamptz);
DROP FUNCTION
CREATE OR REPLACE FUNCTION datefunc1_nochange(date) RETURNS date AS '$libdir/gppc_test' LANGUAGE c IMMUTABLE STRICT;
CREATE FUNCTION
CREATE OR REPLACE FUNCTION datefunc1(date) RETURNS date AS '$libdir/gppc_test' LANGUAGE c IMMUTABLE STRICT;
CREATE FUNCTION
CREATE OR REPLACE FUNCTION datefunc2(date) RETURNS date AS '$libdir/gppc_test' LANGUAGE c IMMUTABLE STRICT;
CREATE FUNCTION
CREATE OR REPLACE FUNCTION datefunc3_year(date) RETURNS date AS '$libdir/gppc_test' LANGUAGE c IMMUTABLE STRICT;
CREATE FUNCTION
CREATE OR REPLACE FUNCTION datefunc3_mon(date) RETURNS date AS '$libdir/gppc_test' LANGUAGE c IMMUTABLE STRICT;
CREATE FUNCTION
CREATE OR REPLACE FUNCTION datefunc3_mday(date) RETURNS date AS '$libdir/gppc_test' LANGUAGE c IMMUTABLE STRICT;
CREATE FUNCTION
CREATE OR REPLACE FUNCTION timefunc1(time) RETURNS time AS '$libdir/gppc_test' LANGUAGE c IMMUTABLE STRICT;
CREATE FUNCTION
CREATE OR REPLACE FUNCTION timetzfunc1(timetz) RETURNS timetz AS '$libdir/gppc_test' LANGUAGE c STABLE STRICT;
CREATE FUNCTION
CREATE OR REPLACE FUNCTION timestampfunc1(timestamp) RETURNS timestamp AS '$libdir/gppc_test' LANGUAGE c IMMUTABLE STRICT;
CREATE FUNCTION
CREATE OR REPLACE FUNCTION timestamptzfunc1(timestamptz) RETURNS timestamptz AS '$libdir/gppc_test' LANGUAGE c STABLE STRICT;
CREATE FUNCTION
SELECT datefunc1_nochange('1900-01-01');
 datefunc1_nochange 
--------------------
 1900-01-01
(1 row)

SELECT datefunc1('1898-12-31');
 datefunc1  
------------
 1900-02-01
(1 row)

SELECT datefunc1('2012-02-29');
 datefunc1  
------------
 2013-03-30
(1 row)

SELECT datefunc2('2013-03-01');
 datefunc2  
------------
 2012-01-31
(1 row)

SELECT datefunc3_year('1900-01-01');
 datefunc3_year 
----------------
 1899-01-01
(1 row)

SELECT datefunc3_year('00-14-37');
ERROR:  date/time field value out of range: "00-14-37"
LINE 1: SELECT datefunc3_year('00-14-37');
               ^
HINT:  Perhaps you need a different "datestyle" setting.
SELECT datefunc3_year('02-11-03');
 datefunc3_year 
----------------
 2002-02-11
(1 row)

SELECT datefunc3_mon('2012-01-29');
 datefunc3_mon 
---------------
 2011-12-29
(1 row)

SELECT datefunc3_mon('2012-03-29');
 datefunc3_mon 
---------------
 2012-02-29
(1 row)

SELECT datefunc3_mon('2011-03-29');
 datefunc3_mon 
---------------
 2011-03-01
(1 row)

SELECT datefunc3_mday('2012-03-01');
 datefunc3_mday 
----------------
 2012-02-29
(1 row)

SELECT datefunc3_mday('2013-03-01');
 datefunc3_mday 
----------------
 2013-02-28
(1 row)

SELECT datefunc3_mday('1900-01-01');
 datefunc3_mday 
----------------
 1899-12-31
(1 row)

SELECT timefunc1('15:00:01');
 timefunc1 
-----------
 16:01:02
(1 row)

SELECT timetzfunc1('15:00:01 UTC');
 timetzfunc1 
-------------
 16:01:02+00
(1 row)

SELECT timestampfunc1('2011-02-24 15:00:01');
   timestampfunc1    
---------------------
 2012-03-25 16:01:02
(1 row)

SELECT timestamptzfunc1('2011-02-24 15:00:01 UTC');
    timestamptzfunc1    
------------------------
 2012-03-25 09:01:02-07
(1 row)

