-- start_ignore
SET optimizer=off;
SET
-- end_ignore
--CLUSTER ON index_name & SET WITHOUT CLUSTER
          CREATE TABLE mdt_cluster_index_table (col1 int,col2 int) distributed randomly;
CREATE TABLE
          create index mdt_clusterindex on mdt_cluster_index_table(col1);
CREATE INDEX
          ALTER TABLE mdt_cluster_index_table CLUSTER on mdt_clusterindex;
ALTER TABLE
          CREATE TABLE mdt_cluster_index_table1 (col1 int,col2 int) distributed randomly;
CREATE TABLE
          create index mdt_clusterindex1 on mdt_cluster_index_table1(col1);
CREATE INDEX
          ALTER TABLE mdt_cluster_index_table1 CLUSTER on mdt_clusterindex1;
ALTER TABLE
          ALTER TABLE mdt_cluster_index_table1 SET WITHOUT CLUSTER;
ALTER TABLE
select classname  , schemaname , objname  , usestatus , usename , actionname , subtype from pg_stat_operations  where statime > ( select statime from pg_stat_operations where objname ='my_first_table' and actionname ='CREATE') and objname  not in ('pg_stat_operations','pg_stat_partition_operations') order by statime;
  classname  | schemaname |         objname          | usestatus | usename  | actionname |       subtype       
-------------+------------+--------------------------+-----------+----------+------------+---------------------
 pg_authid   |            | mdt_user                 | CURRENT   | gpadmin  | CREATE     | ROLE
 pg_database |            | mdt_db                   | CURRENT   | mdt_user | CREATE     | DATABASE
 pg_class    | public     | mdt_cluster_index_table  | CURRENT   | gpadmin  | CREATE     | TABLE
 pg_class    | public     | mdt_clusterindex         | CURRENT   | gpadmin  | CREATE     | INDEX
 pg_class    | public     | mdt_cluster_index_table  | CURRENT   | gpadmin  | ALTER      | CLUSTER ON
 pg_class    | public     | mdt_cluster_index_table1 | CURRENT   | gpadmin  | CREATE     | TABLE
 pg_class    | public     | mdt_clusterindex1        | CURRENT   | gpadmin  | CREATE     | INDEX
 pg_class    | public     | mdt_cluster_index_table1 | CURRENT   | gpadmin  | ALTER      | SET WITHOUT CLUSTER
(8 rows)

drop table mdt_cluster_index_table;
DROP TABLE
drop table mdt_cluster_index_table1;
DROP TABLE
select classname  , schemaname , objname  , usestatus , usename , actionname , subtype from pg_stat_operations  where statime > ( select statime from pg_stat_operations where objname ='my_first_table' and actionname ='CREATE') and objname  not in ('pg_stat_operations','pg_stat_partition_operations') order by statime;
  classname  | schemaname | objname  | usestatus | usename  | actionname | subtype  
-------------+------------+----------+-----------+----------+------------+----------
 pg_authid   |            | mdt_user | CURRENT   | gpadmin  | CREATE     | ROLE
 pg_database |            | mdt_db   | CURRENT   | mdt_user | CREATE     | DATABASE
(2 rows)

