-- start_ignore
SET optimizer=off;
SET
-- end_ignore
CREATE TABLE mdt_all_types ( a int,col001 char DEFAULT 'z',col002 numeric,col003 boolean DEFAULT false,col004 bit(3) DEFAULT '111',col005 text DEFAULT 'pookie', col006 integer[] DEFAULT '{5, 4, 3, 2, 1}', col007 character varying(512) DEFAULT 'Now is the time', col008 character varying DEFAULT 'Now is the time', col009 character varying(512)[], col010 numeric(8),col011 int,col012 double precision, col013 bigint, col014 char(8), col015 bytea,col016 timestamp with time zone,col017 interval, col018 cidr, col019 inet, col020 macaddr,col021 serial, col022 money, col023 bigserial, col024 timetz,col025 circle, col026 box, col027 name,col028 path, col029 int2, col031 bit varying(256),col032 date, col034 lseg,col035 point,col036 polygon,col037 real,col039 time, col040 timestamp )with (appendonly=true);
psql:/path/sql_file:1: NOTICE:  CREATE TABLE will create implicit sequence "mdt_all_types_col021_seq" for serial column "mdt_all_types.col021"
psql:/path/sql_file:1: NOTICE:  CREATE TABLE will create implicit sequence "mdt_all_types_col023_seq" for serial column "mdt_all_types.col023"
psql:/path/sql_file:1: NOTICE:  Table doesn't have 'DISTRIBUTED BY' clause -- Using column named 'a' as the Greenplum Database data distribution key for this table.
HINT:  The 'DISTRIBUTED BY' clause determines the distribution of data. Make sure column(s) chosen are the optimal data distribution key to minimize skew.
CREATE TABLE
INSERT INTO mdt_all_types VALUES (1,'a',11,true,'111', '1_one', '{1,2,3,4,5}', 'Hello .. how are you 1', 'Hello .. how are you 1',    '{one,two,three,four,five}',  12345678, 1, 111.1111,  11,  '1_one_11',   'd',  '2001-12-13 01:51:15+1359',  '11',   '0.0.0.0', '0.0.0.0', 'AA:AA:AA:AA:AA:AA', 1,  '34.23',   1,'00:00:00+1359',  '((2,2),1)',   '((1,2),(2,1))',   'hello', '((1,2),(2,1))', 11,   '010101',   '2001-12-13', '((1,1),(2,2))', '(1,1)', '((1,2),(2,3),(3,4),(4,3),(3,2),(2,1))',    111111, '23:00:00',   '2001-12-13 01:51:15');
INSERT 0 1
INSERT INTO mdt_all_types VALUES (    2,   'b',   22,  false, '001',   '2_one',  '{6,7,8,9,10}',  'Hey.. whtz up 2', 'Hey .. whtz up 2',    '{one,two,three,four,five}', 76767669, 1, 222.2222, 11,   '2_two_22',   'c',   '2002-12-13 01:51:15+1359',   '22',    '0.0.0.0',  '0.0.0.0',  'BB:BB:BB:BB:BB:BB',2, '200.00',   2, '00:00:05', '((3,3),2)',  '((3,2),(2,3))',   'hello',  '((3,2),(2,3))', 22,    '01010100101',  '2002-12-13', '((2,2),(3,3))', '(2,2)', '((1,2),(2,3),(3,4),(4,3),(3,2),(2,1))', 11111,  '22:00:00', '2002-12-13 01:51:15');
INSERT 0 1
vacuum analyse mdt_all_types(col020);
VACUUM
select classname  , schemaname , objname  , usestatus , usename , actionname , subtype from pg_stat_operations  where statime > ( select statime from pg_stat_operations where objname ='my_first_table' and actionname ='CREATE') and objname  not in ('pg_stat_operations','pg_stat_partition_operations') order by statime;
  classname  | schemaname |         objname          | usestatus | usename  | actionname | subtype  
-------------+------------+--------------------------+-----------+----------+------------+----------
 pg_authid   |            | mdt_user                 | CURRENT   | gpadmin  | CREATE     | ROLE
 pg_database |            | mdt_db                   | CURRENT   | mdt_user | CREATE     | DATABASE
 pg_class    | public     | mdt_all_types_col021_seq | CURRENT   | gpadmin  | CREATE     | SEQUENCE
 pg_class    | public     | mdt_all_types_col023_seq | CURRENT   | gpadmin  | CREATE     | SEQUENCE
 pg_class    | public     | mdt_all_types            | CURRENT   | gpadmin  | CREATE     | TABLE
 pg_class    | public     | mdt_all_types_col021_seq | CURRENT   | gpadmin  | ALTER      | OWNED BY
 pg_class    | public     | mdt_all_types_col023_seq | CURRENT   | gpadmin  | ALTER      | OWNED BY
 pg_class    | public     | mdt_all_types            | CURRENT   | gpadmin  | VACUUM     | 
 pg_class    | public     | mdt_all_types            | CURRENT   | gpadmin  | ANALYZE    | 
(9 rows)

drop table mdt_all_types;
DROP TABLE
select classname  , schemaname , objname  , usestatus , usename , actionname , subtype from pg_stat_operations  where statime > ( select statime from pg_stat_operations where objname ='my_first_table' and actionname ='CREATE') and objname  not in ('pg_stat_operations','pg_stat_partition_operations') order by statime;
  classname  | schemaname | objname  | usestatus | usename  | actionname | subtype  
-------------+------------+----------+-----------+----------+------------+----------
 pg_authid   |            | mdt_user | CURRENT   | gpadmin  | CREATE     | ROLE
 pg_database |            | mdt_db   | CURRENT   | mdt_user | CREATE     | DATABASE
(2 rows)

