CREATE TABLE sync2_hybrid_part1 (
                PS_PARTKEY INTEGER,
                PS_SUPPKEY INTEGER,
                PS_AVAILQTY integer,
                PS_SUPPLYCOST decimal,
                PS_COMMENT VARCHAR(199)
                ) 
 partition by range (ps_supplycost)
 subpartition by range (ps_suppkey)
,subpartition by range (ps_partkey) subpartition template (start('1') end('200001') every(66666)
)
(
partition p1 start('1') end('20') inclusive
(
 subpartition sp1 start('1') end('3030')  WITH (checksum=false,   appendonly=true,blocksize=1171456,compresslevel=3),
 subpartition sp2 end('6096') inclusive,
 subpartition sp3   start('6096') exclusive end('7201') with (orientation='column',appendonly=true),
 subpartition sp4 end('10001')  WITH (checksum=false,appendonly=true,     blocksize=1171456,compresslevel=3)
), 
partition p2 end('1001') inclusive
(
subpartition sp1 start('1') ,        
subpartition sp2 start('4139') with (orientation='column',appendonly=true) ,
subpartition sp3 start('4685')  WITH (checksum=false,appendonly=true, blocksize=1171456,compresslevel=3) ,
subpartition sp4 start('5675') )
);
psql:/path/sql_file:1: NOTICE:  Table doesn't have 'DISTRIBUTED BY' clause -- Using column named 'ps_partkey' as the Greenplum Database data distribution key for this table.
HINT:  The 'DISTRIBUTED BY' clause determines the distribution of data. Make sure column(s) chosen are the optimal data distribution key to minimize skew.
psql:/path/sql_file:1: NOTICE:  CREATE TABLE will create partition "sync2_hybrid_part1_1_prt_p1" for table "sync2_hybrid_part1"
psql:/path/sql_file:1: NOTICE:  CREATE TABLE will create partition "sync2_hybrid_part1_1_prt_p2" for table "sync2_hybrid_part1"
psql:/path/sql_file:1: NOTICE:  CREATE TABLE will create partition "sync2_hybrid_part1_1_prt_p1_2_prt_sp1" for table "sync2_hybrid_part1_1_prt_p1"
psql:/path/sql_file:1: NOTICE:  CREATE TABLE will create partition "sync2_hybrid_part1_1_prt_p1_2_prt_sp2" for table "sync2_hybrid_part1_1_prt_p1"
psql:/path/sql_file:1: NOTICE:  CREATE TABLE will create partition "sync2_hybrid_part1_1_prt_p1_2_prt_sp3" for table "sync2_hybrid_part1_1_prt_p1"
psql:/path/sql_file:1: NOTICE:  CREATE TABLE will create partition "sync2_hybrid_part1_1_prt_p1_2_prt_sp4" for table "sync2_hybrid_part1_1_prt_p1"
psql:/path/sql_file:1: NOTICE:  CREATE TABLE will create partition "sync2_hybrid_part1_1_prt_p1_2_prt_sp1_3_prt_1" for table "sync2_hybrid_part1_1_prt_p1_2_prt_sp1"
psql:/path/sql_file:1: NOTICE:  CREATE TABLE will create partition "sync2_hybrid_part1_1_prt_p1_2_prt_sp1_3_prt_2" for table "sync2_hybrid_part1_1_prt_p1_2_prt_sp1"
psql:/path/sql_file:1: NOTICE:  CREATE TABLE will create partition "sync2_hybrid_part1_1_prt_p1_2_prt_sp1_3_prt_3" for table "sync2_hybrid_part1_1_prt_p1_2_prt_sp1"
psql:/path/sql_file:1: NOTICE:  CREATE TABLE will create partition "sync2_hybrid_part1_1_prt_p1_2_prt_sp1_3_prt_4" for table "sync2_hybrid_part1_1_prt_p1_2_prt_sp1"
psql:/path/sql_file:1: NOTICE:  CREATE TABLE will create partition "sync2_hybrid_part1_1_prt_p1_2_prt_sp2_3_prt_1" for table "sync2_hybrid_part1_1_prt_p1_2_prt_sp2"
psql:/path/sql_file:1: NOTICE:  CREATE TABLE will create partition "sync2_hybrid_part1_1_prt_p1_2_prt_sp2_3_prt_2" for table "sync2_hybrid_part1_1_prt_p1_2_prt_sp2"
psql:/path/sql_file:1: NOTICE:  CREATE TABLE will create partition "sync2_hybrid_part1_1_prt_p1_2_prt_sp2_3_prt_3" for table "sync2_hybrid_part1_1_prt_p1_2_prt_sp2"
psql:/path/sql_file:1: NOTICE:  CREATE TABLE will create partition "sync2_hybrid_part1_1_prt_p1_2_prt_sp2_3_prt_4" for table "sync2_hybrid_part1_1_prt_p1_2_prt_sp2"
psql:/path/sql_file:1: NOTICE:  CREATE TABLE will create partition "sync2_hybrid_part1_1_prt_p1_2_prt_sp3_3_prt_1" for table "sync2_hybrid_part1_1_prt_p1_2_prt_sp3"
psql:/path/sql_file:1: NOTICE:  CREATE TABLE will create partition "sync2_hybrid_part1_1_prt_p1_2_prt_sp3_3_prt_2" for table "sync2_hybrid_part1_1_prt_p1_2_prt_sp3"
psql:/path/sql_file:1: NOTICE:  CREATE TABLE will create partition "sync2_hybrid_part1_1_prt_p1_2_prt_sp3_3_prt_3" for table "sync2_hybrid_part1_1_prt_p1_2_prt_sp3"
psql:/path/sql_file:1: NOTICE:  CREATE TABLE will create partition "sync2_hybrid_part1_1_prt_p1_2_prt_sp3_3_prt_4" for table "sync2_hybrid_part1_1_prt_p1_2_prt_sp3"
psql:/path/sql_file:1: NOTICE:  CREATE TABLE will create partition "sync2_hybrid_part1_1_prt_p1_2_prt_sp4_3_prt_1" for table "sync2_hybrid_part1_1_prt_p1_2_prt_sp4"
psql:/path/sql_file:1: NOTICE:  CREATE TABLE will create partition "sync2_hybrid_part1_1_prt_p1_2_prt_sp4_3_prt_2" for table "sync2_hybrid_part1_1_prt_p1_2_prt_sp4"
psql:/path/sql_file:1: NOTICE:  CREATE TABLE will create partition "sync2_hybrid_part1_1_prt_p1_2_prt_sp4_3_prt_3" for table "sync2_hybrid_part1_1_prt_p1_2_prt_sp4"
psql:/path/sql_file:1: NOTICE:  CREATE TABLE will create partition "sync2_hybrid_part1_1_prt_p1_2_prt_sp4_3_prt_4" for table "sync2_hybrid_part1_1_prt_p1_2_prt_sp4"
psql:/path/sql_file:1: NOTICE:  CREATE TABLE will create partition "sync2_hybrid_part1_1_prt_p2_2_prt_sp1" for table "sync2_hybrid_part1_1_prt_p2"
psql:/path/sql_file:1: NOTICE:  CREATE TABLE will create partition "sync2_hybrid_part1_1_prt_p2_2_prt_sp2" for table "sync2_hybrid_part1_1_prt_p2"
psql:/path/sql_file:1: NOTICE:  CREATE TABLE will create partition "sync2_hybrid_part1_1_prt_p2_2_prt_sp3" for table "sync2_hybrid_part1_1_prt_p2"
psql:/path/sql_file:1: NOTICE:  CREATE TABLE will create partition "sync2_hybrid_part1_1_prt_p2_2_prt_sp4" for table "sync2_hybrid_part1_1_prt_p2"
psql:/path/sql_file:1: NOTICE:  CREATE TABLE will create partition "sync2_hybrid_part1_1_prt_p2_2_prt_sp1_3_prt_1" for table "sync2_hybrid_part1_1_prt_p2_2_prt_sp1"
psql:/path/sql_file:1: NOTICE:  CREATE TABLE will create partition "sync2_hybrid_part1_1_prt_p2_2_prt_sp1_3_prt_2" for table "sync2_hybrid_part1_1_prt_p2_2_prt_sp1"
psql:/path/sql_file:1: NOTICE:  CREATE TABLE will create partition "sync2_hybrid_part1_1_prt_p2_2_prt_sp1_3_prt_3" for table "sync2_hybrid_part1_1_prt_p2_2_prt_sp1"
psql:/path/sql_file:1: NOTICE:  CREATE TABLE will create partition "sync2_hybrid_part1_1_prt_p2_2_prt_sp1_3_prt_4" for table "sync2_hybrid_part1_1_prt_p2_2_prt_sp1"
psql:/path/sql_file:1: NOTICE:  CREATE TABLE will create partition "sync2_hybrid_part1_1_prt_p2_2_prt_sp2_3_prt_1" for table "sync2_hybrid_part1_1_prt_p2_2_prt_sp2"
psql:/path/sql_file:1: NOTICE:  CREATE TABLE will create partition "sync2_hybrid_part1_1_prt_p2_2_prt_sp2_3_prt_2" for table "sync2_hybrid_part1_1_prt_p2_2_prt_sp2"
psql:/path/sql_file:1: NOTICE:  CREATE TABLE will create partition "sync2_hybrid_part1_1_prt_p2_2_prt_sp2_3_prt_3" for table "sync2_hybrid_part1_1_prt_p2_2_prt_sp2"
psql:/path/sql_file:1: NOTICE:  CREATE TABLE will create partition "sync2_hybrid_part1_1_prt_p2_2_prt_sp2_3_prt_4" for table "sync2_hybrid_part1_1_prt_p2_2_prt_sp2"
psql:/path/sql_file:1: NOTICE:  CREATE TABLE will create partition "sync2_hybrid_part1_1_prt_p2_2_prt_sp3_3_prt_1" for table "sync2_hybrid_part1_1_prt_p2_2_prt_sp3"
psql:/path/sql_file:1: NOTICE:  CREATE TABLE will create partition "sync2_hybrid_part1_1_prt_p2_2_prt_sp3_3_prt_2" for table "sync2_hybrid_part1_1_prt_p2_2_prt_sp3"
psql:/path/sql_file:1: NOTICE:  CREATE TABLE will create partition "sync2_hybrid_part1_1_prt_p2_2_prt_sp3_3_prt_3" for table "sync2_hybrid_part1_1_prt_p2_2_prt_sp3"
psql:/path/sql_file:1: NOTICE:  CREATE TABLE will create partition "sync2_hybrid_part1_1_prt_p2_2_prt_sp3_3_prt_4" for table "sync2_hybrid_part1_1_prt_p2_2_prt_sp3"
psql:/path/sql_file:1: NOTICE:  CREATE TABLE will create partition "sync2_hybrid_part1_1_prt_p2_2_prt_sp4_3_prt_1" for table "sync2_hybrid_part1_1_prt_p2_2_prt_sp4"
psql:/path/sql_file:1: NOTICE:  CREATE TABLE will create partition "sync2_hybrid_part1_1_prt_p2_2_prt_sp4_3_prt_2" for table "sync2_hybrid_part1_1_prt_p2_2_prt_sp4"
psql:/path/sql_file:1: NOTICE:  CREATE TABLE will create partition "sync2_hybrid_part1_1_prt_p2_2_prt_sp4_3_prt_3" for table "sync2_hybrid_part1_1_prt_p2_2_prt_sp4"
psql:/path/sql_file:1: NOTICE:  CREATE TABLE will create partition "sync2_hybrid_part1_1_prt_p2_2_prt_sp4_3_prt_4" for table "sync2_hybrid_part1_1_prt_p2_2_prt_sp4"
CREATE TABLE
COPY sync2_hybrid_part1 FROM '/Users/aagrawal/workspace/5.0/gpdb/src/test/tinc/tincrepo/mpp/gpdb/tests/storage/filerep_end_to_end/hybrid_part.data' delimiter as '|';
COPY 10000
CREATE TABLE sync2_hybrid_part2 (
                PS_PARTKEY INTEGER,
                PS_SUPPKEY INTEGER,
                PS_AVAILQTY integer,
                PS_SUPPLYCOST decimal,
                PS_COMMENT VARCHAR(199)
                ) 
 partition by range (ps_supplycost)
 subpartition by range (ps_suppkey)
,subpartition by range (ps_partkey) subpartition template (start('1') end('200001') every(66666)
)
(
partition p1 start('1') end('20') inclusive
(
 subpartition sp1 start('1') end('3030')  WITH (checksum=false,   appendonly=true,blocksize=1171456,compresslevel=3),
 subpartition sp2 end('6096') inclusive,
 subpartition sp3   start('6096') exclusive end('7201') with (orientation='column',appendonly=true),
 subpartition sp4 end('10001')  WITH (checksum=false,appendonly=true,     blocksize=1171456,compresslevel=3)
), 
partition p2 end('1001') inclusive
(
subpartition sp1 start('1') ,        
subpartition sp2 start('4139') with (orientation='column',appendonly=true) ,
subpartition sp3 start('4685')  WITH (checksum=false,appendonly=true, blocksize=1171456,compresslevel=3) ,
subpartition sp4 start('5675') )
);
psql:/path/sql_file:1: NOTICE:  Table doesn't have 'DISTRIBUTED BY' clause -- Using column named 'ps_partkey' as the Greenplum Database data distribution key for this table.
HINT:  The 'DISTRIBUTED BY' clause determines the distribution of data. Make sure column(s) chosen are the optimal data distribution key to minimize skew.
psql:/path/sql_file:1: NOTICE:  CREATE TABLE will create partition "sync2_hybrid_part2_1_prt_p1" for table "sync2_hybrid_part2"
psql:/path/sql_file:1: NOTICE:  CREATE TABLE will create partition "sync2_hybrid_part2_1_prt_p2" for table "sync2_hybrid_part2"
psql:/path/sql_file:1: NOTICE:  CREATE TABLE will create partition "sync2_hybrid_part2_1_prt_p1_2_prt_sp1" for table "sync2_hybrid_part2_1_prt_p1"
psql:/path/sql_file:1: NOTICE:  CREATE TABLE will create partition "sync2_hybrid_part2_1_prt_p1_2_prt_sp2" for table "sync2_hybrid_part2_1_prt_p1"
psql:/path/sql_file:1: NOTICE:  CREATE TABLE will create partition "sync2_hybrid_part2_1_prt_p1_2_prt_sp3" for table "sync2_hybrid_part2_1_prt_p1"
psql:/path/sql_file:1: NOTICE:  CREATE TABLE will create partition "sync2_hybrid_part2_1_prt_p1_2_prt_sp4" for table "sync2_hybrid_part2_1_prt_p1"
psql:/path/sql_file:1: NOTICE:  CREATE TABLE will create partition "sync2_hybrid_part2_1_prt_p1_2_prt_sp1_3_prt_1" for table "sync2_hybrid_part2_1_prt_p1_2_prt_sp1"
psql:/path/sql_file:1: NOTICE:  CREATE TABLE will create partition "sync2_hybrid_part2_1_prt_p1_2_prt_sp1_3_prt_2" for table "sync2_hybrid_part2_1_prt_p1_2_prt_sp1"
psql:/path/sql_file:1: NOTICE:  CREATE TABLE will create partition "sync2_hybrid_part2_1_prt_p1_2_prt_sp1_3_prt_3" for table "sync2_hybrid_part2_1_prt_p1_2_prt_sp1"
psql:/path/sql_file:1: NOTICE:  CREATE TABLE will create partition "sync2_hybrid_part2_1_prt_p1_2_prt_sp1_3_prt_4" for table "sync2_hybrid_part2_1_prt_p1_2_prt_sp1"
psql:/path/sql_file:1: NOTICE:  CREATE TABLE will create partition "sync2_hybrid_part2_1_prt_p1_2_prt_sp2_3_prt_1" for table "sync2_hybrid_part2_1_prt_p1_2_prt_sp2"
psql:/path/sql_file:1: NOTICE:  CREATE TABLE will create partition "sync2_hybrid_part2_1_prt_p1_2_prt_sp2_3_prt_2" for table "sync2_hybrid_part2_1_prt_p1_2_prt_sp2"
psql:/path/sql_file:1: NOTICE:  CREATE TABLE will create partition "sync2_hybrid_part2_1_prt_p1_2_prt_sp2_3_prt_3" for table "sync2_hybrid_part2_1_prt_p1_2_prt_sp2"
psql:/path/sql_file:1: NOTICE:  CREATE TABLE will create partition "sync2_hybrid_part2_1_prt_p1_2_prt_sp2_3_prt_4" for table "sync2_hybrid_part2_1_prt_p1_2_prt_sp2"
psql:/path/sql_file:1: NOTICE:  CREATE TABLE will create partition "sync2_hybrid_part2_1_prt_p1_2_prt_sp3_3_prt_1" for table "sync2_hybrid_part2_1_prt_p1_2_prt_sp3"
psql:/path/sql_file:1: NOTICE:  CREATE TABLE will create partition "sync2_hybrid_part2_1_prt_p1_2_prt_sp3_3_prt_2" for table "sync2_hybrid_part2_1_prt_p1_2_prt_sp3"
psql:/path/sql_file:1: NOTICE:  CREATE TABLE will create partition "sync2_hybrid_part2_1_prt_p1_2_prt_sp3_3_prt_3" for table "sync2_hybrid_part2_1_prt_p1_2_prt_sp3"
psql:/path/sql_file:1: NOTICE:  CREATE TABLE will create partition "sync2_hybrid_part2_1_prt_p1_2_prt_sp3_3_prt_4" for table "sync2_hybrid_part2_1_prt_p1_2_prt_sp3"
psql:/path/sql_file:1: NOTICE:  CREATE TABLE will create partition "sync2_hybrid_part2_1_prt_p1_2_prt_sp4_3_prt_1" for table "sync2_hybrid_part2_1_prt_p1_2_prt_sp4"
psql:/path/sql_file:1: NOTICE:  CREATE TABLE will create partition "sync2_hybrid_part2_1_prt_p1_2_prt_sp4_3_prt_2" for table "sync2_hybrid_part2_1_prt_p1_2_prt_sp4"
psql:/path/sql_file:1: NOTICE:  CREATE TABLE will create partition "sync2_hybrid_part2_1_prt_p1_2_prt_sp4_3_prt_3" for table "sync2_hybrid_part2_1_prt_p1_2_prt_sp4"
psql:/path/sql_file:1: NOTICE:  CREATE TABLE will create partition "sync2_hybrid_part2_1_prt_p1_2_prt_sp4_3_prt_4" for table "sync2_hybrid_part2_1_prt_p1_2_prt_sp4"
psql:/path/sql_file:1: NOTICE:  CREATE TABLE will create partition "sync2_hybrid_part2_1_prt_p2_2_prt_sp1" for table "sync2_hybrid_part2_1_prt_p2"
psql:/path/sql_file:1: NOTICE:  CREATE TABLE will create partition "sync2_hybrid_part2_1_prt_p2_2_prt_sp2" for table "sync2_hybrid_part2_1_prt_p2"
psql:/path/sql_file:1: NOTICE:  CREATE TABLE will create partition "sync2_hybrid_part2_1_prt_p2_2_prt_sp3" for table "sync2_hybrid_part2_1_prt_p2"
psql:/path/sql_file:1: NOTICE:  CREATE TABLE will create partition "sync2_hybrid_part2_1_prt_p2_2_prt_sp4" for table "sync2_hybrid_part2_1_prt_p2"
psql:/path/sql_file:1: NOTICE:  CREATE TABLE will create partition "sync2_hybrid_part2_1_prt_p2_2_prt_sp1_3_prt_1" for table "sync2_hybrid_part2_1_prt_p2_2_prt_sp1"
psql:/path/sql_file:1: NOTICE:  CREATE TABLE will create partition "sync2_hybrid_part2_1_prt_p2_2_prt_sp1_3_prt_2" for table "sync2_hybrid_part2_1_prt_p2_2_prt_sp1"
psql:/path/sql_file:1: NOTICE:  CREATE TABLE will create partition "sync2_hybrid_part2_1_prt_p2_2_prt_sp1_3_prt_3" for table "sync2_hybrid_part2_1_prt_p2_2_prt_sp1"
psql:/path/sql_file:1: NOTICE:  CREATE TABLE will create partition "sync2_hybrid_part2_1_prt_p2_2_prt_sp1_3_prt_4" for table "sync2_hybrid_part2_1_prt_p2_2_prt_sp1"
psql:/path/sql_file:1: NOTICE:  CREATE TABLE will create partition "sync2_hybrid_part2_1_prt_p2_2_prt_sp2_3_prt_1" for table "sync2_hybrid_part2_1_prt_p2_2_prt_sp2"
psql:/path/sql_file:1: NOTICE:  CREATE TABLE will create partition "sync2_hybrid_part2_1_prt_p2_2_prt_sp2_3_prt_2" for table "sync2_hybrid_part2_1_prt_p2_2_prt_sp2"
psql:/path/sql_file:1: NOTICE:  CREATE TABLE will create partition "sync2_hybrid_part2_1_prt_p2_2_prt_sp2_3_prt_3" for table "sync2_hybrid_part2_1_prt_p2_2_prt_sp2"
psql:/path/sql_file:1: NOTICE:  CREATE TABLE will create partition "sync2_hybrid_part2_1_prt_p2_2_prt_sp2_3_prt_4" for table "sync2_hybrid_part2_1_prt_p2_2_prt_sp2"
psql:/path/sql_file:1: NOTICE:  CREATE TABLE will create partition "sync2_hybrid_part2_1_prt_p2_2_prt_sp3_3_prt_1" for table "sync2_hybrid_part2_1_prt_p2_2_prt_sp3"
psql:/path/sql_file:1: NOTICE:  CREATE TABLE will create partition "sync2_hybrid_part2_1_prt_p2_2_prt_sp3_3_prt_2" for table "sync2_hybrid_part2_1_prt_p2_2_prt_sp3"
psql:/path/sql_file:1: NOTICE:  CREATE TABLE will create partition "sync2_hybrid_part2_1_prt_p2_2_prt_sp3_3_prt_3" for table "sync2_hybrid_part2_1_prt_p2_2_prt_sp3"
psql:/path/sql_file:1: NOTICE:  CREATE TABLE will create partition "sync2_hybrid_part2_1_prt_p2_2_prt_sp3_3_prt_4" for table "sync2_hybrid_part2_1_prt_p2_2_prt_sp3"
psql:/path/sql_file:1: NOTICE:  CREATE TABLE will create partition "sync2_hybrid_part2_1_prt_p2_2_prt_sp4_3_prt_1" for table "sync2_hybrid_part2_1_prt_p2_2_prt_sp4"
psql:/path/sql_file:1: NOTICE:  CREATE TABLE will create partition "sync2_hybrid_part2_1_prt_p2_2_prt_sp4_3_prt_2" for table "sync2_hybrid_part2_1_prt_p2_2_prt_sp4"
psql:/path/sql_file:1: NOTICE:  CREATE TABLE will create partition "sync2_hybrid_part2_1_prt_p2_2_prt_sp4_3_prt_3" for table "sync2_hybrid_part2_1_prt_p2_2_prt_sp4"
psql:/path/sql_file:1: NOTICE:  CREATE TABLE will create partition "sync2_hybrid_part2_1_prt_p2_2_prt_sp4_3_prt_4" for table "sync2_hybrid_part2_1_prt_p2_2_prt_sp4"
CREATE TABLE
COPY sync2_hybrid_part2 FROM '/Users/aagrawal/workspace/5.0/gpdb/src/test/tinc/tincrepo/mpp/gpdb/tests/storage/filerep_end_to_end/hybrid_part.data' delimiter as '|';
COPY 10000
DROP TABLE sync1_hybrid_part7;
DROP TABLE
DROP TABLE ck_sync1_hybrid_part6;
DROP TABLE
DROP TABLE ct_hybrid_part4;
DROP TABLE
DROP TABLE resync_hybrid_part2;
DROP TABLE
DROP TABLE sync2_hybrid_part1;
DROP TABLE
