CREATE TABLE sync2_co_vacuum1(
text_col text,
bigint_col bigint,
char_vary_col character varying(30),
numeric_col numeric,
int_col int4,
float_col float4,
int_array_col int[],
drop_col numeric,
before_rename_col int4,
change_datatype_col numeric,
a_ts_without timestamp without time zone,
b_ts_with timestamp with time zone,
date_column date) with ( appendonly='true', orientation='column')  distributed randomly;
CREATE TABLE
INSERT INTO sync2_co_vacuum1 values ('0_zero', 0, '0_zero', 0, 0, 0, '{0}', 0, 0, 0, '2004-10-19 10:23:54', '2004-10-19 10:23:54+02', '1-1-2000');
INSERT 0 1
INSERT INTO sync2_co_vacuum1 values ('1_zero', 1, '1_zero', 1, 1, 1, '{1}', 1, 1, 1, '2005-10-19 10:23:54', '2005-10-19 10:23:54+02', '1-1-2001');
INSERT 0 1
INSERT INTO sync2_co_vacuum1 values ('2_zero', 2, '2_zero', 2, 2, 2, '{2}', 2, 2, 2, '2006-10-19 10:23:54', '2006-10-19 10:23:54+02', '1-1-2002');
INSERT 0 1
INSERT INTO sync2_co_vacuum1 select i||'_'||repeat('text',100),i,i||'_'||repeat('text',3),i,i,i,'{3}',i,i,i,'2006-10-19 10:23:54', '2006-10-19 10:23:54+02', '1-1-2002' from generate_series(3,100)i;
INSERT 0 98
ALTER TABLE sync2_co_vacuum1 ADD COLUMN added_col character varying(30) default 'test_value';
ALTER TABLE
ALTER TABLE sync2_co_vacuum1 DROP COLUMN drop_col ;
ALTER TABLE
ALTER TABLE sync2_co_vacuum1 RENAME COLUMN before_rename_col TO after_rename_col;
ALTER TABLE
ALTER TABLE sync2_co_vacuum1 ALTER COLUMN change_datatype_col TYPE int4;
ALTER TABLE
ALTER TABLE sync2_co_vacuum1 set with ( reorganize='true') distributed by (int_col);
ALTER TABLE
INSERT INTO sync2_co_vacuum1 values ('1_zero', 1, '1_zero', 1, 1, 1, '{1}',  1, 1, '2005-10-19 10:23:54', '2005-10-19 10:23:54+02', '1-1-2001');
INSERT 0 1
INSERT INTO sync2_co_vacuum1 values ('2_zero', 2, '2_zero', 2, 2, 2, '{2}',  2, 2, '2006-10-19 10:23:54', '2006-10-19 10:23:54+02', '1-1-2002');
INSERT 0 1
INSERT INTO sync2_co_vacuum1 values ('3_zero', 3, '3_zero', 0, 0, 0, '{0}',  0, 0, '2004-10-19 10:23:54', '2004-10-19 10:23:54+02', '1-1-2000');
INSERT 0 1
CREATE TABLE sync2_co_vacuum2(
text_col text,
bigint_col bigint,
char_vary_col character varying(30),
numeric_col numeric,
int_col int4,
float_col float4,
int_array_col int[],
drop_col numeric,
before_rename_col int4,
change_datatype_col numeric,
a_ts_without timestamp without time zone,
b_ts_with timestamp with time zone,
date_column date) with ( appendonly='true', orientation='column')  distributed randomly;
CREATE TABLE
INSERT INTO sync2_co_vacuum2 values ('0_zero', 0, '0_zero', 0, 0, 0, '{0}', 0, 0, 0, '2004-10-19 10:23:54', '2004-10-19 10:23:54+02', '1-1-2000');
INSERT 0 1
INSERT INTO sync2_co_vacuum2 values ('1_zero', 1, '1_zero', 1, 1, 1, '{1}', 1, 1, 1, '2005-10-19 10:23:54', '2005-10-19 10:23:54+02', '1-1-2001');
INSERT 0 1
INSERT INTO sync2_co_vacuum2 values ('2_zero', 2, '2_zero', 2, 2, 2, '{2}', 2, 2, 2, '2006-10-19 10:23:54', '2006-10-19 10:23:54+02', '1-1-2002');
INSERT 0 1
INSERT INTO sync2_co_vacuum2 select i||'_'||repeat('text',100),i,i||'_'||repeat('text',3),i,i,i,'{3}',i,i,i,'2006-10-19 10:23:54', '2006-10-19 10:23:54+02', '1-1-2002' from generate_series(3,100)i;
INSERT 0 98
ALTER TABLE sync2_co_vacuum2 ADD COLUMN added_col character varying(30) default 'test_value';
ALTER TABLE
ALTER TABLE sync2_co_vacuum2 DROP COLUMN drop_col ;
ALTER TABLE
ALTER TABLE sync2_co_vacuum2 RENAME COLUMN before_rename_col TO after_rename_col;
ALTER TABLE
ALTER TABLE sync2_co_vacuum2 ALTER COLUMN change_datatype_col TYPE int4;
ALTER TABLE
ALTER TABLE sync2_co_vacuum2 set with ( reorganize='true') distributed by (int_col);
ALTER TABLE
INSERT INTO sync2_co_vacuum2 values ('1_zero', 1, '1_zero', 1, 1, 1, '{1}',  1, 1, '2005-10-19 10:23:54', '2005-10-19 10:23:54+02', '1-1-2001');
INSERT 0 1
INSERT INTO sync2_co_vacuum2 values ('2_zero', 2, '2_zero', 2, 2, 2, '{2}',  2, 2, '2006-10-19 10:23:54', '2006-10-19 10:23:54+02', '1-1-2002');
INSERT 0 1
INSERT INTO sync2_co_vacuum2 values ('3_zero', 3, '3_zero', 0, 0, 0, '{0}',  0, 0, '2004-10-19 10:23:54', '2004-10-19 10:23:54+02', '1-1-2000');
INSERT 0 1
VACUUM sync1_co_vacuum7;
VACUUM
VACUUM ck_sync1_co_vacuum6;
VACUUM
VACUUM ct_co_vacuum4;
VACUUM
VACUUM resync_co_vacuum2;
VACUUM
VACUUM sync2_co_vacuum1;
VACUUM
