-- @Description Tests the udf for truncate
-- And also: It tests truncate using the user-defined functions.
-- 

DELETE FROM foo WHERE a IN (1, 2, 3, 5, 8, 13, 21);
DELETE 7
TRUNCATE foo;
TRUNCATE
2U: SELECT * FROM gp_aovisimap_name('foo');
tid|segno|row_num
---+-----+-------
(0 rows)
2U: SELECT * FROM gp_aovisimap_entry_name('foo');
sego|first_row_num|hiddentupcount|bitmap
----+-------------+--------------+------
(0 rows)
2U: SELECT * FROM gp_aovisimap_hidden_info_name('foo');
segno|hidden_tupcount|total_tupcount
-----+---------------+--------------
(0 rows)
