-- start_ignore
-- end_ignore
-- Test 1: scans in window queries with and without seg reject limit reached
DROP EXTERNAL TABLE IF EXISTS exttab_windows_1;
DROP EXTERNAL TABLE
DROP EXTERNAL TABLE IF EXISTS exttab_windows_2;
DROP EXTERNAL TABLE
-- Generate the file with very few errors
\! python @script@ 10 2 > @data_dir@/exttab_windows_1.tbl
-- does not reach reject limit
CREATE EXTERNAL TABLE exttab_windows_1( i int, j text ) 
LOCATION ('gpfdist://@host@:@port@/exttab_windows_1.tbl') FORMAT 'TEXT' (DELIMITER '|') 
LOG ERRORS SEGMENT REJECT LIMIT 10;
CREATE EXTERNAL TABLE
-- Generate the file with lot of errors
\! python @script@ 200 50 > @data_dir@/exttab_windows_2.tbl
-- reaches reject limit
CREATE EXTERNAL TABLE exttab_windows_2( i int, j text ) 
LOCATION ('gpfdist://@host@:@port@/exttab_windows_2.tbl') FORMAT 'TEXT' (DELIMITER '|') 
LOG ERRORS SEGMENT REJECT LIMIT 2;
CREATE EXTERNAL TABLE
-- without reaching segment reject limit
with cte1 as(
 select t1.i as i,
        sum(t2.i) sum_i,
        avg(sum(t2.i)) over
          (partition by t2.j)
          avg_j,
        rank() over
          (partition by t2.j order by t1.j) rnk_j
 from exttab_windows_1 t1, exttab_windows_1 t2
 where t1.i = t2.i
 group by t1.i,t2.j,t1.j
),
cte2 as
(
 select t1.i as i,
        sum(t2.i) sum_i,
        avg(sum(t2.i)) over
          (partition by t2.j)
          avg_j,
        rank() over
          (partition by t2.j order by t1.j) rnk_j
 from exttab_windows_1 t1, exttab_windows_1 t2
 where t1.i = t2.i
 group by t1.i, t2.j, t1.j
)
SELECT * FROM cte1 c1, cte2 c2
WHERE c1.i = c2.i
ORDER BY c1.i
limit 5;
 i | sum_i | avg_j | rnk_j | i | sum_i | avg_j | rnk_j 
---+-------+-------+-------+---+-------+-------+-------
 0 |     0 |     0 |     1 | 0 |     0 |     0 |     1
 1 |     1 |     1 |     1 | 1 |     1 |     1 |     1
 4 |     4 |     4 |     1 | 4 |     4 |     4 |     1
 5 |     5 |     5 |     1 | 5 |     5 |     5 |     1
 6 |     6 |     6 |     1 | 6 |     6 |     6 |     1
(5 rows)

SELECT relname,linenum,errmsg,rawdata FROM gp_read_error_log('exttab_windows_1') ORDER BY linenum LIMIT 2;
     relname      | linenum |           errmsg            | rawdata 
------------------+---------+-----------------------------+---------
 exttab_windows_1 |       3 | missing data for column "j" | error_0
 exttab_windows_1 |       3 | missing data for column "j" | error_0
(2 rows)

-- with reaching segment reject limit
SELECT gp_truncate_error_log('exttab_windows_1');
 gp_truncate_error_log 
-----------------------
 t
(1 row)

SELECT gp_truncate_error_log('exttab_windows_2');
 gp_truncate_error_log 
-----------------------
 t
(1 row)

with cte1 as(
 select t1.i as i,
        sum(t2.i) sum_i,
        avg(sum(t2.i)) over
          (partition by t2.j)
          avg_j,
        rank() over
          (partition by t2.j order by t1.j) rnk_j
 from exttab_windows_1 t1, exttab_windows_2 t2
 where t1.i = t2.i
 group by t1.i,t2.j,t1.j
),
cte2 as
(
 select t1.i as i,
        sum(t2.i) sum_i,
        avg(sum(t2.i)) over
          (partition by t2.j)
          avg_j,
        rank() over
          (partition by t2.j order by t1.j) rnk_j
 from exttab_windows_1 t1, exttab_windows_2 t2
 where t1.i = t2.i
 group by t1.i, t2.j, t1.j
)
SELECT * FROM cte1 c1, cte2 c2
WHERE c1.i = c2.i
ORDER BY c1.i
limit 5;
psql:/path/sql_file:1: ERROR:  Segment reject limit reached. Aborting operation. Last error was: missing data for column "j"  (seg0 slice6 @host@:40000 pid=8734)
DETAIL:  External table exttab_windows_2, line 6 of gpfdist://@host@:@port@/exttab_windows_2.tbl: "error_1"
SELECT COUNT(*) > 0 
FROM
(
SELECT * FROM gp_read_error_log('exttab_windows_1')
UNION ALL
SELECT * FROM gp_read_error_log('exttab_windows_2')
) FOO;
 ?column? 
----------
 t
(1 row)

