-- @author elhela
-- @created 2014-10-22 12:00:00 
-- @modified 2014-10-22 12:00:00
-- @description Tests for DML with triggers (MPP-24827, GPSQL-2934)
-- @tags MPP-24827 GPSQL-2934 ORCA HAWQ
-- @product_version gpdb: [4.3.3.0-], hawq: [1.2.2.0-]
-- @optimizer_mode on
-- @gpopt 1.504
SELECT * FROM dml_trigger_table order by 2;
 name | age | updated_by 
------+-----+------------
 TEST |  10 | a
(1 row)

\!sed -n '/Planner/p' %MYD%/output/child_part_fallback_orca.out
psql:%MYD%/output/child_part_fallback_orca.sql:18: LOG:  Planner produced plan :0
\!sed -n '/Planner/p' %MYD%/output/child_part_fallback_orca.out
