-- @Description Ensures that a vacuum during reindex operations is ok
--

DELETE FROM reindex_ao WHERE a < 128;
DELETE 254
1: BEGIN;
BEGIN
-- Remember index relfilenodes from master and segments before
-- reindex.
1: create temp table old_relfilenodes as (select gp_segment_id as dbid, relfilenode, oid, relname from gp_dist_random('pg_class') where relname = 'idx_bitmap_reindex_ao' union all select gp_segment_id as dbid, relfilenode, oid, relname from pg_class where relname = 'idx_bitmap_reindex_ao');
CREATE 3
1: REINDEX index idx_bitmap_reindex_ao;
REINDEX
2&: VACUUM reindex_ao;  <waiting ...>
1: COMMIT;
COMMIT
2<:  <... completed>
VACUUM
-- Validate that reindex changed all index relfilenodes on master as well as
-- segments.  The following query should return 0 tuples.
1: select oldrels.* from old_relfilenodes oldrels join (select gp_segment_id as dbid, relfilenode, relname from gp_dist_random('pg_class') where relname = 'idx_bitmap_reindex_ao' union all select gp_segment_id as dbid, relfilenode, relname from pg_class where relname = 'idx_bitmap_reindex_ao') newrels on oldrels.relfilenode = newrels.relfilenode and oldrels.dbid = newrels.dbid and oldrels.relname = newrels.relname;
dbid|relfilenode|oid|relname
----+-----------+---+-------
(0 rows)
2: COMMIT;
COMMIT
3: SELECT COUNT(*) FROM reindex_ao WHERE a = 1500;
count
-----
0    
(1 row)
3: INSERT INTO reindex_ao VALUES (0);
INSERT 1
