-- start_ignore
select * from pg_trigger;
 tgrelid |         tgname          | tgfoid | tgtype | tgenabled | tgisconstraint | tgconstrname | tgconstrrelid | tgdeferrable | tginitdeferred | tgnargs | tgattr | tgargs 
---------+-------------------------+--------+--------+-----------+----------------+--------------+---------------+--------------+----------------+---------+--------+--------
    1262 | pg_sync_pg_database     |   1689 |     28 | t         | f              |              |             0 | f            | f              |       0 |        | 
    1260 | pg_sync_pg_authid       |   1689 |     28 | t         | f              |              |             0 | f            | f              |       0 |        | 
    1261 | pg_sync_pg_auth_members |   1689 |     28 | t         | f              |              |             0 | f            | f              |       0 |        | 
(3 rows)

-- end_ignore
