-- start_ignore
-- end_ignore
CREATE TABLE mpp6297 (trans_id int, date date, amount
decimal(9,2), region text)
DISTRIBUTED BY (trans_id)
PARTITION BY RANGE (date)
( START (date '2008-01-01') INCLUSIVE
   END (date '2009-01-01') EXCLUSIVE
   EVERY (INTERVAL '1 month') );
psql:/path/sql_file:1: NOTICE:  CREATE TABLE will create partition "mpp6297_1_prt_1" for table "mpp6297"
psql:/path/sql_file:1: NOTICE:  CREATE TABLE will create partition "mpp6297_1_prt_2" for table "mpp6297"
psql:/path/sql_file:1: NOTICE:  CREATE TABLE will create partition "mpp6297_1_prt_3" for table "mpp6297"
psql:/path/sql_file:1: NOTICE:  CREATE TABLE will create partition "mpp6297_1_prt_4" for table "mpp6297"
psql:/path/sql_file:1: NOTICE:  CREATE TABLE will create partition "mpp6297_1_prt_5" for table "mpp6297"
psql:/path/sql_file:1: NOTICE:  CREATE TABLE will create partition "mpp6297_1_prt_6" for table "mpp6297"
psql:/path/sql_file:1: NOTICE:  CREATE TABLE will create partition "mpp6297_1_prt_7" for table "mpp6297"
psql:/path/sql_file:1: NOTICE:  CREATE TABLE will create partition "mpp6297_1_prt_8" for table "mpp6297"
psql:/path/sql_file:1: NOTICE:  CREATE TABLE will create partition "mpp6297_1_prt_9" for table "mpp6297"
psql:/path/sql_file:1: NOTICE:  CREATE TABLE will create partition "mpp6297_1_prt_10" for table "mpp6297"
psql:/path/sql_file:1: NOTICE:  CREATE TABLE will create partition "mpp6297_1_prt_11" for table "mpp6297"
psql:/path/sql_file:1: NOTICE:  CREATE TABLE will create partition "mpp6297_1_prt_12" for table "mpp6297"
CREATE TABLE
ALTER TABLE mpp6297 SPLIT PARTITION FOR ('2008-01-01')
AT ('2008-01-16')
INTO (PARTITION jan081to15, PARTITION jan0816to31);
psql:/path/sql_file:1: NOTICE:  CREATE TABLE will create partition "mpp6297_1_prt_jan081to15" for table "mpp6297"
psql:/path/sql_file:1: NOTICE:  CREATE TABLE will create partition "mpp6297_1_prt_jan0816to31" for table "mpp6297"
ALTER TABLE
ALTER TABLE mpp6297 ADD DEFAULT PARTITION other;
psql:/path/sql_file:1: NOTICE:  CREATE TABLE will create partition "mpp6297_1_prt_other" for table "mpp6297"
ALTER TABLE
ALTER TABLE mpp6297 SPLIT DEFAULT PARTITION
START ('2009-01-01') INCLUSIVE
END ('2009-02-01') EXCLUSIVE
INTO (PARTITION jan09, PARTITION other);
psql:/path/sql_file:1: NOTICE:  exchanged partition "other" of relation "mpp6297" with relation "pg_temp_6200812"
psql:/path/sql_file:1: NOTICE:  dropped partition "other" for relation "mpp6297"
psql:/path/sql_file:1: NOTICE:  CREATE TABLE will create partition "mpp6297_1_prt_jan09" for table "mpp6297"
psql:/path/sql_file:1: NOTICE:  CREATE TABLE will create partition "mpp6297_1_prt_other" for table "mpp6297"
ALTER TABLE
-- Uses pg_get_partition_def for pg_dump and gp_dump
select pg_get_partition_def('mpp6297'::regclass, true, true);
                                                                 pg_get_partition_def                                                                  
-------------------------------------------------------------------------------------------------------------------------------------------------------
 PARTITION BY RANGE(date)                                                                                                                              
           (                                                                                                                                           
           PARTITION jan081to15 START ('2008-01-01'::date) END ('2008-01-16'::date) WITH (tablename='mpp6297_1_prt_jan081to15', appendonly=false ),    
           PARTITION jan0816to31 START ('2008-01-16'::date) END ('2008-02-01'::date) WITH (tablename='mpp6297_1_prt_jan0816to31', appendonly=false ),  
           START ('2008-02-01'::date) END ('2008-03-01'::date) EVERY ('1 mon'::interval) WITH (tablename='mpp6297_1_prt_2', appendonly=false ),        
           START ('2008-03-01'::date) END ('2008-04-01'::date) EVERY ('1 mon'::interval) WITH (tablename='mpp6297_1_prt_3', appendonly=false ),        
           START ('2008-04-01'::date) END ('2008-05-01'::date) EVERY ('1 mon'::interval) WITH (tablename='mpp6297_1_prt_4', appendonly=false ),        
           START ('2008-05-01'::date) END ('2008-06-01'::date) EVERY ('1 mon'::interval) WITH (tablename='mpp6297_1_prt_5', appendonly=false ),        
           START ('2008-06-01'::date) END ('2008-07-01'::date) EVERY ('1 mon'::interval) WITH (tablename='mpp6297_1_prt_6', appendonly=false ),        
           START ('2008-07-01'::date) END ('2008-08-01'::date) EVERY ('1 mon'::interval) WITH (tablename='mpp6297_1_prt_7', appendonly=false ),        
           START ('2008-08-01'::date) END ('2008-09-01'::date) EVERY ('1 mon'::interval) WITH (tablename='mpp6297_1_prt_8', appendonly=false ),        
           START ('2008-09-01'::date) END ('2008-10-01'::date) EVERY ('1 mon'::interval) WITH (tablename='mpp6297_1_prt_9', appendonly=false ),        
           START ('2008-10-01'::date) END ('2008-11-01'::date) EVERY ('1 mon'::interval) WITH (tablename='mpp6297_1_prt_10', appendonly=false ),       
           START ('2008-11-01'::date) END ('2008-12-01'::date) EVERY ('1 mon'::interval) WITH (tablename='mpp6297_1_prt_11', appendonly=false ),       
           START ('2008-12-01'::date) END ('2009-01-01'::date) EVERY ('1 mon'::interval) WITH (tablename='mpp6297_1_prt_12', appendonly=false ),       
           PARTITION jan09 START ('2009-01-01'::date) END ('2009-02-01'::date) WITH (tablename='mpp6297_1_prt_jan09', appendonly=false ),              
           DEFAULT PARTITION other  WITH (tablename='mpp6297_1_prt_other', appendonly=false )                                                          
           )
(1 row)

\! pg_dump -t mpp6297 -s -O @DBNAME@ > @abs_srcdir@/output//mpp6297-pg_dump.out
drop table mpp6297;
DROP TABLE
