-- start_ignore
-- end_ignore
-- MPP-7661
-- create, dump, drop, recreate table
-- Johnny Soedomo
CREATE TABLE MPP_7661_LINEITEM (
                L_ORDERKEY INT8,
                L_PARTKEY INTEGER,
                L_SUPPKEY INTEGER,
                L_LINENUMBER integer,
                L_QUANTITY decimal,
                L_EXTENDEDPRICE decimal,
                L_DISCOUNT decimal,
                L_TAX decimal,
                L_RETURNFLAG CHAR(1),
                L_LINESTATUS CHAR(1),
                L_SHIPDATE date,
                L_COMMITDATE date,
                L_RECEIPTDATE date,
                L_SHIPINSTRUCT CHAR(25),
                L_SHIPMODE CHAR(10),
                L_COMMENT VARCHAR(44)
                )
partition by range (l_commitdate) 
(
partition p1 start('1992-01-31') end('1998-11-01') every(interval '13 months')
);
psql:/path/sql_file:1: NOTICE:  Table doesn't have 'DISTRIBUTED BY' clause -- Using column named 'l_orderkey' as the Greenplum Database data distribution key for this table.
HINT:  The 'DISTRIBUTED BY' clause determines the distribution of data. Make sure column(s) chosen are the optimal data distribution key to minimize skew.
psql:/path/sql_file:1: NOTICE:  CREATE TABLE will create partition "mpp_7661_lineitem_1_prt_p1_1" for table "mpp_7661_lineitem"
psql:/path/sql_file:1: NOTICE:  CREATE TABLE will create partition "mpp_7661_lineitem_1_prt_p1_2" for table "mpp_7661_lineitem"
psql:/path/sql_file:1: NOTICE:  CREATE TABLE will create partition "mpp_7661_lineitem_1_prt_p1_3" for table "mpp_7661_lineitem"
psql:/path/sql_file:1: NOTICE:  CREATE TABLE will create partition "mpp_7661_lineitem_1_prt_p1_4" for table "mpp_7661_lineitem"
psql:/path/sql_file:1: NOTICE:  CREATE TABLE will create partition "mpp_7661_lineitem_1_prt_p1_5" for table "mpp_7661_lineitem"
psql:/path/sql_file:1: NOTICE:  CREATE TABLE will create partition "mpp_7661_lineitem_1_prt_p1_6" for table "mpp_7661_lineitem"
psql:/path/sql_file:1: NOTICE:  CREATE TABLE will create partition "mpp_7661_lineitem_1_prt_p1_7" for table "mpp_7661_lineitem"
CREATE TABLE
select * from pg_partitions where tablename='mpp_7661_lineitem' order by partitionposition;
 schemaname |     tablename     | partitionschemaname |      partitiontablename      | partitionname | parentpartitiontablename | parentpartitionname | partitiontype | partitionlevel | partitionrank | partitionposition | partitionlistvalues | partitionrangestart | partitionstartinclusive | partitionrangeend  | partitionendinclusive |   partitioneveryclause   | partitionisdefault |                                          partitionboundary                                          | parenttablespace | partitiontablespace 
------------+-------------------+---------------------+------------------------------+---------------+--------------------------+---------------------+---------------+----------------+---------------+-------------------+---------------------+---------------------+-------------------------+--------------------+-----------------------+--------------------------+--------------------+-----------------------------------------------------------------------------------------------------+------------------+---------------------
 public     | mpp_7661_lineitem | public              | mpp_7661_lineitem_1_prt_p1_1 | p1_1          |                          |                     | range         |              0 |             1 |                 1 |                     | '1992-01-31'::date  | t                       | '1993-02-28'::date | f                     | '1 year 1 mon'::interval | f                  | PARTITION p1_1 START ('1992-01-31'::date) END ('1993-02-28'::date) EVERY ('1 year 1 mon'::interval) | pg_default       | pg_default
 public     | mpp_7661_lineitem | public              | mpp_7661_lineitem_1_prt_p1_2 | p1_2          |                          |                     | range         |              0 |             2 |                 2 |                     | '1993-02-28'::date  | t                       | '1994-03-31'::date | f                     | '1 year 1 mon'::interval | f                  | PARTITION p1_2 START ('1993-02-28'::date) END ('1994-03-31'::date) EVERY ('1 year 1 mon'::interval) | pg_default       | pg_default
 public     | mpp_7661_lineitem | public              | mpp_7661_lineitem_1_prt_p1_3 | p1_3          |                          |                     | range         |              0 |             3 |                 3 |                     | '1994-03-31'::date  | t                       | '1995-04-30'::date | f                     | '1 year 1 mon'::interval | f                  | PARTITION p1_3 START ('1994-03-31'::date) END ('1995-04-30'::date) EVERY ('1 year 1 mon'::interval) | pg_default       | pg_default
 public     | mpp_7661_lineitem | public              | mpp_7661_lineitem_1_prt_p1_4 | p1_4          |                          |                     | range         |              0 |             4 |                 4 |                     | '1995-04-30'::date  | t                       | '1996-05-31'::date | f                     | '1 year 1 mon'::interval | f                  | PARTITION p1_4 START ('1995-04-30'::date) END ('1996-05-31'::date) EVERY ('1 year 1 mon'::interval) | pg_default       | pg_default
 public     | mpp_7661_lineitem | public              | mpp_7661_lineitem_1_prt_p1_5 | p1_5          |                          |                     | range         |              0 |             5 |                 5 |                     | '1996-05-31'::date  | t                       | '1997-06-30'::date | f                     | '1 year 1 mon'::interval | f                  | PARTITION p1_5 START ('1996-05-31'::date) END ('1997-06-30'::date) EVERY ('1 year 1 mon'::interval) | pg_default       | pg_default
 public     | mpp_7661_lineitem | public              | mpp_7661_lineitem_1_prt_p1_6 | p1_6          |                          |                     | range         |              0 |             6 |                 6 |                     | '1997-06-30'::date  | t                       | '1998-07-31'::date | f                     | '1 year 1 mon'::interval | f                  | PARTITION p1_6 START ('1997-06-30'::date) END ('1998-07-31'::date) EVERY ('1 year 1 mon'::interval) | pg_default       | pg_default
 public     | mpp_7661_lineitem | public              | mpp_7661_lineitem_1_prt_p1_7 | p1_7          |                          |                     | range         |              0 |             7 |                 7 |                     | '1998-07-31'::date  | t                       | '1998-11-01'::date | f                     | '1 year 1 mon'::interval | f                  | PARTITION p1_7 START ('1998-07-31'::date) END ('1998-11-01'::date) EVERY ('1 year 1 mon'::interval) | pg_default       | pg_default
(7 rows)

\! pg_dump --no-owner -d @DBNAME@ -t mpp_7661_lineitem -f @abs_srcdir@/output//mpp7661-dump.out
 --inserts is preferred over -d.  -d is deprecated.
drop table mpp_7661_lineitem;
DROP TABLE
-- pg_dump seems to backup all the trusted protocols in the schema as well even with -t option even if the table 
-- does not depend on those protocols. Hence this test keeps failing if there are trusted protocols in the schema
-- before doing the pg_dump above. Hence ignoring the following and making sure the required table gets restored after.
-- start_ignore
\i @abs_srcdir@/output//mpp7661-dump.out
--
-- Greenplum Database database dump
--
SET statement_timeout = 0;
SET
SET client_encoding = 'UTF8';
SET
SET standard_conforming_strings = off;
SET
SET check_function_bodies = false;
SET
SET client_min_messages = warning;
SET
SET escape_string_warning = off;
SET
SET search_path = public, pg_catalog;
SET
SET default_tablespace = '';
SET
SET default_with_oids = false;
SET
--
-- Name: mpp_7661_lineitem; Type: TABLE; Schema: public; Owner: -; Tablespace: 
--
CREATE TABLE mpp_7661_lineitem (
    l_orderkey bigint,
    l_partkey integer,
    l_suppkey integer,
    l_linenumber integer,
    l_quantity numeric,
    l_extendedprice numeric,
    l_discount numeric,
    l_tax numeric,
    l_returnflag character(1),
    l_linestatus character(1),
    l_shipdate date,
    l_commitdate date,
    l_receiptdate date,
    l_shipinstruct character(25),
    l_shipmode character(10),
    l_comment character varying(44)
) DISTRIBUTED BY (l_orderkey) PARTITION BY RANGE(l_commitdate) 
          (
          PARTITION p1_1 START ('1992-01-31'::date) END ('1993-02-28'::date) EVERY ('1 year 1 mon'::interval) WITH (tablename='mpp_7661_lineitem_1_prt_p1_1', appendonly=false ), 
          PARTITION p1_2 START ('1993-02-28'::date) END ('1994-03-31'::date) EVERY ('1 year 1 mon'::interval) WITH (tablename='mpp_7661_lineitem_1_prt_p1_2', appendonly=false ), 
          PARTITION p1_3 START ('1994-03-31'::date) END ('1995-04-30'::date) EVERY ('1 year 1 mon'::interval) WITH (tablename='mpp_7661_lineitem_1_prt_p1_3', appendonly=false ), 
          PARTITION p1_4 START ('1995-04-30'::date) END ('1996-05-31'::date) EVERY ('1 year 1 mon'::interval) WITH (tablename='mpp_7661_lineitem_1_prt_p1_4', appendonly=false ), 
          PARTITION p1_5 START ('1996-05-31'::date) END ('1997-06-30'::date) EVERY ('1 year 1 mon'::interval) WITH (tablename='mpp_7661_lineitem_1_prt_p1_5', appendonly=false ), 
          PARTITION p1_6 START ('1997-06-30'::date) END ('1998-07-31'::date) EVERY ('1 year 1 mon'::interval) WITH (tablename='mpp_7661_lineitem_1_prt_p1_6', appendonly=false ), 
          PARTITION p1_7 START ('1998-07-31'::date) END ('1998-11-01'::date) EVERY ('1 year 1 mon'::interval) WITH (tablename='mpp_7661_lineitem_1_prt_p1_7', appendonly=false )
          );
CREATE TABLE
--
-- Data for Name: mpp_7661_lineitem; Type: TABLE DATA; Schema: public; Owner: -
--
--
-- Greenplum Database database dump complete
--
-- end_ignore
select * from pg_partitions where tablename='mpp_7661_lineitem' order by partitionposition;
 schemaname |     tablename     | partitionschemaname |      partitiontablename      | partitionname | parentpartitiontablename | parentpartitionname | partitiontype | partitionlevel | partitionrank | partitionposition | partitionlistvalues | partitionrangestart | partitionstartinclusive | partitionrangeend  | partitionendinclusive |   partitioneveryclause   | partitionisdefault |                                                      partitionboundary                                                      | parenttablespace | partitiontablespace 
------------+-------------------+---------------------+------------------------------+---------------+--------------------------+---------------------+---------------+----------------+---------------+-------------------+---------------------+---------------------+-------------------------+--------------------+-----------------------+--------------------------+--------------------+-----------------------------------------------------------------------------------------------------------------------------+------------------+---------------------
 public     | mpp_7661_lineitem | public              | mpp_7661_lineitem_1_prt_p1_1 | p1_1          |                          |                     | range         |              0 |             1 |                 1 |                     | '1992-01-31'::date  | t                       | '1993-02-28'::date | f                     | '1 year 1 mon'::interval | f                  | PARTITION p1_1 START ('1992-01-31'::date) END ('1993-02-28'::date) EVERY ('1 year 1 mon'::interval) WITH (appendonly=false) | pg_default       | pg_default
 public     | mpp_7661_lineitem | public              | mpp_7661_lineitem_1_prt_p1_2 | p1_2          |                          |                     | range         |              0 |             2 |                 2 |                     | '1993-02-28'::date  | t                       | '1994-03-31'::date | f                     | '1 year 1 mon'::interval | f                  | PARTITION p1_2 START ('1993-02-28'::date) END ('1994-03-31'::date) EVERY ('1 year 1 mon'::interval) WITH (appendonly=false) | pg_default       | pg_default
 public     | mpp_7661_lineitem | public              | mpp_7661_lineitem_1_prt_p1_3 | p1_3          |                          |                     | range         |              0 |             3 |                 3 |                     | '1994-03-31'::date  | t                       | '1995-04-30'::date | f                     | '1 year 1 mon'::interval | f                  | PARTITION p1_3 START ('1994-03-31'::date) END ('1995-04-30'::date) EVERY ('1 year 1 mon'::interval) WITH (appendonly=false) | pg_default       | pg_default
 public     | mpp_7661_lineitem | public              | mpp_7661_lineitem_1_prt_p1_4 | p1_4          |                          |                     | range         |              0 |             4 |                 4 |                     | '1995-04-30'::date  | t                       | '1996-05-31'::date | f                     | '1 year 1 mon'::interval | f                  | PARTITION p1_4 START ('1995-04-30'::date) END ('1996-05-31'::date) EVERY ('1 year 1 mon'::interval) WITH (appendonly=false) | pg_default       | pg_default
 public     | mpp_7661_lineitem | public              | mpp_7661_lineitem_1_prt_p1_5 | p1_5          |                          |                     | range         |              0 |             5 |                 5 |                     | '1996-05-31'::date  | t                       | '1997-06-30'::date | f                     | '1 year 1 mon'::interval | f                  | PARTITION p1_5 START ('1996-05-31'::date) END ('1997-06-30'::date) EVERY ('1 year 1 mon'::interval) WITH (appendonly=false) | pg_default       | pg_default
 public     | mpp_7661_lineitem | public              | mpp_7661_lineitem_1_prt_p1_6 | p1_6          |                          |                     | range         |              0 |             6 |                 6 |                     | '1997-06-30'::date  | t                       | '1998-07-31'::date | f                     | '1 year 1 mon'::interval | f                  | PARTITION p1_6 START ('1997-06-30'::date) END ('1998-07-31'::date) EVERY ('1 year 1 mon'::interval) WITH (appendonly=false) | pg_default       | pg_default
 public     | mpp_7661_lineitem | public              | mpp_7661_lineitem_1_prt_p1_7 | p1_7          |                          |                     | range         |              0 |             7 |                 7 |                     | '1998-07-31'::date  | t                       | '1998-11-01'::date | f                     | '1 year 1 mon'::interval | f                  | PARTITION p1_7 START ('1998-07-31'::date) END ('1998-11-01'::date) EVERY ('1 year 1 mon'::interval) WITH (appendonly=false) | pg_default       | pg_default
(7 rows)

drop table mpp_7661_lineitem;
DROP TABLE
