-- start_ignore
-- end_ignore
-- 
-- @created 2015-07-11 12:00:00
-- @modified 2015-07-11 12:00:00
-- @tags external_partition 
-- @gpdiff true 
-- @description Tests for truncate 
--start_ignore
drop table if exists pt_ext;
psql:/path/sql_file:1: NOTICE:  table "pt_ext" does not exist, skipping
DROP TABLE
CREATE TABLE pt_ext
(
  col1 int,
  col2 decimal,
  col3 text,
  col4 bool
  
)
distributed by (col1)
partition by range(col2)
(
	partition part1 start ('1')  end ('10'), 
	partition part2 start ('10') end ('20'), 
	partition part3 start ('20') end ('30'), 
	partition part4 start ('30') end ('40'), 
	partition part5 start ('40') end ('50') 
);
psql:/path/sql_file:1: NOTICE:  CREATE TABLE will create partition "pt_ext_1_prt_part1" for table "pt_ext"
psql:/path/sql_file:1: NOTICE:  CREATE TABLE will create partition "pt_ext_1_prt_part2" for table "pt_ext"
psql:/path/sql_file:1: NOTICE:  CREATE TABLE will create partition "pt_ext_1_prt_part3" for table "pt_ext"
psql:/path/sql_file:1: NOTICE:  CREATE TABLE will create partition "pt_ext_1_prt_part4" for table "pt_ext"
psql:/path/sql_file:1: NOTICE:  CREATE TABLE will create partition "pt_ext_1_prt_part5" for table "pt_ext"
CREATE TABLE
insert into pt_ext select i,i,'test',true from generate_series(1,49) i;
INSERT 0 49
copy(select * from pt_ext where col1 < 10) to '/tmp/exttab_range' csv; 
COPY 9
create readable external table ret(like pt_ext) location('file://mdw/tmp/exttab_range') format 'csv'; 
CREATE EXTERNAL TABLE
alter table pt_ext exchange partition part1 with table ret without validation;
ALTER TABLE
drop table ret;
DROP TABLE
--end_ignore
truncate pt_ext_1_prt_part1;
psql:/path/sql_file:1: ERROR:  "pt_ext_1_prt_part1" is an external relation and can't be truncated
truncate pt_ext_1_prt_part2;
TRUNCATE TABLE
truncate pt_ext;
psql:/path/sql_file:1: ERROR:  cannot truncate table having external partition: "pt_ext_1_prt_part1"
select count(*) from pt_ext; 
 count 
-------
    39
(1 row)

--start_ignore
drop table pt_ext;
DROP TABLE
\! rm /tmp/exttab_range
--end_ignore
