-- AO table
-- start_ignore
Drop table if exists ao_array;
DROP TABLE
-- end_ignore
Create table ao_array( a1 int, a2 integer[], a3 text, a4 integer[][]) with(appendonly=true);
CREATE TABLE
Insert into ao_array select i, ARRAY[i, i+5, i*5], 'array_type', ARRAY[[i/5,i/10],[i/10,i/5]] from generate_series(1,100) i;
INSERT 0 100
Select a2,a4 from ao_array where a1<10  order by a2,a4 limit 5;
    a2     |      a4       
-----------+---------------
 {1,6,5}   | {{0,0},{0,0}}
 {2,7,10}  | {{0,0},{0,0}}
 {3,8,15}  | {{0,0},{0,0}}
 {4,9,20}  | {{0,0},{0,0}}
 {5,10,25} | {{1,0},{0,1}}
(5 rows)

-- AO with compression
-- start_ignore
Drop table if exists ao_array_compr;
DROP TABLE
-- end_ignore
Create table ao_array_compr( a1 int, a2 integer[], a3 text, a4 integer[][]) with(appendonly=true, compresstype=zlib);
CREATE TABLE
Insert into ao_array_compr select i, ARRAY[i, i+5, i*5], 'array_type', ARRAY[[i/5,i/10],[i/10,i/5]] from generate_series(1,100) i;
INSERT 0 100
Select a2,a4 from ao_array_compr where a1<10  order by a2,a4 limit 5;
    a2     |      a4       
-----------+---------------
 {1,6,5}   | {{0,0},{0,0}}
 {2,7,10}  | {{0,0},{0,0}}
 {3,8,15}  | {{0,0},{0,0}}
 {4,9,20}  | {{0,0},{0,0}}
 {5,10,25} | {{1,0},{0,1}}
(5 rows)

select 'compression_ratio' as compr_ratio, get_ao_compression_ratio('ao_array_compr');
    compr_ratio    | get_ao_compression_ratio 
-------------------+--------------------------
 compression_ratio |                     5.95
(1 row)

-- CO tables
-- start_ignore
Drop table if exists co_array;
DROP TABLE
-- end_ignore
Create table co_array( a1 int, a2 integer[], a3 text, a4 integer[][]) with(appendonly=true, orientation=column);
CREATE TABLE
Insert into co_array select i, ARRAY[i, i+5, i*5], 'array_type', ARRAY[[i/5,i/10],[i/10,i/5]] from generate_series(1,100) i;
INSERT 0 100
Select a2,a4 from co_array where a1<10  order by a2,a4 limit 5;
    a2     |      a4       
-----------+---------------
 {1,6,5}   | {{0,0},{0,0}}
 {2,7,10}  | {{0,0},{0,0}}
 {3,8,15}  | {{0,0},{0,0}}
 {4,9,20}  | {{0,0},{0,0}}
 {5,10,25} | {{1,0},{0,1}}
(5 rows)

-- CO tables with zlib
-- start_ignore
Drop table if exists co_array_zlib;
DROP TABLE
-- end_ignore
Create table co_array_zlib ( a1 int, a2 integer[], a3 text, a4 integer[][]) with(appendonly=true, orientation=column, compresstype=zlib);
CREATE TABLE
Insert into co_array_zlib select i, ARRAY[i, i+5, i*5], 'array_type', ARRAY[[i/5,i/10],[i/10,i/5]] from generate_series(1,100) i;
INSERT 0 100
Select a2,a4 from co_array_zlib where a1<10  order by a2,a4 limit 5;
    a2     |      a4       
-----------+---------------
 {1,6,5}   | {{0,0},{0,0}}
 {2,7,10}  | {{0,0},{0,0}}
 {3,8,15}  | {{0,0},{0,0}}
 {4,9,20}  | {{0,0},{0,0}}
 {5,10,25} | {{1,0},{0,1}}
(5 rows)

select 'compression_ratio' as compr_ratio, get_ao_compression_ratio('co_array_zlib');
    compr_ratio    | get_ao_compression_ratio 
-------------------+--------------------------
 compression_ratio |                     5.84
(1 row)

-- CO tables with quicklz
-- start_ignore
Drop table if exists co_array_quicklz;
DROP TABLE
-- end_ignore
Create table co_array_quicklz ( a1 int, a2 integer[], a3 text, a4 integer[][]) with(appendonly=true, orientation=column, compresstype=quicklz);
CREATE TABLE
Insert into co_array_quicklz select i, ARRAY[i, i+5, i*5], 'array_type', ARRAY[[i/5,i/10],[i/10,i/5]] from generate_series(1,100) i;
INSERT 0 100
Select a2,a4 from co_array_quicklz where a1<10  order by a2,a4 limit 5;
    a2     |      a4       
-----------+---------------
 {1,6,5}   | {{0,0},{0,0}}
 {2,7,10}  | {{0,0},{0,0}}
 {3,8,15}  | {{0,0},{0,0}}
 {4,9,20}  | {{0,0},{0,0}}
 {5,10,25} | {{1,0},{0,1}}
(5 rows)

select 'compression_ratio' as compr_ratio, get_ao_compression_ratio('co_array_quicklz');
    compr_ratio    | get_ao_compression_ratio 
-------------------+--------------------------
 compression_ratio |                     3.64
(1 row)

-- CO tables with RLE
-- start_ignore
Drop table if exists co_array_rle;
DROP TABLE
-- end_ignore
Create table co_array_rle ( a1 int, a2 integer[], a3 text, a4 integer[][]) with(appendonly=true, orientation=column, compresstype=rle_type);
CREATE TABLE
Insert into co_array_rle select i, ARRAY[i, i+5, i*5], 'array_type', ARRAY[[i/5,i/10],[i/10,i/5]] from generate_series(1,100) i;
INSERT 0 100
Select a2,a4 from co_array_rle where a1<10  order by a2,a4 limit 5;
    a2     |      a4       
-----------+---------------
 {1,6,5}   | {{0,0},{0,0}}
 {2,7,10}  | {{0,0},{0,0}}
 {3,8,15}  | {{0,0},{0,0}}
 {4,9,20}  | {{0,0},{0,0}}
 {5,10,25} | {{1,0},{0,1}}
(5 rows)

select 'compression_ratio' as compr_ratio, get_ao_compression_ratio('co_array_rle');
    compr_ratio    | get_ao_compression_ratio 
-------------------+--------------------------
 compression_ratio |                     1.65
(1 row)

