-- MPP-6714:
-- FILLFACTOR should not apply to append-only tables, and thus should not apply 
-- to Column-oriented tables.  Yet apparently we accept it.
-- start_ignore
DROP TABLE IF EXISTS cos_table81a;
psql:/path/sql_file:1: NOTICE:  table "cos_table81a" does not exist, skipping
DROP TABLE
DROP TABLE IF EXISTS cos_table81b;
psql:/path/sql_file:1: NOTICE:  table "cos_table81b" does not exist, skipping
DROP TABLE
DROP TABLE IF EXISTS cos_table81c;
psql:/path/sql_file:1: NOTICE:  table "cos_table81c" does not exist, skipping
DROP TABLE
-- end_ignore
-- The following should be invalid.
CREATE TABLE cos_table81a (id BIGSERIAL, tincan FLOAT)
 WITH (
    AppendOnly=True,
    Orientation='column',
    FillFactor = 10
    )
 DISTRIBUTED BY (id)
 ;
psql:/path/sql_file:1: NOTICE:  CREATE TABLE will create implicit sequence "cos_table81a_id_seq" for serial column "cos_table81a.id"
CREATE TABLE
-- The bug is not specific to column-oriented tables; plain old AO tables 
-- also incorrectly allow you to specify appendonly and fillfactor
CREATE TABLE cos_table81b (id BIGSERIAL, tincan FLOAT)
 WITH (
    AppendOnly=True,
    FillFactor = 10
    )
 DISTRIBUTED BY (id)
 ;
psql:/path/sql_file:1: NOTICE:  CREATE TABLE will create implicit sequence "cos_table81b_id_seq" for serial column "cos_table81b.id"
CREATE TABLE
-- Clean up.
-- start_ignore
DROP TABLE IF EXISTS cos_table81a;
DROP TABLE
DROP TABLE IF EXISTS cos_table81b;
DROP TABLE
-- end_ignore
