set statement_mem = '200MB';
SET
select count(*) from gpt_airline_booking_test2;
 count 
-------
     0
(1 row)

select count(*) from gpt_airline_booking_test3;
 count 
-------
     0
(1 row)

select count(*) from gpt_airline_booking_t1heap;
 count 
-------
     5
(1 row)

drop table gpt_airline_booking_test2;
DROP TABLE
drop table gpt_airline_booking_test3;
DROP TABLE
drop table gpt_airline_booking_t1heap;
DROP TABLE
