SELECT 1 AS oid_same_on_all_segs from gp_dist_random('pg_class')   WHERE relname = 'gp_fastsequence_objid_objmod_index' GROUP BY oid having count(*) = (SELECT count(*) FROM gp_segment_configuration WHERE role='p' AND content > -1);
 oid_same_on_all_segs 
----------------------
                    1
(1 row)

select last_sequence from gp_dist_random('gp_fastsequence') where objid = (select segrelid from pg_appendonly where relid = (select oid from pg_class where relname = 'test_fastseqence'));
 last_sequence 
---------------
             0
           200
             0
           200
(4 rows)

insert into test_fastseqence select i , 'aa'||i from generate_series(1,100) i;
INSERT 0 100
select last_sequence from gp_dist_random('gp_fastsequence') where objid = (select segrelid from pg_appendonly where relid = (select oid from pg_class where relname = 'test_fastseqence'));
 last_sequence 
---------------
             0
           300
             0
           300
(4 rows)

select 1 as correct_last_seq  from gp_dist_random('gp_fastsequence') where objid = (select segrelid from pg_appendonly where relid = (select oid from pg_class where relname = 'test_fastseqence')) group by last_sequence having count(*) = (SELECT count(*    ) FROM gp_segment_configuration WHERE role='p' AND content > -1);
 correct_last_seq 
------------------
                1
                1
(2 rows)

SELECT 1 AS oid_same_on_all_segs from gp_dist_random('pg_class')   WHERE relname = 'test_fastseqence' GROUP BY oid having count(*) = (SELECT count(*    ) FROM gp_segment_configuration WHERE role='p' AND content > -1);
 oid_same_on_all_segs 
----------------------
                    1
(1 row)

