-- @description function_in_from_withfunc2_152.sql
-- @db_name functionproperty
-- @author tungs1
-- @modified 2013-04-03 12:00:00
-- @created 2013-04-03 12:00:00
-- @tags functionProperties
SELECT * FROM func1_mod_setint_vol(func2_nosql_imm(5)) order by 1; 
 func1_mod_setint_vol 
----------------------
                    9
                   10
                   11
                   12
(4 rows)

