-- @description function_in_select_notable_withfunc2_128.sql
-- @db_name functionproperty
-- @author tungs1
-- @modified 2013-04-03 12:00:00
-- @created 2013-04-03 12:00:00
-- @tags functionProperties
SELECT func1_read_setint_sql_stb(func2_mod_int_vol(5)) order by 1; 
 func1_read_setint_sql_stb 
---------------------------
                         2
                         3
                         4
                         5
                         7
                         8
                         9
                        10
                        11
(9 rows)

