-- start_ignore
-- end_ignore
-- @description function_in_from_join_withfunc2_86.sql
-- @db_name functionproperty
-- @author tungs1
-- @modified 2013-04-03 12:00:00
-- @created 2013-04-03 12:00:00
-- @tags functionProperties 
SELECT * FROM func1_sql_setint_imm(func2_read_int_vol(5)), foo order by 1,2,3; 
psql:/data/tungs1_cdbfast/tincrepo/main/functions/functionProperty/output/function_in_from_join_withfunc2_86.sql:11: ERROR:  query plan with multiple segworker groups is not supported (cdbdisp.c:505)
HINT:  likely caused by a function that reads or modifies data in a distributed table
CONTEXT:  SQL statement "SELECT d FROM bar WHERE c =  $1  LIMIT 1"
PL/pgSQL function "func2_read_int_vol" line 4 at SQL statement
