-- @author prabhd
-- @modified 2013-08-01 12:00:00
-- @created 2013-08-01 12:00:00
-- @db_name ptidx
-- @tags partitionindexes
-- @description ALTER TABLE, Unique index with Primary Key, unique index on the default partition 
ALTER TABLE pt_lt_tab ADD unique(col2,col1);
psql:alter_tab_add_uniquekey_9.sql:7: NOTICE:  ALTER TABLE / ADD UNIQUE will create implicit index "pt_lt_tab_col2_key" for table "pt_lt_tab"
psql:alter_tab_add_uniquekey_9.sql:7: NOTICE:  ALTER TABLE / ADD UNIQUE will create implicit index "pt_lt_tab_1_prt_part1_col2_key" for table "pt_lt_tab_1_prt_part1"
psql:alter_tab_add_uniquekey_9.sql:7: NOTICE:  ALTER TABLE / ADD UNIQUE will create implicit index "pt_lt_tab_1_prt_part2_col2_key" for table "pt_lt_tab_1_prt_part2"
psql:alter_tab_add_uniquekey_9.sql:7: NOTICE:  ALTER TABLE / ADD UNIQUE will create implicit index "pt_lt_tab_1_prt_part3_col2_key" for table "pt_lt_tab_1_prt_part3"
psql:alter_tab_add_uniquekey_9.sql:7: NOTICE:  ALTER TABLE / ADD UNIQUE will create implicit index "pt_lt_tab_1_prt_part4_col2_key" for table "pt_lt_tab_1_prt_part4"
psql:alter_tab_add_uniquekey_9.sql:7: NOTICE:  ALTER TABLE / ADD UNIQUE will create implicit index "pt_lt_tab_1_prt_part5_col2_key" for table "pt_lt_tab_1_prt_part5"
psql:alter_tab_add_uniquekey_9.sql:7: NOTICE:  ALTER TABLE / ADD UNIQUE will create implicit index "pt_lt_tab_1_prt_def_col2_key" for table "pt_lt_tab_1_prt_def"
ALTER TABLE
SELECT * FROM pt_lt_tab  WHERE col2 between 10 AND 50 ORDER BY col2,col3 LIMIT 5;
 col1 | col2 | col3  | col4 
------+------+-------+------
   10 |   10 | part1 | t
   11 |   11 | part2 | t
   12 |   12 | part2 | t
   13 |   13 | part2 | t
   14 |   14 | part2 | t
(5 rows)

