--start_ignore
-- @author tungs1
-- @modified 2013-07-17 12:00:00
-- @created 2013-07-17 12:00:00
-- @description SplitDQA lineitem1_SK7_1_18.sql
-- @db_name splitdqa
-- @tags SplitAgg HAWQ
-- @executemode normal
--end_ignore
SELECT * FROM (SELECT COUNT(DISTINCT l_partkey) AS DQA1_dqacol1, SUM(l_partkey) AS DQA1_dqacol2 FROM lineitem1  GROUP BY l_suppkey) as t1, (SELECT COUNT(DISTINCT p_partkey) AS DQA2_dqacol1, SUM(p_size) AS DQA2_dqacol2 FROM part1  GROUP BY ps_availqty) as t2 WHERE t1.DQA1_dqacol1 = t2.DQA2_dqacol1;
 dqa1_dqacol1 | dqa1_dqacol2 | dqa2_dqacol1 | dqa2_dqacol2 
--------------+--------------+--------------+--------------
            1 |          326 |            1 |           16
            1 |          157 |            1 |           16
            1 |          326 |            1 |           10
            1 |          157 |            1 |           10
            1 |          326 |            1 |           34
            1 |          157 |            1 |           34
            1 |          326 |            1 |            3
            1 |          157 |            1 |            3
            1 |          326 |            1 |           26
            1 |          157 |            1 |           26
            1 |          326 |            1 |           20
            1 |          157 |            1 |           20
            1 |          326 |            1 |           16
            1 |          157 |            1 |           16
            1 |          326 |            1 |           46
            1 |          157 |            1 |           46
            1 |          326 |            1 |           23
            1 |          157 |            1 |           23
            1 |          326 |            1 |           13
            1 |          157 |            1 |           13
            1 |          326 |            1 |           31
            1 |          157 |            1 |           31
            1 |          326 |            1 |           44
            1 |          157 |            1 |           44
            1 |          326 |            1 |            2
            1 |          157 |            1 |            2
            1 |          326 |            1 |           41
            1 |          157 |            1 |           41
            1 |          326 |            1 |           16
            1 |          157 |            1 |           16
            1 |          326 |            1 |           33
            1 |          157 |            1 |           33
            1 |          326 |            1 |           30
            1 |          157 |            1 |           30
            1 |          326 |            1 |            2
            1 |          157 |            1 |            2
            1 |          326 |            1 |           21
            1 |          157 |            1 |           21
            2 |         2372 |            2 |           58
            2 |         1954 |            2 |           58
            2 |         1332 |            2 |           58
            2 |         3093 |            2 |           58
            2 |         2796 |            2 |           58
            2 |         1661 |            2 |           58
            2 |         1756 |            2 |           58
            2 |         1471 |            2 |           58
            2 |         2988 |            2 |           58
            1 |          326 |            1 |           13
            1 |          157 |            1 |           13
            1 |          326 |            1 |           39
            1 |          157 |            1 |           39
            1 |          326 |            1 |           16
            1 |          157 |            1 |           16
            1 |          326 |            1 |           25
            1 |          157 |            1 |           25
            1 |          326 |            1 |           41
            1 |          157 |            1 |           41
            1 |          326 |            1 |           20
            1 |          157 |            1 |           20
            1 |          326 |            1 |           28
            1 |          157 |            1 |           28
            1 |          326 |            1 |           49
            1 |          157 |            1 |           49
            1 |          326 |            1 |           19
            1 |          157 |            1 |           19
            1 |          326 |            1 |           25
            1 |          157 |            1 |           25
            1 |          326 |            1 |           14
            1 |          157 |            1 |           14
            1 |          326 |            1 |           46
            1 |          157 |            1 |           46
            1 |          326 |            1 |           31
            1 |          157 |            1 |           31
            1 |          326 |            1 |           45
            1 |          157 |            1 |           45
            1 |          326 |            1 |           37
            1 |          157 |            1 |           37
            1 |          326 |            1 |           46
            1 |          157 |            1 |           46
            1 |          326 |            1 |           45
            1 |          157 |            1 |           45
            1 |          326 |            1 |           26
            1 |          157 |            1 |           26
            1 |          326 |            1 |            3
            1 |          157 |            1 |            3
            2 |         2372 |            2 |           93
            2 |         1954 |            2 |           93
            2 |         1332 |            2 |           93
            2 |         3093 |            2 |           93
            2 |         2796 |            2 |           93
            2 |         1661 |            2 |           93
            2 |         1756 |            2 |           93
            2 |         1471 |            2 |           93
            2 |         2988 |            2 |           93
            1 |          326 |            1 |           21
            1 |          157 |            1 |           21
            1 |          326 |            1 |           24
            1 |          157 |            1 |           24
            1 |          326 |            1 |            1
            1 |          157 |            1 |            1
            1 |          326 |            1 |           45
            1 |          157 |            1 |           45
            1 |          326 |            1 |           42
            1 |          157 |            1 |           42
            1 |          326 |            1 |            5
            1 |          157 |            1 |            5
            1 |          326 |            1 |            5
            1 |          157 |            1 |            5
            1 |          326 |            1 |           22
            1 |          157 |            1 |           22
            1 |          326 |            1 |           45
            1 |          157 |            1 |           45
            1 |          326 |            1 |            7
            1 |          157 |            1 |            7
            1 |          326 |            1 |           45
            1 |          157 |            1 |           45
            1 |          326 |            1 |           20
            1 |          157 |            1 |           20
            1 |          326 |            1 |            7
            1 |          157 |            1 |            7
            1 |          326 |            1 |           32
            1 |          157 |            1 |           32
            1 |          326 |            1 |           25
            1 |          157 |            1 |           25
            1 |          326 |            1 |           43
            1 |          157 |            1 |           43
            1 |          326 |            1 |           45
            1 |          157 |            1 |           45
            1 |          326 |            1 |           28
            1 |          157 |            1 |           28
            1 |          326 |            1 |           15
            1 |          157 |            1 |           15
            1 |          326 |            1 |           49
            1 |          157 |            1 |           49
            1 |          326 |            1 |           23
            1 |          157 |            1 |           23
            1 |          326 |            1 |            2
            1 |          157 |            1 |            2
            1 |          326 |            1 |           35
            1 |          157 |            1 |           35
            1 |          326 |            1 |           16
            1 |          157 |            1 |           16
            1 |          326 |            1 |           12
            1 |          157 |            1 |           12
            1 |          326 |            1 |           44
            1 |          157 |            1 |           44
            1 |          326 |            1 |           45
            1 |          157 |            1 |           45
            1 |          326 |            1 |           13
            1 |          157 |            1 |           13
            1 |          326 |            1 |           44
            1 |          157 |            1 |           44
            1 |          326 |            1 |           11
            1 |          157 |            1 |           11
            1 |          326 |            1 |           25
            1 |          157 |            1 |           25
            1 |          326 |            1 |           49
            1 |          157 |            1 |           49
            1 |          326 |            1 |           49
            1 |          157 |            1 |           49
            1 |          326 |            1 |           43
            1 |          157 |            1 |           43
            1 |          326 |            1 |            8
            1 |          157 |            1 |            8
            2 |         2372 |            2 |           43
            2 |         1954 |            2 |           43
            2 |         1332 |            2 |           43
            2 |         3093 |            2 |           43
            2 |         2796 |            2 |           43
            2 |         1661 |            2 |           43
            2 |         1756 |            2 |           43
            2 |         1471 |            2 |           43
            2 |         2988 |            2 |           43
            1 |          326 |            1 |           48
            1 |          157 |            1 |           48
            1 |          326 |            1 |           32
            1 |          157 |            1 |           32
            1 |          326 |            1 |           30
            1 |          157 |            1 |           30
            1 |          326 |            1 |            1
            1 |          157 |            1 |            1
            1 |          326 |            1 |           33
            1 |          157 |            1 |           33
            1 |          326 |            1 |           32
            1 |          326 |            1 |           26
            1 |          157 |            1 |           26
            1 |          326 |            1 |           27
            1 |          157 |            1 |           27
            1 |          326 |            1 |           19
            1 |          157 |            1 |           19
            1 |          326 |            1 |           16
            1 |          157 |            1 |           16
            1 |          326 |            1 |           45
            1 |          157 |            1 |           45
            1 |          326 |            1 |           22
            1 |          157 |            1 |           22
            1 |          326 |            1 |           32
            1 |          157 |            1 |           32
            1 |          326 |            1 |           26
            1 |          157 |            1 |           26
            1 |          326 |            1 |           11
            1 |          157 |            1 |           11
            1 |          326 |            1 |           17
            1 |          157 |            1 |           17
            1 |          326 |            1 |           19
            1 |          157 |            1 |           19
            1 |          326 |            1 |           31
            1 |          157 |            1 |           31
            1 |          326 |            1 |            1
            1 |          157 |            1 |            1
            1 |          326 |            1 |           37
            1 |          157 |            1 |           37
            1 |          326 |            1 |            7
            1 |          157 |            1 |            7
            1 |          326 |            1 |           24
            1 |          157 |            1 |           24
            1 |          326 |            1 |           46
            1 |          157 |            1 |           46
            1 |          326 |            1 |           42
            1 |          157 |            1 |           42
            1 |          326 |            1 |           46
            1 |          157 |            1 |           46
            1 |          326 |            1 |           11
            1 |          157 |            1 |           11
            1 |          326 |            1 |           32
            1 |          157 |            1 |           32
            1 |          326 |            1 |            9
            1 |          157 |            1 |            9
            1 |          326 |            1 |           20
            1 |          157 |            1 |           20
            1 |          326 |            1 |           17
            1 |          157 |            1 |           17
            1 |          326 |            1 |           28
            1 |          157 |            1 |           28
            1 |          326 |            1 |           37
            1 |          157 |            1 |           37
            1 |          326 |            1 |           19
            1 |          157 |            1 |           19
            1 |          326 |            1 |           48
            1 |          157 |            1 |           48
            1 |          326 |            1 |           18
            1 |          157 |            1 |           18
            1 |          326 |            1 |            3
            1 |          157 |            1 |            3
            1 |          326 |            1 |           10
            1 |          157 |            1 |           10
            1 |          326 |            1 |           25
            1 |          157 |            1 |           25
            1 |          326 |            1 |           28
            1 |          157 |            1 |           28
            1 |          326 |            1 |           41
            1 |          157 |            1 |           41
            1 |          326 |            1 |           25
            1 |          157 |            1 |           25
            1 |          326 |            1 |           10
            1 |          157 |            1 |           10
            1 |          326 |            1 |           14
            1 |          157 |            1 |           14
            1 |          326 |            1 |            1
            1 |          157 |            1 |            1
            1 |          326 |            1 |           28
            1 |          157 |            1 |           28
            1 |          326 |            1 |            3
            1 |          157 |            1 |            3
            1 |          326 |            1 |           31
            1 |          157 |            1 |           31
            1 |          326 |            1 |           30
            1 |          157 |            1 |           30
            1 |          326 |            1 |           19
            1 |          157 |            1 |           19
            1 |          326 |            1 |           19
            1 |          157 |            1 |           19
            1 |          326 |            1 |           49
            1 |          157 |            1 |           49
            1 |          326 |            1 |            3
            1 |          157 |            1 |            3
            1 |          326 |            1 |           16
            1 |          157 |            1 |           16
            1 |          326 |            1 |           14
            1 |          157 |            1 |           14
            1 |          326 |            1 |           14
            1 |          157 |            1 |           14
            1 |          326 |            1 |           41
            1 |          157 |            1 |           41
            1 |          326 |            1 |           46
            1 |          157 |            1 |           46
            1 |          326 |            1 |           16
            1 |          157 |            1 |           16
            1 |          326 |            1 |           43
            1 |          157 |            1 |           43
            1 |          326 |            1 |           32
            1 |          157 |            1 |           32
            1 |          326 |            1 |           44
            1 |          157 |            1 |           44
            1 |          326 |            1 |           31
            1 |          157 |            1 |           31
            1 |          326 |            1 |           22
            1 |          157 |            1 |           22
            1 |          326 |            1 |           45
            1 |          157 |            1 |           45
            1 |          326 |            1 |            7
            1 |          157 |            1 |            7
            1 |          326 |            1 |           11
            1 |          157 |            1 |           11
            1 |          326 |            1 |           43
            1 |          157 |            1 |           43
            1 |          326 |            1 |           47
            1 |          157 |            1 |           47
            1 |          326 |            1 |            3
            1 |          157 |            1 |            3
            1 |          326 |            1 |            7
            1 |          157 |            1 |            7
            1 |          326 |            1 |           28
            1 |          157 |            1 |           28
            1 |          326 |            1 |           25
            1 |          157 |            1 |           25
            1 |          326 |            1 |           22
            1 |          157 |            1 |           22
            1 |          326 |            1 |           20
            1 |          157 |            1 |           20
            1 |          326 |            1 |           14
            1 |          157 |            1 |           14
            1 |          326 |            1 |           41
            1 |          157 |            1 |           41
            1 |          326 |            1 |           27
            1 |          157 |            1 |           27
            1 |          326 |            1 |           43
            1 |          157 |            1 |           43
            1 |          326 |            1 |            1
            1 |          157 |            1 |            1
            1 |          326 |            1 |           23
            1 |          157 |            1 |           23
            1 |          326 |            1 |           49
            1 |          157 |            1 |           49
            1 |          326 |            1 |           17
            1 |          157 |            1 |           17
            1 |          326 |            1 |           42
            1 |          157 |            1 |           42
            1 |          326 |            1 |           41
            1 |          157 |            1 |           41
            1 |          326 |            1 |           46
            1 |          157 |            1 |           46
            1 |          326 |            1 |           28
            1 |          157 |            1 |           28
            1 |          326 |            1 |           45
            1 |          157 |            1 |           45
            1 |          326 |            1 |           27
            1 |          157 |            1 |           27
            1 |          326 |            1 |           45
            1 |          157 |            1 |           45
            1 |          326 |            1 |           45
            1 |          157 |            1 |           45
            1 |          326 |            1 |           28
            1 |          157 |            1 |           28
            1 |          326 |            1 |            2
            1 |          157 |            1 |            2
            1 |          326 |            1 |           20
            1 |          157 |            1 |           20
            1 |          326 |            1 |            8
            1 |          157 |            1 |            8
            1 |          326 |            1 |           43
            1 |          157 |            1 |           43
            1 |          326 |            1 |           25
            1 |          157 |            1 |           25
            2 |         2372 |            2 |           54
            2 |         1954 |            2 |           54
            2 |         1332 |            2 |           54
            2 |         3093 |            2 |           54
            2 |         2796 |            2 |           54
            2 |         1661 |            2 |           54
            2 |         1756 |            2 |           54
            2 |         1471 |            2 |           54
            2 |         2988 |            2 |           54
            1 |          326 |            1 |            1
            1 |          157 |            1 |            1
            1 |          326 |            1 |           41
            1 |          157 |            1 |           41
            1 |          326 |            1 |           44
            1 |          157 |            1 |           44
            1 |          326 |            1 |           26
            1 |          157 |            1 |           26
            1 |          326 |            1 |           31
            1 |          157 |            1 |           31
            1 |          326 |            1 |            8
            1 |          157 |            1 |            8
            1 |          326 |            1 |           25
            1 |          157 |            1 |           25
            1 |          326 |            1 |           45
            1 |          157 |            1 |           45
            1 |          326 |            1 |           21
            1 |          157 |            1 |           21
            1 |          326 |            1 |           25
            1 |          157 |            1 |           25
            1 |          326 |            1 |           39
            1 |          157 |            1 |           39
            1 |          326 |            1 |           10
            1 |          157 |            1 |           10
            1 |          326 |            1 |           31
            1 |          157 |            1 |           31
            2 |         2372 |            2 |           58
            2 |         1954 |            2 |           58
            2 |         1332 |            2 |           58
            2 |         3093 |            2 |           58
            2 |         2796 |            2 |           58
            2 |         1661 |            2 |           58
            2 |         1756 |            2 |           58
            2 |         1471 |            2 |           58
            2 |         2988 |            2 |           58
            1 |          326 |            1 |           14
            1 |          157 |            1 |           14
            1 |          326 |            1 |           32
            1 |          157 |            1 |           32
            1 |          326 |            1 |           33
            1 |          157 |            1 |           33
            1 |          326 |            1 |           27
            1 |          157 |            1 |           27
            1 |          326 |            1 |           19
            1 |          157 |            1 |           19
            1 |          326 |            1 |            5
            1 |          157 |            1 |            5
            1 |          326 |            1 |           10
            1 |          157 |            1 |           10
            1 |          326 |            1 |           32
            1 |          157 |            1 |           32
            1 |          326 |            1 |           17
            1 |          157 |            1 |           17
            1 |          326 |            1 |           14
            1 |          157 |            1 |           14
            1 |          326 |            1 |           45
            1 |          157 |            1 |           45
            1 |          326 |            1 |           12
            1 |          157 |            1 |           12
            1 |          326 |            1 |           19
            1 |          157 |            1 |           19
            1 |          326 |            1 |            1
            1 |          157 |            1 |            1
            1 |          326 |            1 |           48
            1 |          157 |            1 |           48
            1 |          326 |            1 |           31
            1 |          157 |            1 |           31
            1 |          326 |            1 |           20
            1 |          157 |            1 |           20
            1 |          326 |            1 |           45
            1 |          157 |            1 |           45
            1 |          326 |            1 |           11
            1 |          157 |            1 |           11
            1 |          326 |            1 |           25
            1 |          157 |            1 |           25
            1 |          326 |            1 |           27
            1 |          157 |            1 |           27
            1 |          326 |            1 |           12
            1 |          157 |            1 |           12
            1 |          326 |            1 |           35
            1 |          157 |            1 |           35
            1 |          326 |            1 |           16
            1 |          157 |            1 |           16
            1 |          326 |            1 |           24
            1 |          157 |            1 |           24
            1 |          326 |            1 |           31
            1 |          157 |            1 |           31
            1 |          326 |            1 |           49
            1 |          157 |            1 |           49
            1 |          326 |            1 |            7
            1 |          157 |            1 |            7
            1 |          326 |            1 |           31
            1 |          157 |            1 |           31
            1 |          326 |            1 |            7
            1 |          157 |            1 |            7
            1 |          326 |            1 |            2
            1 |          157 |            1 |            2
            1 |          326 |            1 |            2
            1 |          157 |            1 |            2
            1 |          326 |            1 |            9
            1 |          157 |            1 |            9
            1 |          326 |            1 |           16
            1 |          157 |            1 |           16
            1 |          326 |            1 |            2
            1 |          157 |            1 |            2
            1 |          326 |            1 |           45
            1 |          157 |            1 |           45
            1 |          326 |            1 |           27
            1 |          157 |            1 |           27
            1 |          326 |            1 |           16
            1 |          157 |            1 |           16
            1 |          326 |            1 |           33
            1 |          157 |            1 |           33
            1 |          326 |            1 |            4
            1 |          157 |            1 |            4
            1 |          326 |            1 |           27
            1 |          157 |            1 |           27
            1 |          326 |            1 |           14
            1 |          157 |            1 |           14
            1 |          326 |            1 |           28
            1 |          157 |            1 |           28
            1 |          326 |            1 |           41
            1 |          157 |            1 |           41
            1 |          326 |            1 |           42
            1 |          157 |            1 |           42
            1 |          326 |            1 |           20
            1 |          157 |            1 |           20
            1 |          326 |            1 |           17
            1 |          157 |            1 |           17
            1 |          326 |            1 |           18
            1 |          157 |            1 |           18
            1 |          326 |            1 |           35
            1 |          157 |            1 |           35
            1 |          326 |            1 |           25
            1 |          157 |            1 |           25
            1 |          326 |            1 |            2
            1 |          157 |            1 |            2
            1 |          326 |            1 |            1
            1 |          157 |            1 |            1
            1 |          326 |            1 |           24
            1 |          157 |            1 |           24
            1 |          326 |            1 |           15
            1 |          157 |            1 |           15
            1 |          326 |            1 |           49
            1 |          157 |            1 |           49
            1 |          326 |            1 |           10
            1 |          157 |            1 |           10
            1 |          326 |            1 |           44
            1 |          157 |            1 |           44
            1 |          326 |            1 |           32
            1 |          157 |            1 |           32
            1 |          326 |            1 |           19
            1 |          157 |            1 |           19
            1 |          326 |            1 |           24
            1 |          157 |            1 |           24
            1 |          326 |            1 |           31
            1 |          157 |            1 |           31
            1 |          326 |            1 |            8
            1 |          157 |            1 |            8
            1 |          326 |            1 |           21
            1 |          157 |            1 |           21
            1 |          326 |            1 |            3
            1 |          157 |            1 |            3
            1 |          326 |            1 |           23
            1 |          157 |            1 |           23
            1 |          326 |            1 |           32
            1 |          157 |            1 |           32
            1 |          157 |            1 |           32
            1 |          326 |            1 |           27
            1 |          157 |            1 |           27
            1 |          326 |            1 |            9
            1 |          157 |            1 |            9
            1 |          326 |            1 |            2
            1 |          157 |            1 |            2
            1 |          326 |            1 |           48
            1 |          157 |            1 |           48
            1 |          326 |            1 |           31
            1 |          157 |            1 |           31
            1 |          326 |            1 |           32
            1 |          157 |            1 |           32
            1 |          326 |            1 |           35
            1 |          157 |            1 |           35
            1 |          326 |            1 |           28
            1 |          157 |            1 |           28
            1 |          326 |            1 |           39
            1 |          157 |            1 |           39
            1 |          326 |            1 |           25
            1 |          157 |            1 |           25
            1 |          326 |            1 |           33
            1 |          157 |            1 |           33
            1 |          326 |            1 |           41
            1 |          157 |            1 |           41
            1 |          326 |            1 |           48
            1 |          157 |            1 |           48
            1 |          326 |            1 |           26
            1 |          157 |            1 |           26
            2 |         2372 |            2 |           74
            2 |         1954 |            2 |           74
            2 |         1332 |            2 |           74
            2 |         3093 |            2 |           74
            2 |         2796 |            2 |           74
            2 |         1661 |            2 |           74
            2 |         1756 |            2 |           74
            2 |         1471 |            2 |           74
            2 |         2988 |            2 |           74
            1 |          326 |            1 |           20
            1 |          157 |            1 |           20
            1 |          326 |            1 |           14
            1 |          157 |            1 |           14
            1 |          326 |            1 |           39
            1 |          157 |            1 |           39
            1 |          326 |            1 |           47
            1 |          157 |            1 |           47
            1 |          326 |            1 |           36
            1 |          157 |            1 |           36
            1 |          326 |            1 |           16
            1 |          157 |            1 |           16
            1 |          326 |            1 |           25
            1 |          157 |            1 |           25
            1 |          326 |            1 |            2
            1 |          157 |            1 |            2
            1 |          326 |            1 |            7
            1 |          157 |            1 |            7
            1 |          326 |            1 |           31
            1 |          157 |            1 |           31
            1 |          326 |            1 |           27
            1 |          157 |            1 |           27
            1 |          326 |            1 |            9
            1 |          157 |            1 |            9
            1 |          326 |            1 |           10
            1 |          157 |            1 |           10
            1 |          326 |            1 |           26
            1 |          157 |            1 |           26
            1 |          326 |            1 |           41
            1 |          157 |            1 |           41
            1 |          326 |            1 |           42
            1 |          157 |            1 |           42
            1 |          326 |            1 |           39
            1 |          157 |            1 |           39
            1 |          326 |            1 |           41
            1 |          157 |            1 |           41
            1 |          326 |            1 |           48
            1 |          157 |            1 |           48
            1 |          326 |            1 |            2
            1 |          157 |            1 |            2
            1 |          326 |            1 |           45
            1 |          157 |            1 |           45
            1 |          326 |            1 |           32
            1 |          157 |            1 |           32
            1 |          326 |            1 |           24
            1 |          157 |            1 |           24
            1 |          326 |            1 |            1
            1 |          157 |            1 |            1
            1 |          326 |            1 |           18
            1 |          157 |            1 |           18
            1 |          326 |            1 |            3
            1 |          157 |            1 |            3
            1 |          326 |            1 |           36
            1 |          157 |            1 |           36
            1 |          326 |            1 |           49
            1 |          157 |            1 |           49
            1 |          326 |            1 |           42
            1 |          157 |            1 |           42
            1 |          326 |            1 |           13
            1 |          157 |            1 |           13
            1 |          326 |            1 |           17
            1 |          157 |            1 |           17
            1 |          326 |            1 |           12
            1 |          157 |            1 |           12
            1 |          326 |            1 |           19
            1 |          157 |            1 |           19
            1 |          326 |            1 |            9
            1 |          157 |            1 |            9
            1 |          326 |            1 |            4
            1 |          157 |            1 |            4
            1 |          326 |            1 |           31
            1 |          157 |            1 |           31
            1 |          326 |            1 |           12
            1 |          157 |            1 |           12
            1 |          326 |            1 |           31
            1 |          157 |            1 |           31
            2 |         2372 |            2 |           41
            2 |         1954 |            2 |           41
            2 |         1332 |            2 |           41
            2 |         3093 |            2 |           41
            2 |         2796 |            2 |           41
            2 |         1661 |            2 |           41
            2 |         1756 |            2 |           41
            2 |         1471 |            2 |           41
            2 |         2988 |            2 |           41
            1 |          326 |            1 |           34
            1 |          157 |            1 |           34
            1 |          326 |            1 |           42
            1 |          157 |            1 |           42
            1 |          326 |            1 |            7
            1 |          157 |            1 |            7
            1 |          326 |            1 |           42
            1 |          157 |            1 |           42
            1 |          326 |            1 |            3
            1 |          157 |            1 |            3
            1 |          326 |            1 |           26
            1 |          157 |            1 |           26
            1 |          326 |            1 |           10
            1 |          157 |            1 |           10
            1 |          326 |            1 |           26
            1 |          157 |            1 |           26
            1 |          326 |            1 |           42
            1 |          157 |            1 |           42
            1 |          326 |            1 |           13
            1 |          157 |            1 |           13
            1 |          326 |            1 |            7
            1 |          157 |            1 |            7
            1 |          326 |            1 |           28
            1 |          157 |            1 |           28
            1 |          326 |            1 |            1
            1 |          157 |            1 |            1
            1 |          326 |            1 |            7
            1 |          157 |            1 |            7
            1 |          326 |            1 |           31
            1 |          157 |            1 |           31
            1 |          326 |            1 |            3
            1 |          157 |            1 |            3
            1 |          326 |            1 |            1
            1 |          157 |            1 |            1
            1 |          326 |            1 |           17
            1 |          157 |            1 |           17
            1 |          326 |            1 |            1
            1 |          157 |            1 |            1
            1 |          326 |            1 |           27
            1 |          157 |            1 |           27
            1 |          326 |            1 |           25
            1 |          157 |            1 |           25
            1 |          326 |            1 |            5
            1 |          157 |            1 |            5
            1 |          326 |            1 |           39
            1 |          157 |            1 |           39
            1 |          326 |            1 |           12
            1 |          157 |            1 |           12
            1 |          326 |            1 |            1
            1 |          157 |            1 |            1
            1 |          326 |            1 |           35
            1 |          157 |            1 |           35
            1 |          326 |            1 |           42
            1 |          157 |            1 |           42
            1 |          326 |            1 |           16
            1 |          157 |            1 |           16
            1 |          326 |            1 |           25
            1 |          157 |            1 |           25
            1 |          326 |            1 |           21
            1 |          157 |            1 |           21
            1 |          326 |            1 |            2
            1 |          157 |            1 |            2
            1 |          326 |            1 |           27
            1 |          157 |            1 |           27
            2 |         2372 |            2 |           67
            2 |         1954 |            2 |           67
            2 |         1332 |            2 |           67
            2 |         3093 |            2 |           67
            2 |         2796 |            2 |           67
            2 |         1661 |            2 |           67
            2 |         1756 |            2 |           67
            2 |         1471 |            2 |           67
            2 |         2988 |            2 |           67
            1 |          326 |            1 |           41
            1 |          157 |            1 |           41
            1 |          326 |            1 |           31
            1 |          157 |            1 |           31
            1 |          326 |            1 |           48
            1 |          157 |            1 |           48
            1 |          326 |            1 |            7
            1 |          157 |            1 |            7
            1 |          326 |            1 |           30
            1 |          157 |            1 |           30
            1 |          326 |            1 |           14
            1 |          157 |            1 |           14
            1 |          326 |            1 |           25
            1 |          157 |            1 |           25
            1 |          326 |            1 |           34
            1 |          157 |            1 |           34
            1 |          326 |            1 |            1
            1 |          157 |            1 |            1
            1 |          326 |            1 |           26
            1 |          157 |            1 |           26
            1 |          326 |            1 |            8
            1 |          157 |            1 |            8
            1 |          326 |            1 |           35
            1 |          157 |            1 |           35
            1 |          326 |            1 |           11
            1 |          157 |            1 |           11
            1 |          326 |            1 |           42
            1 |          157 |            1 |           42
            1 |          326 |            1 |           15
            1 |          157 |            1 |           15
            1 |          326 |            1 |           14
            1 |          157 |            1 |           14
            1 |          326 |            1 |           33
            1 |          157 |            1 |           33
            1 |          326 |            1 |           45
            1 |          157 |            1 |           45
            1 |          326 |            1 |           10
            1 |          157 |            1 |           10
            1 |          326 |            1 |            7
            1 |          157 |            1 |            7
            1 |          326 |            1 |            4
            1 |          157 |            1 |            4
            1 |          326 |            1 |            9
            1 |          157 |            1 |            9
            1 |          326 |            1 |           27
            1 |          157 |            1 |           27
            1 |          326 |            1 |           24
            1 |          157 |            1 |           24
            1 |          326 |            1 |           24
            1 |          157 |            1 |           24
            1 |          326 |            1 |            9
            1 |          157 |            1 |            9
            1 |          326 |            1 |           10
            1 |          157 |            1 |           10
            1 |          326 |            1 |           25
            1 |          157 |            1 |           25
            1 |          326 |            1 |            9
            1 |          157 |            1 |            9
            1 |          326 |            1 |            3
            1 |          157 |            1 |            3
            1 |          326 |            1 |            4
            1 |          157 |            1 |            4
            1 |          326 |            1 |            8
            1 |          157 |            1 |            8
            1 |          326 |            1 |           20
            1 |          157 |            1 |           20
            1 |          326 |            1 |           28
            1 |          157 |            1 |           28
            1 |          326 |            1 |           35
            1 |          157 |            1 |           35
            1 |          326 |            1 |           17
            1 |          157 |            1 |           17
            1 |          326 |            1 |           36
            1 |          157 |            1 |           36
            1 |          326 |            1 |            8
            1 |          157 |            1 |            8
            1 |          326 |            1 |           14
            1 |          157 |            1 |           14
            1 |          326 |            1 |           25
            1 |          157 |            1 |           25
            1 |          326 |            1 |           17
            1 |          157 |            1 |           17
            1 |          326 |            1 |           25
            1 |          157 |            1 |           25
            1 |          326 |            1 |           48
            1 |          157 |            1 |           48
            1 |          326 |            1 |           42
            1 |          157 |            1 |           42
            1 |          326 |            1 |           11
            1 |          157 |            1 |           11
            1 |          326 |            1 |           44
            1 |          157 |            1 |           44
            1 |          326 |            1 |           49
            1 |          157 |            1 |           49
            1 |          326 |            1 |           42
            1 |          157 |            1 |           42
            1 |          326 |            1 |            2
            1 |          157 |            1 |            2
            1 |          326 |            1 |           47
            1 |          157 |            1 |           47
            1 |          326 |            1 |           12
            1 |          157 |            1 |           12
            1 |          326 |            1 |           25
            1 |          157 |            1 |           25
            1 |          326 |            1 |           41
            1 |          157 |            1 |           41
            1 |          326 |            1 |           28
            1 |          157 |            1 |           28
            1 |          326 |            1 |           35
            1 |          157 |            1 |           35
            1 |          326 |            1 |           16
            1 |          157 |            1 |           16
            1 |          326 |            1 |           32
            1 |          157 |            1 |           32
            2 |         2372 |            2 |           49
            2 |         1954 |            2 |           49
            2 |         1332 |            2 |           49
            2 |         3093 |            2 |           49
            2 |         2796 |            2 |           49
            2 |         1661 |            2 |           49
            2 |         1756 |            2 |           49
            2 |         1471 |            2 |           49
            2 |         2988 |            2 |           49
            1 |          326 |            1 |           36
            1 |          157 |            1 |           36
            1 |          326 |            1 |           10
            1 |          157 |            1 |           10
            1 |          326 |            1 |           48
            1 |          157 |            1 |           48
            1 |          326 |            1 |           43
            1 |          157 |            1 |           43
            1 |          326 |            1 |           22
            1 |          157 |            1 |           22
            1 |          326 |            1 |           21
            1 |          157 |            1 |           21
            1 |          326 |            1 |            1
            1 |          157 |            1 |            1
            1 |          326 |            1 |            7
            1 |          157 |            1 |            7
            1 |          326 |            1 |           21
            1 |          157 |            1 |           21
            1 |          326 |            1 |           41
            1 |          157 |            1 |           41
            1 |          326 |            1 |            2
            1 |          157 |            1 |            2
            1 |          326 |            1 |           11
            1 |          157 |            1 |           11
            1 |          326 |            1 |           48
            1 |          157 |            1 |           48
            1 |          326 |            1 |           44
            1 |          157 |            1 |           44
            2 |         2372 |            2 |           35
            2 |         1954 |            2 |           35
            2 |         1332 |            2 |           35
            2 |         3093 |            2 |           35
            2 |         2796 |            2 |           35
            2 |         1661 |            2 |           35
            2 |         1756 |            2 |           35
            2 |         1471 |            2 |           35
            2 |         2988 |            2 |           35
            1 |          326 |            1 |           42
            1 |          157 |            1 |           42
            1 |          326 |            1 |           27
            1 |          157 |            1 |           27
            1 |          326 |            1 |           21
            1 |          157 |            1 |           21
            1 |          326 |            1 |           12
            1 |          157 |            1 |           12
            1 |          326 |            1 |           31
            1 |          157 |            1 |           31
            1 |          326 |            1 |            8
            1 |          157 |            1 |            8
            1 |          326 |            1 |            4
            1 |          157 |            1 |            4
            1 |          326 |            1 |           26
            1 |          157 |            1 |           26
            1 |          326 |            1 |           20
            1 |          157 |            1 |           20
            1 |          326 |            1 |           36
            1 |          157 |            1 |           36
            1 |          326 |            1 |           45
            1 |          157 |            1 |           45
            1 |          326 |            1 |           31
            1 |          157 |            1 |           31
            1 |          326 |            1 |           28
            1 |          157 |            1 |           28
            1 |          326 |            1 |           10
            1 |          157 |            1 |           10
            1 |          326 |            1 |           32
            1 |          157 |            1 |           32
            1 |          326 |            1 |           12
            1 |          157 |            1 |           12
            1 |          326 |            1 |           27
            1 |          157 |            1 |           27
            1 |          326 |            1 |           33
            1 |          157 |            1 |           33
            1 |          326 |            1 |           31
            1 |          157 |            1 |           31
            1 |          326 |            1 |            9
            1 |          157 |            1 |            9
            1 |          326 |            1 |           27
            1 |          157 |            1 |           27
            1 |          326 |            1 |           48
            1 |          157 |            1 |           48
            1 |          326 |            1 |            7
            1 |          157 |            1 |            7
            1 |          326 |            1 |           16
            1 |          157 |            1 |           16
            1 |          326 |            1 |           43
            1 |          157 |            1 |           43
            1 |          326 |            1 |           36
            1 |          157 |            1 |           36
            1 |          326 |            1 |           26
            1 |          157 |            1 |           26
            1 |          326 |            1 |           32
            1 |          157 |            1 |           32
            1 |          326 |            1 |            4
            1 |          157 |            1 |            4
            1 |          326 |            1 |           42
            1 |          157 |            1 |           42
            1 |          326 |            1 |           25
            1 |          157 |            1 |           25
            1 |          326 |            1 |           36
            1 |          157 |            1 |           36
            1 |          326 |            1 |           31
            1 |          157 |            1 |           31
            1 |          326 |            1 |           15
            1 |          157 |            1 |           15
            1 |          326 |            1 |            2
            1 |          157 |            1 |            2
            1 |          326 |            1 |           12
            1 |          157 |            1 |           12
            1 |          326 |            1 |           32
            1 |          157 |            1 |           32
            1 |          326 |            1 |           34
            1 |          157 |            1 |           34
            1 |          326 |            1 |           11
            1 |          157 |            1 |           11
            1 |          326 |            1 |           12
            1 |          157 |            1 |           12
            1 |          326 |            1 |           45
            1 |          157 |            1 |           45
            1 |          326 |            1 |           45
            1 |          157 |            1 |           45
            1 |          326 |            1 |           32
            1 |          157 |            1 |           32
            1 |          326 |            1 |           17
            1 |          157 |            1 |           17
            1 |          326 |            1 |           11
            1 |          157 |            1 |           11
            1 |          326 |            1 |           49
            1 |          157 |            1 |           49
            1 |          326 |            1 |           28
            1 |          157 |            1 |           28
            1 |          326 |            1 |           41
            1 |          157 |            1 |           41
            1 |          326 |            1 |           13
            1 |          157 |            1 |           13
            1 |          326 |            1 |           11
            1 |          157 |            1 |           11
            2 |         2372 |            2 |           79
            2 |         1954 |            2 |           79
            2 |         1332 |            2 |           79
            2 |         3093 |            2 |           79
            2 |         2796 |            2 |           79
            2 |         1661 |            2 |           79
            2 |         1756 |            2 |           79
            2 |         1471 |            2 |           79
            2 |         2988 |            2 |           79
            1 |          326 |            1 |           12
            1 |          157 |            1 |           12
            1 |          326 |            1 |           17
            1 |          157 |            1 |           17
            1 |          326 |            1 |            9
            1 |          157 |            1 |            9
            1 |          326 |            1 |           11
            1 |          157 |            1 |           11
            1 |          326 |            1 |            1
            1 |          157 |            1 |            1
            1 |          326 |            1 |           22
            1 |          157 |            1 |           22
            1 |          326 |            1 |           22
            1 |          157 |            1 |           22
            1 |          326 |            1 |           33
            1 |          157 |            1 |           33
            1 |          326 |            1 |           13
            1 |          157 |            1 |           13
            1 |          326 |            1 |           46
            1 |          157 |            1 |           46
            1 |          326 |            1 |            3
            1 |          157 |            1 |            3
            2 |         2372 |            2 |           59
            2 |         1954 |            2 |           59
            2 |         1332 |            2 |           59
            2 |         3093 |            2 |           59
            2 |         2796 |            2 |           59
            2 |         1661 |            2 |           59
            2 |         1756 |            2 |           59
            2 |         1471 |            2 |           59
            2 |         2988 |            2 |           59
            1 |          326 |            1 |           39
            1 |          157 |            1 |           39
            1 |          326 |            1 |            7
            1 |          157 |            1 |            7
            1 |          326 |            1 |            2
            1 |          157 |            1 |            2
            1 |          326 |            1 |           45
            1 |          157 |            1 |           45
            1 |          326 |            1 |           22
            1 |          157 |            1 |           22
            1 |          326 |            1 |           28
            1 |          157 |            1 |           28
            1 |          326 |            1 |            4
            1 |          157 |            1 |            4
            1 |          326 |            1 |           13
            1 |          157 |            1 |           13
            1 |          326 |            1 |           41
            1 |          157 |            1 |           41
            1 |          326 |            1 |           25
            1 |          157 |            1 |           25
            1 |          326 |            1 |           31
            1 |          157 |            1 |           31
            1 |          326 |            1 |           19
            1 |          157 |            1 |           19
(1060 rows)

