--start_ignore
-- @author tungs1
-- @modified 2013-07-17 12:00:00
-- @created 2013-07-17 12:00:00
-- @description SplitDQA lineitem1_SK9_3_17.sql
-- @db_name splitdqa
-- @tags SplitAgg HAWQ
-- @executemode normal
--end_ignore
(SELECT * FROM (SELECT COUNT(DISTINCT l_partkey) AS DQA1_dqacol1, SUM(l_partkey) AS DQA1_dqacol2 FROM lineitem1  GROUP BY l_suppkey) as t) UNION (SELECT * FROM (SELECT SUM(DISTINCT p_partkey) AS DQA2_dqacol1, SUM(p_partkey) AS DQA2_dqacol2 FROM part1  GROUP BY p_size) as t2);
 dqa1_dqacol1 | dqa1_dqacol2 
--------------+--------------
            1 |          326
            2 |         1471
            2 |         1661
            2 |         1954
            2 |         2372
            3 |          524
            3 |         2483
            3 |         2517
            3 |         4034
            4 |         2144
            4 |         3209
            4 |         3594
            5 |           20
            5 |         3745
            5 |         3984
            5 |         5396
            5 |         5447
            5 |         7866
            6 |         4806
            6 |         4990
            6 |         6492
            7 |         5185
            7 |         6791
            7 |         9911
            8 |         6652
            8 |         7988
            8 |        10987
            9 |        10995
           11 |        12342
          101 |          404
          104 |          416
          106 |          424
          107 |          428
          113 |          452
          135 |          540
          137 |          548
          156 |          624
          177 |          708
          223 |          892
          257 |         1028
            2 |         1756
            2 |         3093
            3 |         1522
            3 |         1790
            3 |         2543
            3 |         3549
            4 |         3259
            4 |         3362
            4 |         3925
            4 |         4021
            4 |         4449
            4 |         4465
            4 |         4618
            4 |         4634
            4 |         4908
            4 |         5369
            5 |         2582
            5 |         3933
            5 |         4837
            5 |         4942
            5 |         5518
            5 |         5620
            5 |         6287
            6 |         5866
            6 |         6253
            6 |         6885
            6 |         9656
            7 |         7206
            7 |         8248
            7 |         8274
            7 |         8301
            7 |         8470
            7 |         9153
           43 |          172
           50 |          200
           51 |          204
           61 |          244
           86 |          344
          119 |          476
          126 |          504
          160 |          640
          165 |          660
          176 |          704
          193 |          772
          198 |          792
          199 |          796
          333 |         1332
          360 |         1440
            1 |          157
            2 |         1332
            2 |         2796
            2 |         2988
            3 |         1839
            3 |         2110
            3 |         2190
            3 |         2264
            3 |         2757
            3 |         3859
            3 |         4884
            4 |         3261
            4 |         3791
            4 |         4644
            4 |         4761
            4 |         4771
            4 |         4814
            4 |         5224
            4 |         6154
            5 |         3696
            5 |         5060
            5 |         5153
            5 |         6538
            5 |         6571
            5 |         6582
            6 |         3939
            6 |         4264
            6 |         5266
            6 |         5556
            6 |         6660
            6 |         6880
            6 |         7170
            6 |         9202
            7 |         5316
            7 |         7110
            7 |         7702
            7 |         8167
            7 |         8885
            7 |         9179
           68 |          272
           83 |          332
           84 |          336
          162 |          648
          203 |          812
          237 |          948
          244 |          976
          246 |          984
          253 |         1012
          256 |         1024
          311 |         1244
          317 |         1268
          377 |         1508
          410 |         1640
(141 rows)

