--start_ignore
-- @author tungs1
-- @modified 2013-07-17 12:00:00
-- @created 2013-07-17 12:00:00
-- @description SplitDQA lineitem1_SK9_3_32.sql
-- @db_name splitdqa
-- @tags SplitAgg HAWQ
-- @executemode normal
--end_ignore
(SELECT * FROM (SELECT COUNT(DISTINCT l_partkey) AS DQA1_dqacol1, SUM(l_suppkey) AS DQA1_dqacol2 FROM lineitem1  GROUP BY l_linenumber) as t) UNION (SELECT * FROM (SELECT COUNT(DISTINCT p_partkey) AS DQA2_dqacol1, SUM(DISTINCT p_partkey) AS DQA2_dqacol2 FROM part1  GROUP BY p_size) as t2);
 dqa1_dqacol1 | dqa1_dqacol2 
--------------+--------------
            1 |           61
            1 |          119
            2 |          137
            2 |          193
            2 |          198
            2 |          199
            3 |          104
            3 |          126
            4 |          317
            6 |          333
            6 |          410
           92 |         4934
            1 |            5
            1 |           43
            1 |           83
            1 |          113
            2 |           50
            2 |           84
            2 |          106
            2 |          135
            2 |          165
            2 |          176
            2 |          177
            3 |           86
            3 |          101
            3 |          107
            4 |          160
            4 |          203
            4 |          311
            6 |          377
           13 |          771
           53 |         2938
            1 |           51
            1 |           86
            2 |           68
            2 |          156
            3 |          162
            3 |          176
            3 |          198
            3 |          244
            3 |          246
            3 |          256
            3 |          257
            4 |          223
            4 |          237
            4 |          253
            5 |          360
           38 |         1983
           70 |         3478
          101 |         5482
          121 |         6384
(51 rows)

