-- @author prabhd 
-- @created 2012-12-05 12:00:00 
-- @modified 2012-12-05 12:00:00 
-- @tags dml 
-- @db_name dmldb
-- @description test: Boundary test for path
-- start_ignore
SET gp_optimizer=on;SET gp_log_optimizer=on;
SET
SET
-- end_ignore
DROP TABLE IF EXISTS dml_path;
psql:/data2/prabhd/test/tincrepo/main/main/dml/functional/sql/../output/dml_path_gucs.sql:11: NOTICE:  table "dml_path" does not exist, skipping
DROP TABLE
CREATE TABLE dml_path(a path) DISTRIBUTED RANDOMLY;
CREATE TABLE
-- Simple DML
INSERT INTO dml_path VALUES ('(3,1), (2,8), (10,4)');
INSERT 0 1
SELECT length((select * from dml_path));
      length      
------------------
 23.6311128277285
(1 row)

UPDATE dml_path SET a = '(4,2), (3,2), (11,5)';
UPDATE 1
SELECT length((select * from dml_path));
      length      
------------------
 17.1597768511814
(1 row)

