-- @author prabhd 
-- @created 2012-12-05 12:00:00 
-- @modified 2012-12-05 12:00:00 
-- @tags dml 
-- @db_name dmldb
-- @execute_all_plans True
-- @description test2: Delete with predicate
-- start_ignore
SET gp_optimizer=on;SET gp_log_optimizer=on;
SET
SET
-- end_ignore
SELECT COUNT(*) FROM dml_heap_pt_s;
 count 
-------
   115
(1 row)

SELECT COUNT(*) FROM dml_heap_pt_s WHERE a > 100;
 count 
-------
     0
(1 row)

DELETE FROM dml_heap_pt_s WHERE a > 100;
DELETE 0
SELECT COUNT(*) FROM dml_heap_pt_s;
 count 
-------
   115
(1 row)

SELECT COUNT(*) FROM dml_heap_pt_s WHERE a > 100;
 count 
-------
     0
(1 row)

