-- @author prabhd 
-- @created 2012-12-05 12:00:00 
-- @modified 2012-12-05 12:00:00 
-- @tags dml HAWQ 
-- @db_name dmldb
-- @execute_all_plans True
-- @description test8: Insert with generate_series
-- start_ignore
SET gp_optimizer=on;SET gp_log_optimizer=on;
SET
SET
-- end_ignore
SELECT COUNT(*) FROM dml_ao_r;
 count 
-------
   113
(1 row)

INSERT INTO dml_ao_r SELECT * from generate_series(1,10);
INSERT 0 10
SELECT COUNT(*) FROM dml_ao_r;
 count 
-------
   123
(1 row)

