-- @author prabhd
-- @created 2012-12-05 12:00:00
-- @modified 2012-12-05 12:00:00
-- @tags dml
-- @db_name dmldb
-- @execute_all_plans True
-- @description update_test20: Negative test - Update WHERE join returns more than one tuple with different values.
SELECT SUM(a) FROM dml_heap_pt_v;
 sum
-----
  55
(1 row)

UPDATE dml_heap_pt_v SET a = dml_heap_pt_u.a FROM dml_heap_pt_u WHERE dml_heap_pt_u.b = dml_heap_pt_v.b;
UPDATE 10
SELECT SUM(a) FROM dml_heap_pt_v;
 sum
-----
  55
(1 row)

