-- @author prabhd 
-- @created 2012-12-05 12:00:00 
-- @modified 2012-12-05 12:00:00 
-- @tags dml 
-- @db_name dmldb
-- @execute_all_plans True
-- @description update_test12: Update and limit in subquery
-- start_ignore
SET gp_optimizer=on;SET gp_log_optimizer=on;
SET
SET
-- end_ignore
SELECT COUNT(*) FROM dml_heap_r WHERE a = 1;
 count 
-------
     3
(1 row)

UPDATE dml_heap_r SET a = (SELECT DISTINCT(b) FROM dml_heap_s ORDER BY 1 LIMIT 1) FROM dml_heap_s WHERE dml_heap_r.b = dml_heap_s.a;
UPDATE 101
SELECT COUNT(*) FROM dml_heap_r WHERE a = 1;
 count 
-------
   103
(1 row)

