--
-- CREATE GROUP
--
CREATE GROUP ct_group1 WITH SUPERUSER CREATEDB  INHERIT LOGIN CONNECTION LIMIT  1 ENCRYPTED PASSWORD 'passwd';
CREATE ROLE
CREATE GROUP ct_group2 WITH SUPERUSER CREATEDB  INHERIT LOGIN CONNECTION LIMIT  1 ENCRYPTED PASSWORD 'passwd';
CREATE ROLE
CREATE GROUP ct_group3 WITH SUPERUSER CREATEDB  INHERIT LOGIN CONNECTION LIMIT  1 ENCRYPTED PASSWORD 'passwd';
CREATE ROLE
CREATE GROUP ct_group4 WITH SUPERUSER CREATEDB  INHERIT LOGIN CONNECTION LIMIT  1 ENCRYPTED PASSWORD 'passwd';
CREATE ROLE
CREATE GROUP ct_group5 WITH SUPERUSER CREATEDB  INHERIT LOGIN CONNECTION LIMIT  1 ENCRYPTED PASSWORD 'passwd';
CREATE ROLE
--
--
--DROP GROUP
--
--
DROP GROUP sync1_group4;
DROP ROLE
DROP GROUP ck_sync1_group3;
DROP ROLE
DROP GROUP ct_group1;
DROP ROLE
--
