-- Create User, Alter User
CREATE USER ct_xuser1 WITH CREATEROLE CREATEUSER;
CREATE ROLE
CREATE USER ct_xuser2 WITH CREATEROLE CREATEUSER;
CREATE ROLE
CREATE USER ct_xuser3 WITH CREATEROLE CREATEUSER;
CREATE ROLE
CREATE USER ct_xuser4 WITH CREATEROLE CREATEUSER;
CREATE ROLE
-- Alter User
ALTER USER sync1_xuser3 WITH NOSUPERUSER NOCREATEDB  NOINHERIT NOLOGIN  UNENCRYPTED PASSWORD 'passwd';
ALTER ROLE
ALTER USER ck_sync1_xuser2 WITH NOSUPERUSER NOCREATEDB  NOINHERIT NOLOGIN  UNENCRYPTED PASSWORD 'passwd';
ALTER ROLE
ALTER USER ct_xuser1 WITH NOSUPERUSER NOCREATEDB  NOINHERIT NOLOGIN  UNENCRYPTED PASSWORD 'passwd';
ALTER ROLE
