VACUUM foo;
NOTICE:  Releasing segworker groups to finish aborting the transaction.
ERROR:  fault triggered, fault name:'compaction_before_segmentfile_drop' fault type:'panic' (seg0 mdw:40000 pid=30710) (cdbdisp.c:1487)
ERROR:  could not connect to segment: initialization of segworker group failed (cdbgang.c:260)
INSERT INTO foo VALUES(1, 1, 'c');
INSERT 0 1
SELECT a, b FROM foo order by a;
 a  | b 
----+---
  1 | 1
  4 | 1
  5 | 1
  6 | 1
  7 | 1
  8 | 1
  9 | 1
 10 | 1
(8 rows)

