-- @author raghav
-- @created 2015-05-18 12:00:00
-- @tags ORCA
-- @db_name gptest
-- @gpopt 1.577
-- @product_version hawq: [2.0-], gpdb: [4.3.5-]
-- @gucs optimizer_multilevel_partitioning=on
-- @optimizer_mode on
-- @description Testing the fallback of queries on a multi-level partitioned table with no templates

\!grep Planner %MYD%/output/no_templates_orca.out|wc -l
2