-- start_ignore
DROP FUNCTION IF EXISTS func_plperl();
DROP FUNCTION
DROP TABLE IF EXISTS func_call_modes_data CASCADE;
DROP TABLE
-- end_ignore
CREATE TABLE func_call_modes_data ( c1 INT, c2 INT ) DISTRIBUTED BY (c1);
CREATE TABLE
INSERT INTO func_call_modes_data SELECT i, i FROM generate_series(1,3) i;
INSERT 0 3
CREATE OR REPLACE FUNCTION func_plperl() RETURNS SETOF func_call_modes_data
AS $$
        my $rv = spi_exec_query('SELECT * FROM func_call_modes_data ORDER BY c1;');
        my $status = $rv->{status};
        my $nrows = $rv->{processed};
        foreach my $rn (0 .. $nrows-1)
        {
                my $row = $rv->{rows}[$rn];
                return_next($row);
        }
        return undef;
$$ LANGUAGE PLPERL;
CREATE FUNCTION
SELECT func_plperl();
 func_plperl 
-------------
 (1,1)
 (2,2)
 (3,3)
(3 rows)

SELECT * FROM func_plperl();
 c1 | c2 
----+----
  1 |  1
  2 |  2
  3 |  3
(3 rows)

DROP FUNCTION IF EXISTS func_plperl();
DROP FUNCTION
DROP TABLE IF EXISTS func_call_modes_data CASCADE;
DROP TABLE
