--
-- CT HEAP TABLE 1
--
CREATE TABLE ct_heap_alter_part_exchange_default_part1 (
        unique1         int4,
        unique2         int4
)    partition by range (unique1)
( partition aa start (0) end (500) every (100), default partition default_part );
psql:/path/sql_file:1: NOTICE:  Table doesn't have 'DISTRIBUTED BY' clause -- Using column named 'unique1' as the Greenplum Database data distribution key for this table.
HINT:  The 'DISTRIBUTED BY' clause determines the distribution of data. Make sure column(s) chosen are the optimal data distribution key to minimize skew.
psql:/path/sql_file:1: NOTICE:  CREATE TABLE will create partition "ct_heap_alter_part_exchange_default_part1_1_prt_default_part" for table "ct_heap_alter_part_exchange_default_part1"
psql:/path/sql_file:1: NOTICE:  CREATE TABLE will create partition "ct_heap_alter_part_exchange_default_part1_1_prt_aa_1" for table "ct_heap_alter_part_exchange_default_part1"
psql:/path/sql_file:1: NOTICE:  CREATE TABLE will create partition "ct_heap_alter_part_exchange_default_part1_1_prt_aa_2" for table "ct_heap_alter_part_exchange_default_part1"
psql:/path/sql_file:1: NOTICE:  CREATE TABLE will create partition "ct_heap_alter_part_exchange_default_part1_1_prt_aa_3" for table "ct_heap_alter_part_exchange_default_part1"
psql:/path/sql_file:1: NOTICE:  CREATE TABLE will create partition "ct_heap_alter_part_exchange_default_part1_1_prt_aa_4" for table "ct_heap_alter_part_exchange_default_part1"
psql:/path/sql_file:1: NOTICE:  CREATE TABLE will create partition "ct_heap_alter_part_exchange_default_part1_1_prt_aa_5" for table "ct_heap_alter_part_exchange_default_part1"
CREATE TABLE
CREATE TABLE ct_heap_alter_part_exchange_default_part1_A (
        unique1         int4,
        unique2         int4) ;
psql:/path/sql_file:1: NOTICE:  Table doesn't have 'DISTRIBUTED BY' clause -- Using column named 'unique1' as the Greenplum Database data distribution key for this table.
HINT:  The 'DISTRIBUTED BY' clause determines the distribution of data. Make sure column(s) chosen are the optimal data distribution key to minimize skew.
CREATE TABLE
--
-- Insert few records into the table
--
insert into ct_heap_alter_part_exchange_default_part1 values ( generate_series(5,50),generate_series(15,60));
INSERT 0 46
insert into ct_heap_alter_part_exchange_default_part1_A values ( generate_series(1,10),generate_series(21,30));
INSERT 0 10
--
-- CT HEAP TABLE 2
--
CREATE TABLE ct_heap_alter_part_exchange_default_part2 (
        unique1         int4,
        unique2         int4
)    partition by range (unique1)
( partition aa start (0) end (500) every (100), default partition default_part );
psql:/path/sql_file:1: NOTICE:  Table doesn't have 'DISTRIBUTED BY' clause -- Using column named 'unique1' as the Greenplum Database data distribution key for this table.
HINT:  The 'DISTRIBUTED BY' clause determines the distribution of data. Make sure column(s) chosen are the optimal data distribution key to minimize skew.
psql:/path/sql_file:1: NOTICE:  CREATE TABLE will create partition "ct_heap_alter_part_exchange_default_part2_1_prt_default_part" for table "ct_heap_alter_part_exchange_default_part2"
psql:/path/sql_file:1: NOTICE:  CREATE TABLE will create partition "ct_heap_alter_part_exchange_default_part2_1_prt_aa_1" for table "ct_heap_alter_part_exchange_default_part2"
psql:/path/sql_file:1: NOTICE:  CREATE TABLE will create partition "ct_heap_alter_part_exchange_default_part2_1_prt_aa_2" for table "ct_heap_alter_part_exchange_default_part2"
psql:/path/sql_file:1: NOTICE:  CREATE TABLE will create partition "ct_heap_alter_part_exchange_default_part2_1_prt_aa_3" for table "ct_heap_alter_part_exchange_default_part2"
psql:/path/sql_file:1: NOTICE:  CREATE TABLE will create partition "ct_heap_alter_part_exchange_default_part2_1_prt_aa_4" for table "ct_heap_alter_part_exchange_default_part2"
psql:/path/sql_file:1: NOTICE:  CREATE TABLE will create partition "ct_heap_alter_part_exchange_default_part2_1_prt_aa_5" for table "ct_heap_alter_part_exchange_default_part2"
CREATE TABLE
CREATE TABLE ct_heap_alter_part_exchange_default_part2_A (
        unique1         int4,
        unique2         int4) ;
psql:/path/sql_file:1: NOTICE:  Table doesn't have 'DISTRIBUTED BY' clause -- Using column named 'unique1' as the Greenplum Database data distribution key for this table.
HINT:  The 'DISTRIBUTED BY' clause determines the distribution of data. Make sure column(s) chosen are the optimal data distribution key to minimize skew.
CREATE TABLE
--
-- Insert few records into the table
--
insert into ct_heap_alter_part_exchange_default_part2 values ( generate_series(5,50),generate_series(15,60));
INSERT 0 46
insert into  ct_heap_alter_part_exchange_default_part2_A values ( generate_series(1,10),generate_series(21,30));
INSERT 0 10
--
-- CT HEAP TABLE 3
--
CREATE TABLE ct_heap_alter_part_exchange_default_part3 (
        unique1         int4,
        unique2         int4
)    partition by range (unique1)
( partition aa start (0) end (500) every (100), default partition default_part );
psql:/path/sql_file:1: NOTICE:  Table doesn't have 'DISTRIBUTED BY' clause -- Using column named 'unique1' as the Greenplum Database data distribution key for this table.
HINT:  The 'DISTRIBUTED BY' clause determines the distribution of data. Make sure column(s) chosen are the optimal data distribution key to minimize skew.
psql:/path/sql_file:1: NOTICE:  CREATE TABLE will create partition "ct_heap_alter_part_exchange_default_part3_1_prt_default_part" for table "ct_heap_alter_part_exchange_default_part3"
psql:/path/sql_file:1: NOTICE:  CREATE TABLE will create partition "ct_heap_alter_part_exchange_default_part3_1_prt_aa_1" for table "ct_heap_alter_part_exchange_default_part3"
psql:/path/sql_file:1: NOTICE:  CREATE TABLE will create partition "ct_heap_alter_part_exchange_default_part3_1_prt_aa_2" for table "ct_heap_alter_part_exchange_default_part3"
psql:/path/sql_file:1: NOTICE:  CREATE TABLE will create partition "ct_heap_alter_part_exchange_default_part3_1_prt_aa_3" for table "ct_heap_alter_part_exchange_default_part3"
psql:/path/sql_file:1: NOTICE:  CREATE TABLE will create partition "ct_heap_alter_part_exchange_default_part3_1_prt_aa_4" for table "ct_heap_alter_part_exchange_default_part3"
psql:/path/sql_file:1: NOTICE:  CREATE TABLE will create partition "ct_heap_alter_part_exchange_default_part3_1_prt_aa_5" for table "ct_heap_alter_part_exchange_default_part3"
CREATE TABLE
CREATE TABLE  ct_heap_alter_part_exchange_default_part3_A (
        unique1         int4,
        unique2         int4) ;
psql:/path/sql_file:1: NOTICE:  Table doesn't have 'DISTRIBUTED BY' clause -- Using column named 'unique1' as the Greenplum Database data distribution key for this table.
HINT:  The 'DISTRIBUTED BY' clause determines the distribution of data. Make sure column(s) chosen are the optimal data distribution key to minimize skew.
CREATE TABLE
--
-- Insert few records into the table
--
insert into  ct_heap_alter_part_exchange_default_part3 values ( generate_series(5,50),generate_series(15,60));
INSERT 0 46
insert into  ct_heap_alter_part_exchange_default_part3_A values ( generate_series(1,10),generate_series(21,30));
INSERT 0 10
--
-- CT HEAP TABLE 4
--
CREATE TABLE ct_heap_alter_part_exchange_default_part4 (
        unique1         int4,
        unique2         int4
)    partition by range (unique1)
( partition aa start (0) end (500) every (100), default partition default_part );
psql:/path/sql_file:1: NOTICE:  Table doesn't have 'DISTRIBUTED BY' clause -- Using column named 'unique1' as the Greenplum Database data distribution key for this table.
HINT:  The 'DISTRIBUTED BY' clause determines the distribution of data. Make sure column(s) chosen are the optimal data distribution key to minimize skew.
psql:/path/sql_file:1: NOTICE:  CREATE TABLE will create partition "ct_heap_alter_part_exchange_default_part4_1_prt_default_part" for table "ct_heap_alter_part_exchange_default_part4"
psql:/path/sql_file:1: NOTICE:  CREATE TABLE will create partition "ct_heap_alter_part_exchange_default_part4_1_prt_aa_1" for table "ct_heap_alter_part_exchange_default_part4"
psql:/path/sql_file:1: NOTICE:  CREATE TABLE will create partition "ct_heap_alter_part_exchange_default_part4_1_prt_aa_2" for table "ct_heap_alter_part_exchange_default_part4"
psql:/path/sql_file:1: NOTICE:  CREATE TABLE will create partition "ct_heap_alter_part_exchange_default_part4_1_prt_aa_3" for table "ct_heap_alter_part_exchange_default_part4"
psql:/path/sql_file:1: NOTICE:  CREATE TABLE will create partition "ct_heap_alter_part_exchange_default_part4_1_prt_aa_4" for table "ct_heap_alter_part_exchange_default_part4"
psql:/path/sql_file:1: NOTICE:  CREATE TABLE will create partition "ct_heap_alter_part_exchange_default_part4_1_prt_aa_5" for table "ct_heap_alter_part_exchange_default_part4"
CREATE TABLE
CREATE TABLE  ct_heap_alter_part_exchange_default_part4_A (
        unique1         int4,
        unique2         int4) ;
psql:/path/sql_file:1: NOTICE:  Table doesn't have 'DISTRIBUTED BY' clause -- Using column named 'unique1' as the Greenplum Database data distribution key for this table.
HINT:  The 'DISTRIBUTED BY' clause determines the distribution of data. Make sure column(s) chosen are the optimal data distribution key to minimize skew.
CREATE TABLE
--
-- Insert few records into the table
--
insert into  ct_heap_alter_part_exchange_default_part4 values ( generate_series(5,50),generate_series(15,60));
INSERT 0 46
insert into ct_heap_alter_part_exchange_default_part4_A values ( generate_series(1,10),generate_series(21,30));
INSERT 0 10
--
-- CT HEAP TABLE 5
--
CREATE TABLE  ct_heap_alter_part_exchange_default_part5 (
        unique1         int4,
        unique2         int4
)    partition by range (unique1)
( partition aa start (0) end (500) every (100), default partition default_part );
psql:/path/sql_file:1: NOTICE:  Table doesn't have 'DISTRIBUTED BY' clause -- Using column named 'unique1' as the Greenplum Database data distribution key for this table.
HINT:  The 'DISTRIBUTED BY' clause determines the distribution of data. Make sure column(s) chosen are the optimal data distribution key to minimize skew.
psql:/path/sql_file:1: NOTICE:  CREATE TABLE will create partition "ct_heap_alter_part_exchange_default_part5_1_prt_default_part" for table "ct_heap_alter_part_exchange_default_part5"
psql:/path/sql_file:1: NOTICE:  CREATE TABLE will create partition "ct_heap_alter_part_exchange_default_part5_1_prt_aa_1" for table "ct_heap_alter_part_exchange_default_part5"
psql:/path/sql_file:1: NOTICE:  CREATE TABLE will create partition "ct_heap_alter_part_exchange_default_part5_1_prt_aa_2" for table "ct_heap_alter_part_exchange_default_part5"
psql:/path/sql_file:1: NOTICE:  CREATE TABLE will create partition "ct_heap_alter_part_exchange_default_part5_1_prt_aa_3" for table "ct_heap_alter_part_exchange_default_part5"
psql:/path/sql_file:1: NOTICE:  CREATE TABLE will create partition "ct_heap_alter_part_exchange_default_part5_1_prt_aa_4" for table "ct_heap_alter_part_exchange_default_part5"
psql:/path/sql_file:1: NOTICE:  CREATE TABLE will create partition "ct_heap_alter_part_exchange_default_part5_1_prt_aa_5" for table "ct_heap_alter_part_exchange_default_part5"
CREATE TABLE
CREATE TABLE  ct_heap_alter_part_exchange_default_part5_A (
        unique1         int4,
        unique2         int4) ;
psql:/path/sql_file:1: NOTICE:  Table doesn't have 'DISTRIBUTED BY' clause -- Using column named 'unique1' as the Greenplum Database data distribution key for this table.
HINT:  The 'DISTRIBUTED BY' clause determines the distribution of data. Make sure column(s) chosen are the optimal data distribution key to minimize skew.
CREATE TABLE
--
-- Insert few records into the table
--
insert into  ct_heap_alter_part_exchange_default_part5 values ( generate_series(5,50),generate_series(15,60));
INSERT 0 46
insert into  ct_heap_alter_part_exchange_default_part5_A values ( generate_series(1,10),generate_series(21,30));
INSERT 0 10
--
--
-- ALTER SYNC1 HEAP EXCHANGE DEFAULT PART
--
--
--
-- ALTER PARTITION TABLE EXCHANGE DEFAULT PARTITION
--
alter table sync1_heap_alter_part_exchange_default_part4 exchange default partition with table sync1_heap_alter_part_exchange_default_part4_A;
psql:/path/sql_file:1: NOTICE:  exchanged partition "default_part" of relation "sync1_heap_alter_part_exchange_default_part4" with relation "sync1_heap_alter_part_exchange_default_part4_a"
ALTER TABLE
--
-- Insert few records into the table
--
insert into sync1_heap_alter_part_exchange_default_part4 values ( generate_series(5,50),generate_series(15,60));
INSERT 0 46
insert into sync1_heap_alter_part_exchange_default_part4_A values ( generate_series(1,10),generate_series(21,30));
INSERT 0 10
--
-- select from the Table
--
select count(*) from sync1_heap_alter_part_exchange_default_part4;
 count 
-------
   102
(1 row)

--
-- ALTER PARTITION TABLE EXCHANGE DEFAULT PARTITION 
--
alter table sync1_heap_alter_part_exchange_default_part4 exchange default partition with table sync1_heap_alter_part_exchange_default_part4_A with validation;
psql:/path/sql_file:1: NOTICE:  exchanged partition "default_part" of relation "sync1_heap_alter_part_exchange_default_part4" with relation "sync1_heap_alter_part_exchange_default_part4_a"
ALTER TABLE
--
-- Insert few records into the table
--
insert into sync1_heap_alter_part_exchange_default_part4 values ( generate_series(5,50),generate_series(15,60));
INSERT 0 46
insert into sync1_heap_alter_part_exchange_default_part4_A values ( generate_series(1,10),generate_series(21,30));
INSERT 0 10
--
-- select from the Table
--
select count(*) from sync1_heap_alter_part_exchange_default_part4;
 count 
-------
   148
(1 row)

--
-- ALTER PARTITION TABLE EXCHANGE DEFAULT PARTITION
--
alter table sync1_heap_alter_part_exchange_default_part4 exchange default partition with table sync1_heap_alter_part_exchange_default_part4_A without validation;
psql:/path/sql_file:1: NOTICE:  exchanged partition "default_part" of relation "sync1_heap_alter_part_exchange_default_part4" with relation "sync1_heap_alter_part_exchange_default_part4_a"
ALTER TABLE
--
-- Insert few records into the table
--
insert into sync1_heap_alter_part_exchange_default_part4 values ( generate_series(5,50),generate_series(15,60));
INSERT 0 46
insert into sync1_heap_alter_part_exchange_default_part4_A values ( generate_series(1,10),generate_series(21,30));
INSERT 0 10
--
-- select from the Table
--
select count(*) from sync1_heap_alter_part_exchange_default_part4;
 count 
-------
   204
(1 row)

--
--
-- ALTER CK_SYNC1 HEAP EXCHANGE DEFAULT PART
--
--
--
-- ALTER PARTITION TABLE EXCHANGE DEFAULT PARTITION
--
alter table ck_sync1_heap_alter_part_exchange_default_part3 exchange default partition with table ck_sync1_heap_alter_part_exchange_default_part3_A;
psql:/path/sql_file:1: NOTICE:  exchanged partition "default_part" of relation "ck_sync1_heap_alter_part_exchange_default_part3" with relation "ck_sync1_heap_alter_part_exchange_default_part3_a"
ALTER TABLE
--
-- Insert few records into the table
--
insert into ck_sync1_heap_alter_part_exchange_default_part3 values ( generate_series(5,50),generate_series(15,60));
INSERT 0 46
insert into ck_sync1_heap_alter_part_exchange_default_part3_A values ( generate_series(1,10),generate_series(21,30));
INSERT 0 10
--
-- select from the Table
--
select count(*) from ck_sync1_heap_alter_part_exchange_default_part3;
 count 
-------
   102
(1 row)

--
-- ALTER PARTITION TABLE EXCHANGE DEFAULT PARTITION 
--
alter table ck_sync1_heap_alter_part_exchange_default_part3 exchange default partition with table ck_sync1_heap_alter_part_exchange_default_part3_A with validation;
psql:/path/sql_file:1: NOTICE:  exchanged partition "default_part" of relation "ck_sync1_heap_alter_part_exchange_default_part3" with relation "ck_sync1_heap_alter_part_exchange_default_part3_a"
ALTER TABLE
--
-- Insert few records into the table
--
insert into ck_sync1_heap_alter_part_exchange_default_part3 values ( generate_series(5,50),generate_series(15,60));
INSERT 0 46
insert into ck_sync1_heap_alter_part_exchange_default_part3_A values ( generate_series(1,10),generate_series(21,30));
INSERT 0 10
--
-- select from the Table
--
select count(*) from ck_sync1_heap_alter_part_exchange_default_part3;
 count 
-------
   148
(1 row)

--
-- ALTER PARTITION TABLE EXCHANGE DEFAULT PARTITION
--
alter table ck_sync1_heap_alter_part_exchange_default_part3 exchange default partition with table ck_sync1_heap_alter_part_exchange_default_part3_A without validation;
psql:/path/sql_file:1: NOTICE:  exchanged partition "default_part" of relation "ck_sync1_heap_alter_part_exchange_default_part3" with relation "ck_sync1_heap_alter_part_exchange_default_part3_a"
ALTER TABLE
--
-- Insert few records into the table
--
insert into ck_sync1_heap_alter_part_exchange_default_part3 values ( generate_series(5,50),generate_series(15,60));
INSERT 0 46
insert into ck_sync1_heap_alter_part_exchange_default_part3_A values ( generate_series(1,10),generate_series(21,30));
INSERT 0 10
--
-- select from the Table
--
select count(*) from ck_sync1_heap_alter_part_exchange_default_part3;
 count 
-------
   204
(1 row)


--
--
-- ALTER CT HEAP EXCHANGE DEFAULT PART
--
--
--
-- ALTER PARTITION TABLE EXCHANGE DEFAULT PARTITION
--
alter table ct_heap_alter_part_exchange_default_part1 exchange default partition with table ct_heap_alter_part_exchange_default_part1_A;
psql:/path/sql_file:1: NOTICE:  exchanged partition "default_part" of relation "ct_heap_alter_part_exchange_default_part1" with relation "ct_heap_alter_part_exchange_default_part1_a"
ALTER TABLE
--
-- Insert few records into the table
--
insert into ct_heap_alter_part_exchange_default_part1 values ( generate_series(5,50),generate_series(15,60));
INSERT 0 46
insert into ct_heap_alter_part_exchange_default_part1_A values ( generate_series(1,10),generate_series(21,30));
INSERT 0 10
--
-- select from the Table
--
select count(*) from ct_heap_alter_part_exchange_default_part1;
 count 
-------
   102
(1 row)

--
-- ALTER PARTITION TABLE EXCHANGE DEFAULT PARTITION 
--
alter table ct_heap_alter_part_exchange_default_part1 exchange default partition with table ct_heap_alter_part_exchange_default_part1_A with validation;
psql:/path/sql_file:1: NOTICE:  exchanged partition "default_part" of relation "ct_heap_alter_part_exchange_default_part1" with relation "ct_heap_alter_part_exchange_default_part1_a"
ALTER TABLE
--
-- Insert few records into the table
--
insert into ct_heap_alter_part_exchange_default_part1 values ( generate_series(5,50),generate_series(15,60));
INSERT 0 46
insert into ct_heap_alter_part_exchange_default_part1_A values ( generate_series(1,10),generate_series(21,30));
INSERT 0 10
--
-- select from the Table
--
select count(*) from ct_heap_alter_part_exchange_default_part1;
 count 
-------
   148
(1 row)

--
-- ALTER PARTITION TABLE EXCHANGE DEFAULT PARTITION
--
alter table ct_heap_alter_part_exchange_default_part1 exchange default partition with table ct_heap_alter_part_exchange_default_part1_A without validation;
psql:/path/sql_file:1: NOTICE:  exchanged partition "default_part" of relation "ct_heap_alter_part_exchange_default_part1" with relation "ct_heap_alter_part_exchange_default_part1_a"
ALTER TABLE
--
-- Insert few records into the table
--
insert into ct_heap_alter_part_exchange_default_part1 values ( generate_series(5,50),generate_series(15,60));
INSERT 0 46
insert into ct_heap_alter_part_exchange_default_part1_A values ( generate_series(1,10),generate_series(21,30));
INSERT 0 10
--
-- select from the Table
--
select count(*) from ct_heap_alter_part_exchange_default_part1;
 count 
-------
   204
(1 row)

