-- start_ignore
SET optimizer=off;
SET
-- end_ignore
-- 
-- @created 2014-04-14 12:00:00
-- @modified 2014-04-14 12:00:00
-- @tags storage
-- @description AOCO multivarblock table : drop column with default value NULL
alter table multivarblock_bitab ADD COLUMN added_col22 character varying(35) default NULL;
ALTER TABLE
select count(*) as added_col22 from pg_attribute pa, pg_class pc where pa.attrelid = pc.oid and pc.relname='multivarblock_bitab' and attname='added_col22';
 added_col22 
-------------
           1
(1 row)

alter table multivarblock_bitab DROP COLUMN added_col22;
ALTER TABLE
select count(*) as added_col22 from pg_attribute pa, pg_class pc where pa.attrelid = pc.oid and pc.relname='multivarblock_bitab' and attname='added_col22';
 added_col22 
-------------
           0
(1 row)

VACUUM multivarblock_bitab;
VACUUM
