-- @Description Checks analyze behavior w.r.t. to statistics
-- 

insert into ao2 select i,'aa'||i from generate_series(21,30) as i;
INSERT 0 10
select reltuples from pg_class where relname = 'ao2';
 reltuples 
-----------
        10
(1 row)
select count(*)  from ao2;
 count 
-------
    10
(1 row)
insert into ao2 select i,'aa'||i from generate_series(21,30) as i;
INSERT 0 10
select count(*)  from ao2;
 count 
-------
    20
(1 row)
select reltuples from pg_class where relname = 'ao2';
 reltuples 
-----------
        10
(1 row)
insert into ao2 select i,'aa'||i from generate_series(21,30) as i;
INSERT 0 10
select reltuples from pg_class where relname = 'ao2';
 reltuples 
-----------
        10
(1 row)
select count(*)  from ao2;
 count 
-------
    30
(1 row)
delete from ao2 where i < 27;
DELETE 18
analyze ao2;
ANALYZE
select count(*)  from ao2;
 count 
-------
    12
(1 row)
select reltuples from pg_class where relname = 'ao2';
 reltuples 
-----------
        12
(1 row)
