CREATE OR REPLACE FUNCTION describe_spi(internal) RETURNS internal AS '$libdir/tabfunc_gppc_demo' LANGUAGE c;
CREATE FUNCTION
CREATE OR REPLACE FUNCTION project_spi(anytable, text) RETURNS SETOF record AS '$libdir/tabfunc_gppc_demo' LANGUAGE c WITH(describe=describe_spi);
CREATE FUNCTION
SELECT * FROM project_spi(TABLE(SELECT a::text FROM generate_series(1, 10)a SCATTER BY a), 'SELECT $$foo$$') ORDER BY 1;
  foo  
-------
 foo1
 foo10
 foo2
 foo3
 foo4
 foo5
 foo6
 foo7
 foo8
 foo9
(10 rows)

