-- start_ignore
SET optimizer=off;
SET
-- end_ignore
    -- create describe (callback) function
    -- both input and output type must be internal
    CREATE OR REPLACE FUNCTION project_desc(internal)
    RETURNS internal
    AS '$libdir/tabfunc_gppc_demo', 'project_describe'
    LANGUAGE C;
CREATE FUNCTION
    -- create dynamic return type (drt) table function
    -- using the callback function
    -- the return type must be defined as set of record
    CREATE OR REPLACE FUNCTION project(anytable, integer)
    RETURNS setof record
    AS '$libdir/tabfunc_gppc_demo', 'project'
    LANGUAGE C
    WITH (describe = project_desc);
CREATE FUNCTION
    -- ETF subquery using view
    drop view if exists history_v;
DROP VIEW
    create view history_v as (
    select * from history order by id);
CREATE VIEW
    SELECT * FROM project( 
        TABLE( SELECT * FROM history_v order by id scatter by id), 1) 
    where id < 3 order by 1;
 id 
----
  1
  1
  1
  1
  2
  2
  2
  2
(8 rows)

    DROP FUNCTION project(anytable, integer);
DROP FUNCTION
    DROP FUNCTION project_desc(internal);
DROP FUNCTION
