SELECT * FROM transform( TABLE(
          select b,a from transform (TABLE(
              select a,e from t1 where a < 5
          ) )
      ) ) order by a;
   a   | b 
-------+---
 text1 | 1
 text2 | 2
 text3 | 3
 text4 | 4
(4 rows)

SELECT * FROM transform( TABLE(
          select b,a from transform (TABLE(
              select a,e from t1 where a < 5
              order by d
              scatter by c
          ) )
          order by b
          scatter by a
      ) )
      order by b desc;
   a   | b 
-------+---
 text4 | 4
 text3 | 3
 text2 | 2
 text1 | 1
(4 rows)

SELECT * FROM transform( TABLE(
      SELECT b,a FROM transform( TABLE(
          select b,a from transform (TABLE(
              select a,e from t1 where a < 5
              order by d
              scatter randomly
          ) )
          order by b
          scatter by a
      ) )
      order by b desc
      scatter by b)) order by a;
   a   | b 
-------+---
 text1 | 1
 text2 | 2
 text3 | 3
 text4 | 4
(4 rows)

