-- start_ignore
SET optimizer=off;
SET
-- end_ignore
    -- create describe (callback) function
    -- both input and output type must be internal
    CREATE OR REPLACE FUNCTION project_desc(internal)
    RETURNS internal
    AS '$libdir/tabfunc_gppc_demo', 'project_describe'
    LANGUAGE C;
CREATE FUNCTION
    -- create dynamic return type (drt) table function
    -- using the callback function
    -- the return type must be defined as set of record
    CREATE OR REPLACE FUNCTION project(anytable, integer)
    RETURNS setof record
    AS '$libdir/tabfunc_gppc_demo', 'project'
    LANGUAGE C
    WITH (describe = project_desc);
CREATE FUNCTION
-- Negative: Invalid column reference
SELECT time FROM project( TABLE( SELECT * FROM history ), 1);
psql:/path/sql_file:1: ERROR:  column "time" does not exist
LINE 1: SELECT time FROM project( TABLE( SELECT * FROM history ), 1)...
               ^
SELECT id FROM project( TABLE( SELECT time,id FROM history ), 1);
psql:/path/sql_file:1: ERROR:  column "id" does not exist
LINE 1: SELECT id FROM project( TABLE( SELECT time,id FROM history )...
               ^
