-- start_ignore
-- end_ignore
\echo --start_ignore
--start_ignore
drop external table bigint_heap;
DROP EXTERNAL TABLE
drop external table bigint_writehdfs;
DROP EXTERNAL TABLE
drop external table bigint_readhdfs_mapreduce;
psql:/path/sql_file:1: ERROR:  table "bigint_readhdfs_mapreduce" does not exist
drop external table bigint_readhdfs_mapred;
psql:/path/sql_file:1: ERROR:  table "bigint_readhdfs_mapred" does not exist
drop external table bigint_verification;
DROP EXTERNAL TABLE
\echo --end_ignore
--end_ignore
create readable external table bigint_heap(datatype_bigint varchar,xcount_bigint bigint, max_bigint bigint, min_bigint bigint, x_bigint bigint, reverse_bigint bigint, increment_bigint bigint, nullcol_bigint bigint) location ('gpfdist://sdw1.dh.greenplum.com:8080/bigint.txt')format 'TEXT';
CREATE EXTERNAL TABLE
create writable external table bigint_writehdfs(like bigint_heap) location ('gphdfs://sdw1.dh.greenplum.com:8020/extwrite/bigint')format 'custom' (formatter='gphdfs_export');
psql:/path/sql_file:1: NOTICE:  Table doesn't have 'distributed by' clause, defaulting to distribution columns from LIKE table
CREATE EXTERNAL TABLE
insert into bigint_writehdfs select * from bigint_heap;
INSERT 0 5000
\!export HADOOP_HOME=/usr/lib/gphd/hadoop/; source /data/gpadmin/gpdb/greenplum/lib/hadoop/hadoop_env.sh; java -cp .:$CLASSPATH:/data/gpadmin/gpdb/greenplum/lib/hadoop/gphd-2.0.2-gnet-1.2.0.0.jar:/data/gpadmin/workspace/tincrepo/main/mpp/gpdb/tests/package/gphdfs/maptest.jar -Dhdfshost=sdw1.dh.greenplum.com -Ddatanodeport=8020 -Djobtrackerhost=sdw1.dh.greenplum.com -Djobtrackerport=8020  -DcompressionType=none javaclasses/TestHadoopIntegration mapreduce Mapreduce_mapper_GPDBIn /extwrite/bigint /mapreduce/bigint_text/ 
14/08/15 12:52:12 INFO Configuration.deprecation: fs.default.name is deprecated. Instead, use fs.defaultFS
14/08/15 12:52:13 WARN util.NativeCodeLoader: Unable to load native-hadoop library for your platform... using builtin-java classes where applicable
14/08/15 12:52:13 INFO client.RMProxy: Connecting to ResourceManager at /0.0.0.0:8032
14/08/15 12:52:14 INFO hdfs.DFSClient: Created HDFS_DELEGATION_TOKEN token 141 for gpadmin on 192.168.2.100:8020
14/08/15 12:52:14 INFO security.TokenCache: Got dt for hdfs://sdw1.dh.greenplum.com:8020; Kind: HDFS_DELEGATION_TOKEN, Service: 192.168.2.100:8020, Ident: (HDFS_DELEGATION_TOKEN token 141 for gpadmin)
14/08/15 12:52:14 WARN mapreduce.JobSubmitter: Hadoop command-line option parsing not performed. Implement the Tool interface and execute your application with ToolRunner to remedy this.
14/08/15 12:52:14 INFO input.FileInputFormat: Total input paths to process : 2
14/08/15 12:52:14 INFO mapreduce.JobSubmitter: number of splits:2
14/08/15 12:52:14 INFO Configuration.deprecation: user.name is deprecated. Instead, use mapreduce.job.user.name
14/08/15 12:52:14 INFO Configuration.deprecation: mapred.jar is deprecated. Instead, use mapreduce.job.jar
14/08/15 12:52:14 INFO Configuration.deprecation: fs.default.name is deprecated. Instead, use fs.defaultFS
14/08/15 12:52:14 INFO Configuration.deprecation: mapred.job.reduce.memory.mb is deprecated. Instead, use mapreduce.reduce.memory.mb
14/08/15 12:52:14 INFO Configuration.deprecation: mapred.output.value.class is deprecated. Instead, use mapreduce.job.output.value.class
14/08/15 12:52:14 INFO Configuration.deprecation: mapreduce.map.class is deprecated. Instead, use mapreduce.job.map.class
14/08/15 12:52:14 INFO Configuration.deprecation: mapred.job.name is deprecated. Instead, use mapreduce.job.name
14/08/15 12:52:14 INFO Configuration.deprecation: mapred.job.tracker is deprecated. Instead, use mapreduce.jobtracker.address
14/08/15 12:52:14 INFO Configuration.deprecation: mapreduce.inputformat.class is deprecated. Instead, use mapreduce.job.inputformat.class
14/08/15 12:52:14 INFO Configuration.deprecation: mapred.input.dir is deprecated. Instead, use mapreduce.input.fileinputformat.inputdir
14/08/15 12:52:14 INFO Configuration.deprecation: mapred.output.dir is deprecated. Instead, use mapreduce.output.fileoutputformat.outputdir
14/08/15 12:52:14 INFO Configuration.deprecation: mapreduce.outputformat.class is deprecated. Instead, use mapreduce.job.outputformat.class
14/08/15 12:52:14 INFO Configuration.deprecation: mapred.map.tasks is deprecated. Instead, use mapreduce.job.maps
14/08/15 12:52:14 INFO Configuration.deprecation: mapred.output.key.class is deprecated. Instead, use mapreduce.job.output.key.class
14/08/15 12:52:14 INFO Configuration.deprecation: mapred.job.map.memory.mb is deprecated. Instead, use mapreduce.map.memory.mb
14/08/15 12:52:14 INFO Configuration.deprecation: mapred.working.dir is deprecated. Instead, use mapreduce.job.working.dir
14/08/15 12:52:15 INFO mapreduce.JobSubmitter: Submitting tokens for job: job_1408131000469_0025
14/08/15 12:52:15 INFO mapreduce.JobSubmitter: Kind: HDFS_DELEGATION_TOKEN, Service: 192.168.2.100:8020, Ident: (HDFS_DELEGATION_TOKEN token 141 for gpadmin)
14/08/15 12:52:15 INFO impl.YarnClientImpl: Submitted application application_1408131000469_0025 to ResourceManager at /0.0.0.0:8032
14/08/15 12:52:15 INFO mapreduce.Job: The url to track the job: http://0.0.0.0:9999/proxy/application_1408131000469_0025/
14/08/15 12:52:15 INFO mapreduce.Job: Running job: job_1408131000469_0025
14/08/15 12:52:24 INFO mapreduce.Job: Job job_1408131000469_0025 running in uber mode : false
14/08/15 12:52:24 INFO mapreduce.Job:  map 0% reduce 0%
14/08/15 12:52:30 INFO mapreduce.Job:  map 100% reduce 0%
14/08/15 12:52:36 INFO mapreduce.Job:  map 100% reduce 100%
14/08/15 12:52:36 INFO mapreduce.Job: Job job_1408131000469_0025 completed successfully
14/08/15 12:52:36 INFO mapreduce.Job: Counters: 43
	File System Counters
		FILE: Number of bytes read=1057786
		FILE: Number of bytes written=2369699
		FILE: Number of read operations=0
		FILE: Number of large read operations=0
		FILE: Number of write operations=0
		HDFS: Number of bytes read=687128
		HDFS: Number of bytes written=1037780
		HDFS: Number of read operations=11
		HDFS: Number of large read operations=0
		HDFS: Number of write operations=2
	Job Counters 
		Launched map tasks=2
		Launched reduce tasks=1
		Data-local map tasks=2
		Total time spent by all maps in occupied slots (ms)=22140
		Total time spent by all reduces in occupied slots (ms)=11103
	Map-Reduce Framework
		Map input records=5000
		Map output records=5000
		Map output bytes=1042780
		Map output materialized bytes=1057792
		Input split bytes=276
		Combine input records=0
		Combine output records=0
		Reduce input groups=5000
		Reduce shuffle bytes=1057792
		Reduce input records=5000
		Reduce output records=5000
		Spilled Records=10000
		Shuffled Maps =2
		Failed Shuffles=0
		Merged Map outputs=2
		GC time elapsed (ms)=71
		CPU time spent (ms)=4220
		Physical memory (bytes) snapshot=1793048576
		Virtual memory (bytes) snapshot=8288669696
		Total committed heap usage (bytes)=2242641920
	Shuffle Errors
		BAD_ID=0
		CONNECTION=0
		IO_ERROR=0
		WRONG_LENGTH=0
		WRONG_MAP=0
		WRONG_REDUCE=0
	File Input Format Counters 
		Bytes Read=686852
	File Output Format Counters 
		Bytes Written=1037780
\!export HADOOP_HOME=/usr/lib/gphd/hadoop/; source /data/gpadmin/gpdb/greenplum/lib/hadoop/hadoop_env.sh; java -cp .:$CLASSPATH:/data/gpadmin/gpdb/greenplum/lib/hadoop/gphd-2.0.2-gnet-1.2.0.0.jar:/data/gpadmin/workspace/tincrepo/main/mpp/gpdb/tests/package/gphdfs/maptest.jar -Dhdfshost=sdw1.dh.greenplum.com -Ddatanodeport=8020 -Djobtrackerhost=sdw1.dh.greenplum.com -Djobtrackerport=8020  -DcompressionType=none javaclasses/TestHadoopIntegration mapred Mapred_mapper_GPDBIn /extwrite/bigint /mapred/bigint_text/
14/08/15 12:52:37 INFO Configuration.deprecation: fs.default.name is deprecated. Instead, use fs.defaultFS
14/08/15 12:52:37 INFO Configuration.deprecation: mapred.job.tracker is deprecated. Instead, use mapreduce.jobtracker.address
14/08/15 12:52:37 INFO Configuration.deprecation: mapred.job.map.memory.mb is deprecated. Instead, use mapreduce.map.memory.mb
14/08/15 12:52:37 INFO Configuration.deprecation: mapred.job.reduce.memory.mb is deprecated. Instead, use mapreduce.reduce.memory.mb
14/08/15 12:52:38 WARN util.NativeCodeLoader: Unable to load native-hadoop library for your platform... using builtin-java classes where applicable
14/08/15 12:52:39 INFO client.RMProxy: Connecting to ResourceManager at /0.0.0.0:8032
14/08/15 12:52:39 INFO client.RMProxy: Connecting to ResourceManager at /0.0.0.0:8032
14/08/15 12:52:39 INFO hdfs.DFSClient: Created HDFS_DELEGATION_TOKEN token 142 for gpadmin on 192.168.2.100:8020
14/08/15 12:52:39 INFO security.TokenCache: Got dt for hdfs://sdw1.dh.greenplum.com:8020; Kind: HDFS_DELEGATION_TOKEN, Service: 192.168.2.100:8020, Ident: (HDFS_DELEGATION_TOKEN token 142 for gpadmin)
14/08/15 12:52:39 WARN mapreduce.JobSubmitter: Hadoop command-line option parsing not performed. Implement the Tool interface and execute your application with ToolRunner to remedy this.
14/08/15 12:52:40 INFO mapred.FileInputFormat: Total input paths to process : 2
14/08/15 12:52:40 INFO mapreduce.JobSubmitter: number of splits:2
14/08/15 12:52:40 INFO Configuration.deprecation: user.name is deprecated. Instead, use mapreduce.job.user.name
14/08/15 12:52:40 INFO Configuration.deprecation: mapred.jar is deprecated. Instead, use mapreduce.job.jar
14/08/15 12:52:40 INFO Configuration.deprecation: fs.default.name is deprecated. Instead, use fs.defaultFS
14/08/15 12:52:40 INFO Configuration.deprecation: mapred.output.value.class is deprecated. Instead, use mapreduce.job.output.value.class
14/08/15 12:52:40 INFO Configuration.deprecation: mapred.job.name is deprecated. Instead, use mapreduce.job.name
14/08/15 12:52:40 INFO Configuration.deprecation: mapred.job.tracker is deprecated. Instead, use mapreduce.jobtracker.address
14/08/15 12:52:40 INFO Configuration.deprecation: mapred.input.dir is deprecated. Instead, use mapreduce.input.fileinputformat.inputdir
14/08/15 12:52:40 INFO Configuration.deprecation: mapred.output.dir is deprecated. Instead, use mapreduce.output.fileoutputformat.outputdir
14/08/15 12:52:40 INFO Configuration.deprecation: mapred.map.tasks is deprecated. Instead, use mapreduce.job.maps
14/08/15 12:52:40 INFO Configuration.deprecation: mapred.output.key.class is deprecated. Instead, use mapreduce.job.output.key.class
14/08/15 12:52:40 INFO Configuration.deprecation: mapred.working.dir is deprecated. Instead, use mapreduce.job.working.dir
14/08/15 12:52:40 INFO mapreduce.JobSubmitter: Submitting tokens for job: job_1408131000469_0026
14/08/15 12:52:40 INFO mapreduce.JobSubmitter: Kind: HDFS_DELEGATION_TOKEN, Service: 192.168.2.100:8020, Ident: (HDFS_DELEGATION_TOKEN token 142 for gpadmin)
14/08/15 12:52:40 INFO impl.YarnClientImpl: Submitted application application_1408131000469_0026 to ResourceManager at /0.0.0.0:8032
14/08/15 12:52:40 INFO mapreduce.Job: The url to track the job: http://0.0.0.0:9999/proxy/application_1408131000469_0026/
14/08/15 12:52:40 INFO mapreduce.Job: Running job: job_1408131000469_0026
14/08/15 12:52:52 INFO mapreduce.Job: Job job_1408131000469_0026 running in uber mode : false
14/08/15 12:52:52 INFO mapreduce.Job:  map 0% reduce 0%
14/08/15 12:52:57 INFO mapreduce.Job:  map 100% reduce 0%
14/08/15 12:53:03 INFO mapreduce.Job:  map 100% reduce 100%
14/08/15 12:53:04 INFO mapreduce.Job: Job job_1408131000469_0026 completed successfully
14/08/15 12:53:04 INFO mapreduce.Job: Counters: 43
	File System Counters
		FILE: Number of bytes read=1057786
		FILE: Number of bytes written=2369207
		FILE: Number of read operations=0
		FILE: Number of large read operations=0
		FILE: Number of write operations=0
		HDFS: Number of bytes read=687102
		HDFS: Number of bytes written=1037780
		HDFS: Number of read operations=11
		HDFS: Number of large read operations=0
		HDFS: Number of write operations=2
	Job Counters 
		Launched map tasks=2
		Launched reduce tasks=1
		Data-local map tasks=2
		Total time spent by all maps in occupied slots (ms)=21087
		Total time spent by all reduces in occupied slots (ms)=10833
	Map-Reduce Framework
		Map input records=5000
		Map output records=5000
		Map output bytes=1042780
		Map output materialized bytes=1057792
		Input split bytes=250
		Combine input records=0
		Combine output records=0
		Reduce input groups=5000
		Reduce shuffle bytes=1057792
		Reduce input records=5000
		Reduce output records=5000
		Spilled Records=10000
		Shuffled Maps =2
		Failed Shuffles=0
		Merged Map outputs=2
		GC time elapsed (ms)=56
		CPU time spent (ms)=4120
		Physical memory (bytes) snapshot=1790029824
		Virtual memory (bytes) snapshot=8288530432
		Total committed heap usage (bytes)=2242641920
	Shuffle Errors
		BAD_ID=0
		CONNECTION=0
		IO_ERROR=0
		WRONG_LENGTH=0
		WRONG_MAP=0
		WRONG_REDUCE=0
	File Input Format Counters 
		Bytes Read=686852
	File Output Format Counters 
		Bytes Written=1037780
\!/usr/lib/gphd/hadoop//bin/hadoop fs -cat /mapreduce/bigint_text/part* | sort --general-numeric-sort > /tmp/mapreduceOut.txt
\!/usr/lib/gphd/hadoop//bin/hadoop fs -cat /mapred/bigint_text/part* | sort --general-numeric-sort > /tmp/mapredOut.txt
\!diff /tmp/mapreduceOut.txt /tmp/mapredOut.txt
\!/data/gpadmin/workspace/tincrepo/main/mpp/gpdb/tests/package/gphdfs/sql/parsefile.py /tmp/mapreduceOut.txt /tmp/bigint_verification.txt
create readable external table bigint_verification(like bigint_heap) location ('gpfdist://sdw1.dh.greenplum.com:8080/bigint.txt')format 'TEXT';
CREATE EXTERNAL TABLE
(select * from bigint_verification except select * from bigint_heap) union (select * from bigint_heap except select * from bigint_verification);
 datatype_bigint | xcount_bigint | max_bigint | min_bigint | x_bigint | reverse_bigint | increment_bigint | nullcol_bigint 
-----------------+---------------+------------+------------+----------+----------------+------------------+----------------
(0 rows)

\!export HADOOP_HOME=/usr/lib/gphd/hadoop/; source /data/gpadmin/gpdb/greenplum/lib/hadoop/hadoop_env.sh; java -cp .:$CLASSPATH:/data/gpadmin/gpdb/greenplum/lib/hadoop/gphd-2.0.2-gnet-1.2.0.0.jar:/data/gpadmin/workspace/tincrepo/main/mpp/gpdb/tests/package/gphdfs/maptest.jar -Dhdfshost=sdw1.dh.greenplum.com -Ddatanodeport=8020 -Djobtrackerhost=sdw1.dh.greenplum.com -Djobtrackerport=8020  -DcompressionType=block javaclasses/TestHadoopIntegration mapreduce Mapreduce_mapper_GPDBIn /extwrite/bigint /mapreduce/blockcomp/bigint_text/
14/08/15 12:53:11 INFO Configuration.deprecation: fs.default.name is deprecated. Instead, use fs.defaultFS
14/08/15 12:53:11 WARN util.NativeCodeLoader: Unable to load native-hadoop library for your platform... using builtin-java classes where applicable
14/08/15 12:53:12 INFO client.RMProxy: Connecting to ResourceManager at /0.0.0.0:8032
14/08/15 12:53:13 INFO hdfs.DFSClient: Created HDFS_DELEGATION_TOKEN token 143 for gpadmin on 192.168.2.100:8020
14/08/15 12:53:13 INFO security.TokenCache: Got dt for hdfs://sdw1.dh.greenplum.com:8020; Kind: HDFS_DELEGATION_TOKEN, Service: 192.168.2.100:8020, Ident: (HDFS_DELEGATION_TOKEN token 143 for gpadmin)
14/08/15 12:53:13 WARN mapreduce.JobSubmitter: Hadoop command-line option parsing not performed. Implement the Tool interface and execute your application with ToolRunner to remedy this.
14/08/15 12:53:13 INFO input.FileInputFormat: Total input paths to process : 2
14/08/15 12:53:13 INFO mapreduce.JobSubmitter: number of splits:2
14/08/15 12:53:13 INFO Configuration.deprecation: user.name is deprecated. Instead, use mapreduce.job.user.name
14/08/15 12:53:13 INFO Configuration.deprecation: mapred.output.compress is deprecated. Instead, use mapreduce.output.fileoutputformat.compress
14/08/15 12:53:13 INFO Configuration.deprecation: mapred.jar is deprecated. Instead, use mapreduce.job.jar
14/08/15 12:53:13 INFO Configuration.deprecation: fs.default.name is deprecated. Instead, use fs.defaultFS
14/08/15 12:53:13 INFO Configuration.deprecation: mapred.job.reduce.memory.mb is deprecated. Instead, use mapreduce.reduce.memory.mb
14/08/15 12:53:13 INFO Configuration.deprecation: mapred.output.value.class is deprecated. Instead, use mapreduce.job.output.value.class
14/08/15 12:53:13 INFO Configuration.deprecation: mapreduce.map.class is deprecated. Instead, use mapreduce.job.map.class
14/08/15 12:53:13 INFO Configuration.deprecation: mapred.job.name is deprecated. Instead, use mapreduce.job.name
14/08/15 12:53:13 INFO Configuration.deprecation: mapred.job.tracker is deprecated. Instead, use mapreduce.jobtracker.address
14/08/15 12:53:13 INFO Configuration.deprecation: mapreduce.inputformat.class is deprecated. Instead, use mapreduce.job.inputformat.class
14/08/15 12:53:13 INFO Configuration.deprecation: mapred.output.compression.type is deprecated. Instead, use mapreduce.output.fileoutputformat.compress.type
14/08/15 12:53:13 INFO Configuration.deprecation: mapred.input.dir is deprecated. Instead, use mapreduce.input.fileinputformat.inputdir
14/08/15 12:53:13 INFO Configuration.deprecation: mapred.output.dir is deprecated. Instead, use mapreduce.output.fileoutputformat.outputdir
14/08/15 12:53:13 INFO Configuration.deprecation: mapreduce.outputformat.class is deprecated. Instead, use mapreduce.job.outputformat.class
14/08/15 12:53:13 INFO Configuration.deprecation: mapred.map.tasks is deprecated. Instead, use mapreduce.job.maps
14/08/15 12:53:13 INFO Configuration.deprecation: mapred.output.key.class is deprecated. Instead, use mapreduce.job.output.key.class
14/08/15 12:53:13 INFO Configuration.deprecation: mapred.job.map.memory.mb is deprecated. Instead, use mapreduce.map.memory.mb
14/08/15 12:53:13 INFO Configuration.deprecation: mapred.working.dir is deprecated. Instead, use mapreduce.job.working.dir
14/08/15 12:53:13 INFO mapreduce.JobSubmitter: Submitting tokens for job: job_1408131000469_0027
14/08/15 12:53:13 INFO mapreduce.JobSubmitter: Kind: HDFS_DELEGATION_TOKEN, Service: 192.168.2.100:8020, Ident: (HDFS_DELEGATION_TOKEN token 143 for gpadmin)
14/08/15 12:53:13 INFO impl.YarnClientImpl: Submitted application application_1408131000469_0027 to ResourceManager at /0.0.0.0:8032
14/08/15 12:53:13 INFO mapreduce.Job: The url to track the job: http://0.0.0.0:9999/proxy/application_1408131000469_0027/
14/08/15 12:53:13 INFO mapreduce.Job: Running job: job_1408131000469_0027
14/08/15 12:53:23 INFO mapreduce.Job: Job job_1408131000469_0027 running in uber mode : false
14/08/15 12:53:23 INFO mapreduce.Job:  map 0% reduce 0%
14/08/15 12:53:29 INFO mapreduce.Job:  map 100% reduce 0%
14/08/15 12:53:36 INFO mapreduce.Job:  map 100% reduce 100%
14/08/15 12:53:36 INFO mapreduce.Job: Job job_1408131000469_0027 completed successfully
14/08/15 12:53:36 INFO mapreduce.Job: Counters: 43
	File System Counters
		FILE: Number of bytes read=1057786
		FILE: Number of bytes written=2369705
		FILE: Number of read operations=0
		FILE: Number of large read operations=0
		FILE: Number of write operations=0
		HDFS: Number of bytes read=687128
		HDFS: Number of bytes written=59471
		HDFS: Number of read operations=11
		HDFS: Number of large read operations=0
		HDFS: Number of write operations=2
	Job Counters 
		Launched map tasks=2
		Launched reduce tasks=1
		Data-local map tasks=2
		Total time spent by all maps in occupied slots (ms)=25155
		Total time spent by all reduces in occupied slots (ms)=12135
	Map-Reduce Framework
		Map input records=5000
		Map output records=5000
		Map output bytes=1042780
		Map output materialized bytes=1057792
		Input split bytes=276
		Combine input records=0
		Combine output records=0
		Reduce input groups=5000
		Reduce shuffle bytes=1057792
		Reduce input records=5000
		Reduce output records=5000
		Spilled Records=10000
		Shuffled Maps =2
		Failed Shuffles=0
		Merged Map outputs=2
		GC time elapsed (ms)=71
		CPU time spent (ms)=4900
		Physical memory (bytes) snapshot=1796894720
		Virtual memory (bytes) snapshot=8290717696
		Total committed heap usage (bytes)=2242641920
	Shuffle Errors
		BAD_ID=0
		CONNECTION=0
		IO_ERROR=0
		WRONG_LENGTH=0
		WRONG_MAP=0
		WRONG_REDUCE=0
	File Input Format Counters 
		Bytes Read=686852
	File Output Format Counters 
		Bytes Written=59471
\!export HADOOP_HOME=/usr/lib/gphd/hadoop/; source /data/gpadmin/gpdb/greenplum/lib/hadoop/hadoop_env.sh; java -cp .:$CLASSPATH:/data/gpadmin/gpdb/greenplum/lib/hadoop/gphd-2.0.2-gnet-1.2.0.0.jar:/data/gpadmin/workspace/tincrepo/main/mpp/gpdb/tests/package/gphdfs/maptest.jar -Dhdfshost=sdw1.dh.greenplum.com -Ddatanodeport=8020 -Djobtrackerhost=sdw1.dh.greenplum.com -Djobtrackerport=8020  -DcompressionType=block javaclasses/TestHadoopIntegration mapred Mapred_mapper_GPDBIn /extwrite/bigint /mapred/blockcomp/bigint_text/
14/08/15 12:53:37 INFO Configuration.deprecation: fs.default.name is deprecated. Instead, use fs.defaultFS
14/08/15 12:53:37 INFO Configuration.deprecation: mapred.job.tracker is deprecated. Instead, use mapreduce.jobtracker.address
14/08/15 12:53:37 INFO Configuration.deprecation: mapred.job.map.memory.mb is deprecated. Instead, use mapreduce.map.memory.mb
14/08/15 12:53:37 INFO Configuration.deprecation: mapred.job.reduce.memory.mb is deprecated. Instead, use mapreduce.reduce.memory.mb
14/08/15 12:53:38 WARN util.NativeCodeLoader: Unable to load native-hadoop library for your platform... using builtin-java classes where applicable
14/08/15 12:53:39 INFO client.RMProxy: Connecting to ResourceManager at /0.0.0.0:8032
14/08/15 12:53:39 INFO client.RMProxy: Connecting to ResourceManager at /0.0.0.0:8032
14/08/15 12:53:39 INFO hdfs.DFSClient: Created HDFS_DELEGATION_TOKEN token 144 for gpadmin on 192.168.2.100:8020
14/08/15 12:53:39 INFO security.TokenCache: Got dt for hdfs://sdw1.dh.greenplum.com:8020; Kind: HDFS_DELEGATION_TOKEN, Service: 192.168.2.100:8020, Ident: (HDFS_DELEGATION_TOKEN token 144 for gpadmin)
14/08/15 12:53:39 WARN mapreduce.JobSubmitter: Hadoop command-line option parsing not performed. Implement the Tool interface and execute your application with ToolRunner to remedy this.
14/08/15 12:53:39 INFO mapred.FileInputFormat: Total input paths to process : 2
14/08/15 12:53:40 INFO mapreduce.JobSubmitter: number of splits:2
14/08/15 12:53:40 INFO Configuration.deprecation: user.name is deprecated. Instead, use mapreduce.job.user.name
14/08/15 12:53:40 INFO Configuration.deprecation: mapred.output.compress is deprecated. Instead, use mapreduce.output.fileoutputformat.compress
14/08/15 12:53:40 INFO Configuration.deprecation: mapred.jar is deprecated. Instead, use mapreduce.job.jar
14/08/15 12:53:40 INFO Configuration.deprecation: fs.default.name is deprecated. Instead, use fs.defaultFS
14/08/15 12:53:40 INFO Configuration.deprecation: mapred.output.value.class is deprecated. Instead, use mapreduce.job.output.value.class
14/08/15 12:53:40 INFO Configuration.deprecation: mapred.job.name is deprecated. Instead, use mapreduce.job.name
14/08/15 12:53:40 INFO Configuration.deprecation: mapred.job.tracker is deprecated. Instead, use mapreduce.jobtracker.address
14/08/15 12:53:40 INFO Configuration.deprecation: mapred.output.compression.type is deprecated. Instead, use mapreduce.output.fileoutputformat.compress.type
14/08/15 12:53:40 INFO Configuration.deprecation: mapred.input.dir is deprecated. Instead, use mapreduce.input.fileinputformat.inputdir
14/08/15 12:53:40 INFO Configuration.deprecation: mapred.output.dir is deprecated. Instead, use mapreduce.output.fileoutputformat.outputdir
14/08/15 12:53:40 INFO Configuration.deprecation: mapred.map.tasks is deprecated. Instead, use mapreduce.job.maps
14/08/15 12:53:40 INFO Configuration.deprecation: mapred.output.key.class is deprecated. Instead, use mapreduce.job.output.key.class
14/08/15 12:53:40 INFO Configuration.deprecation: mapred.working.dir is deprecated. Instead, use mapreduce.job.working.dir
14/08/15 12:53:40 INFO mapreduce.JobSubmitter: Submitting tokens for job: job_1408131000469_0028
14/08/15 12:53:40 INFO mapreduce.JobSubmitter: Kind: HDFS_DELEGATION_TOKEN, Service: 192.168.2.100:8020, Ident: (HDFS_DELEGATION_TOKEN token 144 for gpadmin)
14/08/15 12:53:40 INFO impl.YarnClientImpl: Submitted application application_1408131000469_0028 to ResourceManager at /0.0.0.0:8032
14/08/15 12:53:40 INFO mapreduce.Job: The url to track the job: http://0.0.0.0:9999/proxy/application_1408131000469_0028/
14/08/15 12:53:40 INFO mapreduce.Job: Running job: job_1408131000469_0028
14/08/15 12:53:50 INFO mapreduce.Job: Job job_1408131000469_0028 running in uber mode : false
14/08/15 12:53:50 INFO mapreduce.Job:  map 0% reduce 0%
14/08/15 12:53:56 INFO mapreduce.Job:  map 100% reduce 0%
14/08/15 12:54:02 INFO mapreduce.Job:  map 100% reduce 100%
14/08/15 12:54:03 INFO mapreduce.Job: Job job_1408131000469_0028 completed successfully
14/08/15 12:54:04 INFO mapreduce.Job: Counters: 43
	File System Counters
		FILE: Number of bytes read=1057786
		FILE: Number of bytes written=2369213
		FILE: Number of read operations=0
		FILE: Number of large read operations=0
		FILE: Number of write operations=0
		HDFS: Number of bytes read=687102
		HDFS: Number of bytes written=59471
		HDFS: Number of read operations=11
		HDFS: Number of large read operations=0
		HDFS: Number of write operations=2
	Job Counters 
		Launched map tasks=2
		Launched reduce tasks=1
		Data-local map tasks=2
		Total time spent by all maps in occupied slots (ms)=22170
		Total time spent by all reduces in occupied slots (ms)=11286
	Map-Reduce Framework
		Map input records=5000
		Map output records=5000
		Map output bytes=1042780
		Map output materialized bytes=1057792
		Input split bytes=250
		Combine input records=0
		Combine output records=0
		Reduce input groups=5000
		Reduce shuffle bytes=1057792
		Reduce input records=5000
		Reduce output records=5000
		Spilled Records=10000
		Shuffled Maps =2
		Failed Shuffles=0
		Merged Map outputs=2
		GC time elapsed (ms)=65
		CPU time spent (ms)=4190
		Physical memory (bytes) snapshot=1788932096
		Virtual memory (bytes) snapshot=8290717696
		Total committed heap usage (bytes)=2242641920
	Shuffle Errors
		BAD_ID=0
		CONNECTION=0
		IO_ERROR=0
		WRONG_LENGTH=0
		WRONG_MAP=0
		WRONG_REDUCE=0
	File Input Format Counters 
		Bytes Read=686852
	File Output Format Counters 
		Bytes Written=59471
\!export HADOOP_HOME=/usr/lib/gphd/hadoop/; source /data/gpadmin/gpdb/greenplum/lib/hadoop/hadoop_env.sh; java -cp .:$CLASSPATH:/data/gpadmin/gpdb/greenplum/lib/hadoop/gphd-2.0.2-gnet-1.2.0.0.jar:/data/gpadmin/workspace/tincrepo/main/mpp/gpdb/tests/package/gphdfs/maptest.jar -Dhdfshost=sdw1.dh.greenplum.com -Ddatanodeport=8020 -Djobtrackerhost=sdw1.dh.greenplum.com -Djobtrackerport=8020  -DcompressionType=none javaclasses/TestHadoopIntegration mapreduce Mapreduce_mapper_TEXT_INOUT /mapreduce/blockcomp/bigint_text/ /mapreduce/bigint/blockcompOut/bigint_text/
14/08/15 12:54:04 INFO Configuration.deprecation: fs.default.name is deprecated. Instead, use fs.defaultFS
14/08/15 12:54:05 WARN util.NativeCodeLoader: Unable to load native-hadoop library for your platform... using builtin-java classes where applicable
14/08/15 12:54:06 INFO client.RMProxy: Connecting to ResourceManager at /0.0.0.0:8032
14/08/15 12:54:06 INFO hdfs.DFSClient: Created HDFS_DELEGATION_TOKEN token 145 for gpadmin on 192.168.2.100:8020
14/08/15 12:54:06 INFO security.TokenCache: Got dt for hdfs://sdw1.dh.greenplum.com:8020; Kind: HDFS_DELEGATION_TOKEN, Service: 192.168.2.100:8020, Ident: (HDFS_DELEGATION_TOKEN token 145 for gpadmin)
14/08/15 12:54:06 WARN mapreduce.JobSubmitter: Hadoop command-line option parsing not performed. Implement the Tool interface and execute your application with ToolRunner to remedy this.
14/08/15 12:54:07 INFO input.FileInputFormat: Total input paths to process : 1
14/08/15 12:54:07 INFO mapreduce.JobSubmitter: number of splits:1
14/08/15 12:54:07 INFO Configuration.deprecation: user.name is deprecated. Instead, use mapreduce.job.user.name
14/08/15 12:54:07 INFO Configuration.deprecation: mapred.jar is deprecated. Instead, use mapreduce.job.jar
14/08/15 12:54:07 INFO Configuration.deprecation: fs.default.name is deprecated. Instead, use fs.defaultFS
14/08/15 12:54:07 INFO Configuration.deprecation: mapred.job.reduce.memory.mb is deprecated. Instead, use mapreduce.reduce.memory.mb
14/08/15 12:54:07 INFO Configuration.deprecation: mapred.output.value.class is deprecated. Instead, use mapreduce.job.output.value.class
14/08/15 12:54:07 INFO Configuration.deprecation: mapreduce.map.class is deprecated. Instead, use mapreduce.job.map.class
14/08/15 12:54:07 INFO Configuration.deprecation: mapred.job.name is deprecated. Instead, use mapreduce.job.name
14/08/15 12:54:07 INFO Configuration.deprecation: mapred.job.tracker is deprecated. Instead, use mapreduce.jobtracker.address
14/08/15 12:54:07 INFO Configuration.deprecation: mapreduce.inputformat.class is deprecated. Instead, use mapreduce.job.inputformat.class
14/08/15 12:54:07 INFO Configuration.deprecation: mapred.input.dir is deprecated. Instead, use mapreduce.input.fileinputformat.inputdir
14/08/15 12:54:07 INFO Configuration.deprecation: mapred.output.dir is deprecated. Instead, use mapreduce.output.fileoutputformat.outputdir
14/08/15 12:54:07 INFO Configuration.deprecation: mapreduce.outputformat.class is deprecated. Instead, use mapreduce.job.outputformat.class
14/08/15 12:54:07 INFO Configuration.deprecation: mapred.map.tasks is deprecated. Instead, use mapreduce.job.maps
14/08/15 12:54:07 INFO Configuration.deprecation: mapred.output.key.class is deprecated. Instead, use mapreduce.job.output.key.class
14/08/15 12:54:07 INFO Configuration.deprecation: mapred.job.map.memory.mb is deprecated. Instead, use mapreduce.map.memory.mb
14/08/15 12:54:07 INFO Configuration.deprecation: mapred.working.dir is deprecated. Instead, use mapreduce.job.working.dir
14/08/15 12:54:07 INFO mapreduce.JobSubmitter: Submitting tokens for job: job_1408131000469_0029
14/08/15 12:54:07 INFO mapreduce.JobSubmitter: Kind: HDFS_DELEGATION_TOKEN, Service: 192.168.2.100:8020, Ident: (HDFS_DELEGATION_TOKEN token 145 for gpadmin)
14/08/15 12:54:07 INFO impl.YarnClientImpl: Submitted application application_1408131000469_0029 to ResourceManager at /0.0.0.0:8032
14/08/15 12:54:07 INFO mapreduce.Job: The url to track the job: http://0.0.0.0:9999/proxy/application_1408131000469_0029/
14/08/15 12:54:07 INFO mapreduce.Job: Running job: job_1408131000469_0029
14/08/15 12:54:17 INFO mapreduce.Job: Job job_1408131000469_0029 running in uber mode : false
14/08/15 12:54:17 INFO mapreduce.Job:  map 0% reduce 0%
14/08/15 12:54:24 INFO mapreduce.Job:  map 100% reduce 0%
14/08/15 12:54:31 INFO mapreduce.Job:  map 100% reduce 100%
14/08/15 12:54:31 INFO mapreduce.Job: Job job_1408131000469_0029 completed successfully
14/08/15 12:54:31 INFO mapreduce.Job: Counters: 43
	File System Counters
		FILE: Number of bytes read=1127786
		FILE: Number of bytes written=2425057
		FILE: Number of read operations=0
		FILE: Number of large read operations=0
		FILE: Number of write operations=0
		HDFS: Number of bytes read=59622
		HDFS: Number of bytes written=1037780
		HDFS: Number of read operations=6
		HDFS: Number of large read operations=0
		HDFS: Number of write operations=2
	Job Counters 
		Launched map tasks=1
		Launched reduce tasks=1
		Data-local map tasks=1
		Total time spent by all maps in occupied slots (ms)=12441
		Total time spent by all reduces in occupied slots (ms)=11892
	Map-Reduce Framework
		Map input records=45000
		Map output records=45000
		Map output bytes=1037780
		Map output materialized bytes=1127786
		Input split bytes=151
		Combine input records=0
		Combine output records=0
		Reduce input groups=20005
		Reduce shuffle bytes=1127786
		Reduce input records=45000
		Reduce output records=45000
		Spilled Records=90000
		Shuffled Maps =1
		Failed Shuffles=0
		Merged Map outputs=1
		GC time elapsed (ms)=39
		CPU time spent (ms)=4100
		Physical memory (bytes) snapshot=1015685120
		Virtual memory (bytes) snapshot=6100451328
		Total committed heap usage (bytes)=1373372416
	Shuffle Errors
		BAD_ID=0
		CONNECTION=0
		IO_ERROR=0
		WRONG_LENGTH=0
		WRONG_MAP=0
		WRONG_REDUCE=0
	File Input Format Counters 
		Bytes Read=59471
	File Output Format Counters 
		Bytes Written=1037780
\!export HADOOP_HOME=/usr/lib/gphd/hadoop/; source /data/gpadmin/gpdb/greenplum/lib/hadoop/hadoop_env.sh; java -cp .:$CLASSPATH:/data/gpadmin/gpdb/greenplum/lib/hadoop/gphd-2.0.2-gnet-1.2.0.0.jar:/data/gpadmin/workspace/tincrepo/main/mpp/gpdb/tests/package/gphdfs/maptest.jar -Dhdfshost=sdw1.dh.greenplum.com -Ddatanodeport=8020 -Djobtrackerhost=sdw1.dh.greenplum.com -Djobtrackerport=8020  -DcompressionType=none javaclasses/TestHadoopIntegration mapred Mapred_mapper_TEXT_INOUT /mapred/blockcomp/bigint_text/ /mapred/bigint/blockcompOut/bigint_text/
14/08/15 12:54:32 INFO Configuration.deprecation: fs.default.name is deprecated. Instead, use fs.defaultFS
14/08/15 12:54:32 INFO Configuration.deprecation: mapred.job.tracker is deprecated. Instead, use mapreduce.jobtracker.address
14/08/15 12:54:32 INFO Configuration.deprecation: mapred.job.map.memory.mb is deprecated. Instead, use mapreduce.map.memory.mb
14/08/15 12:54:32 INFO Configuration.deprecation: mapred.job.reduce.memory.mb is deprecated. Instead, use mapreduce.reduce.memory.mb
14/08/15 12:54:32 WARN util.NativeCodeLoader: Unable to load native-hadoop library for your platform... using builtin-java classes where applicable
14/08/15 12:54:33 INFO client.RMProxy: Connecting to ResourceManager at /0.0.0.0:8032
14/08/15 12:54:33 INFO client.RMProxy: Connecting to ResourceManager at /0.0.0.0:8032
14/08/15 12:54:34 INFO hdfs.DFSClient: Created HDFS_DELEGATION_TOKEN token 146 for gpadmin on 192.168.2.100:8020
14/08/15 12:54:34 INFO security.TokenCache: Got dt for hdfs://sdw1.dh.greenplum.com:8020; Kind: HDFS_DELEGATION_TOKEN, Service: 192.168.2.100:8020, Ident: (HDFS_DELEGATION_TOKEN token 146 for gpadmin)
14/08/15 12:54:34 WARN mapreduce.JobSubmitter: Hadoop command-line option parsing not performed. Implement the Tool interface and execute your application with ToolRunner to remedy this.
14/08/15 12:54:34 INFO mapred.FileInputFormat: Total input paths to process : 1
14/08/15 12:54:34 INFO mapreduce.JobSubmitter: number of splits:1
14/08/15 12:54:34 INFO Configuration.deprecation: user.name is deprecated. Instead, use mapreduce.job.user.name
14/08/15 12:54:34 INFO Configuration.deprecation: mapred.jar is deprecated. Instead, use mapreduce.job.jar
14/08/15 12:54:34 INFO Configuration.deprecation: fs.default.name is deprecated. Instead, use fs.defaultFS
14/08/15 12:54:34 INFO Configuration.deprecation: mapred.output.value.class is deprecated. Instead, use mapreduce.job.output.value.class
14/08/15 12:54:34 INFO Configuration.deprecation: mapred.job.name is deprecated. Instead, use mapreduce.job.name
14/08/15 12:54:34 INFO Configuration.deprecation: mapred.job.tracker is deprecated. Instead, use mapreduce.jobtracker.address
14/08/15 12:54:34 INFO Configuration.deprecation: mapred.input.dir is deprecated. Instead, use mapreduce.input.fileinputformat.inputdir
14/08/15 12:54:34 INFO Configuration.deprecation: mapred.output.dir is deprecated. Instead, use mapreduce.output.fileoutputformat.outputdir
14/08/15 12:54:34 INFO Configuration.deprecation: mapred.map.tasks is deprecated. Instead, use mapreduce.job.maps
14/08/15 12:54:34 INFO Configuration.deprecation: mapred.output.key.class is deprecated. Instead, use mapreduce.job.output.key.class
14/08/15 12:54:34 INFO Configuration.deprecation: mapred.working.dir is deprecated. Instead, use mapreduce.job.working.dir
14/08/15 12:54:34 INFO mapreduce.JobSubmitter: Submitting tokens for job: job_1408131000469_0030
14/08/15 12:54:34 INFO mapreduce.JobSubmitter: Kind: HDFS_DELEGATION_TOKEN, Service: 192.168.2.100:8020, Ident: (HDFS_DELEGATION_TOKEN token 146 for gpadmin)
14/08/15 12:54:35 INFO impl.YarnClientImpl: Submitted application application_1408131000469_0030 to ResourceManager at /0.0.0.0:8032
14/08/15 12:54:35 INFO mapreduce.Job: The url to track the job: http://0.0.0.0:9999/proxy/application_1408131000469_0030/
14/08/15 12:54:35 INFO mapreduce.Job: Running job: job_1408131000469_0030
14/08/15 12:54:46 INFO mapreduce.Job: Job job_1408131000469_0030 running in uber mode : false
14/08/15 12:54:46 INFO mapreduce.Job:  map 0% reduce 0%
14/08/15 12:54:52 INFO mapreduce.Job:  map 100% reduce 0%
14/08/15 12:54:59 INFO mapreduce.Job:  map 100% reduce 100%
14/08/15 12:54:59 INFO mapreduce.Job: Job job_1408131000469_0030 completed successfully
14/08/15 12:54:59 INFO mapreduce.Job: Counters: 43
	File System Counters
		FILE: Number of bytes read=1127786
		FILE: Number of bytes written=2424723
		FILE: Number of read operations=0
		FILE: Number of large read operations=0
		FILE: Number of write operations=0
		HDFS: Number of bytes read=59604
		HDFS: Number of bytes written=1037780
		HDFS: Number of read operations=6
		HDFS: Number of large read operations=0
		HDFS: Number of write operations=2
	Job Counters 
		Launched map tasks=1
		Launched reduce tasks=1
		Data-local map tasks=1
		Total time spent by all maps in occupied slots (ms)=12147
		Total time spent by all reduces in occupied slots (ms)=11583
	Map-Reduce Framework
		Map input records=45000
		Map output records=45000
		Map output bytes=1037780
		Map output materialized bytes=1127786
		Input split bytes=133
		Combine input records=0
		Combine output records=0
		Reduce input groups=20005
		Reduce shuffle bytes=1127786
		Reduce input records=45000
		Reduce output records=45000
		Spilled Records=90000
		Shuffled Maps =1
		Failed Shuffles=0
		Merged Map outputs=1
		GC time elapsed (ms)=53
		CPU time spent (ms)=3920
		Physical memory (bytes) snapshot=1012801536
		Virtual memory (bytes) snapshot=6100451328
		Total committed heap usage (bytes)=1373372416
	Shuffle Errors
		BAD_ID=0
		CONNECTION=0
		IO_ERROR=0
		WRONG_LENGTH=0
		WRONG_MAP=0
		WRONG_REDUCE=0
	File Input Format Counters 
		Bytes Read=59471
	File Output Format Counters 
		Bytes Written=1037780
\!/usr/lib/gphd/hadoop//bin/hadoop fs -cat /mapreduce/bigint/blockcompOut/bigint_text/part* |sort --general-numeric-sort > /tmp/mapreduceBlockCompOut.txt
\!/usr/lib/gphd/hadoop//bin/hadoop fs -cat /mapred/bigint/blockcompOut/bigint_text/part* |sort --general-numeric-sort > /tmp/mapredBlockCompOut.txt
\!diff /tmp/mapreduceBlockCompOut.txt /tmp/mapredBlockCompOut.txt
\!diff /tmp/mapreduceOut.txt /tmp/mapreduceBlockCompOut.txt
\!export HADOOP_HOME=/usr/lib/gphd/hadoop/; source /data/gpadmin/gpdb/greenplum/lib/hadoop/hadoop_env.sh; java -cp .:$CLASSPATH:/data/gpadmin/gpdb/greenplum/lib/hadoop/gphd-2.0.2-gnet-1.2.0.0.jar:/data/gpadmin/workspace/tincrepo/main/mpp/gpdb/tests/package/gphdfs/maptest.jar -Dhdfshost=sdw1.dh.greenplum.com -Ddatanodeport=8020 -Djobtrackerhost=sdw1.dh.greenplum.com -Djobtrackerport=8020  -DcompressionType=record javaclasses/TestHadoopIntegration mapreduce Mapreduce_mapper_GPDBIn /extwrite/bigint /mapreduce/recordcomp/bigint_text/
14/08/15 12:55:05 INFO Configuration.deprecation: fs.default.name is deprecated. Instead, use fs.defaultFS
14/08/15 12:55:06 WARN util.NativeCodeLoader: Unable to load native-hadoop library for your platform... using builtin-java classes where applicable
14/08/15 12:55:07 INFO client.RMProxy: Connecting to ResourceManager at /0.0.0.0:8032
14/08/15 12:55:07 INFO hdfs.DFSClient: Created HDFS_DELEGATION_TOKEN token 147 for gpadmin on 192.168.2.100:8020
14/08/15 12:55:07 INFO security.TokenCache: Got dt for hdfs://sdw1.dh.greenplum.com:8020; Kind: HDFS_DELEGATION_TOKEN, Service: 192.168.2.100:8020, Ident: (HDFS_DELEGATION_TOKEN token 147 for gpadmin)
14/08/15 12:55:07 WARN mapreduce.JobSubmitter: Hadoop command-line option parsing not performed. Implement the Tool interface and execute your application with ToolRunner to remedy this.
14/08/15 12:55:07 INFO input.FileInputFormat: Total input paths to process : 2
14/08/15 12:55:07 INFO mapreduce.JobSubmitter: number of splits:2
14/08/15 12:55:07 INFO Configuration.deprecation: user.name is deprecated. Instead, use mapreduce.job.user.name
14/08/15 12:55:07 INFO Configuration.deprecation: mapred.output.compress is deprecated. Instead, use mapreduce.output.fileoutputformat.compress
14/08/15 12:55:07 INFO Configuration.deprecation: mapred.jar is deprecated. Instead, use mapreduce.job.jar
14/08/15 12:55:07 INFO Configuration.deprecation: fs.default.name is deprecated. Instead, use fs.defaultFS
14/08/15 12:55:07 INFO Configuration.deprecation: mapred.job.reduce.memory.mb is deprecated. Instead, use mapreduce.reduce.memory.mb
14/08/15 12:55:07 INFO Configuration.deprecation: mapred.output.value.class is deprecated. Instead, use mapreduce.job.output.value.class
14/08/15 12:55:07 INFO Configuration.deprecation: mapreduce.map.class is deprecated. Instead, use mapreduce.job.map.class
14/08/15 12:55:07 INFO Configuration.deprecation: mapred.job.name is deprecated. Instead, use mapreduce.job.name
14/08/15 12:55:07 INFO Configuration.deprecation: mapred.job.tracker is deprecated. Instead, use mapreduce.jobtracker.address
14/08/15 12:55:07 INFO Configuration.deprecation: mapreduce.inputformat.class is deprecated. Instead, use mapreduce.job.inputformat.class
14/08/15 12:55:07 INFO Configuration.deprecation: mapred.output.compression.type is deprecated. Instead, use mapreduce.output.fileoutputformat.compress.type
14/08/15 12:55:07 INFO Configuration.deprecation: mapred.input.dir is deprecated. Instead, use mapreduce.input.fileinputformat.inputdir
14/08/15 12:55:07 INFO Configuration.deprecation: mapred.output.dir is deprecated. Instead, use mapreduce.output.fileoutputformat.outputdir
14/08/15 12:55:07 INFO Configuration.deprecation: mapreduce.outputformat.class is deprecated. Instead, use mapreduce.job.outputformat.class
14/08/15 12:55:07 INFO Configuration.deprecation: mapred.map.tasks is deprecated. Instead, use mapreduce.job.maps
14/08/15 12:55:07 INFO Configuration.deprecation: mapred.output.key.class is deprecated. Instead, use mapreduce.job.output.key.class
14/08/15 12:55:07 INFO Configuration.deprecation: mapred.job.map.memory.mb is deprecated. Instead, use mapreduce.map.memory.mb
14/08/15 12:55:07 INFO Configuration.deprecation: mapred.working.dir is deprecated. Instead, use mapreduce.job.working.dir
14/08/15 12:55:08 INFO mapreduce.JobSubmitter: Submitting tokens for job: job_1408131000469_0031
14/08/15 12:55:08 INFO mapreduce.JobSubmitter: Kind: HDFS_DELEGATION_TOKEN, Service: 192.168.2.100:8020, Ident: (HDFS_DELEGATION_TOKEN token 147 for gpadmin)
14/08/15 12:55:08 INFO impl.YarnClientImpl: Submitted application application_1408131000469_0031 to ResourceManager at /0.0.0.0:8032
14/08/15 12:55:08 INFO mapreduce.Job: The url to track the job: http://0.0.0.0:9999/proxy/application_1408131000469_0031/
14/08/15 12:55:08 INFO mapreduce.Job: Running job: job_1408131000469_0031
14/08/15 12:55:17 INFO mapreduce.Job: Job job_1408131000469_0031 running in uber mode : false
14/08/15 12:55:17 INFO mapreduce.Job:  map 0% reduce 0%
14/08/15 12:55:22 INFO mapreduce.Job:  map 100% reduce 0%
14/08/15 12:55:28 INFO mapreduce.Job:  map 100% reduce 100%
14/08/15 12:55:29 INFO mapreduce.Job: Job job_1408131000469_0031 completed successfully
14/08/15 12:55:29 INFO mapreduce.Job: Counters: 43
	File System Counters
		FILE: Number of bytes read=1057786
		FILE: Number of bytes written=2369711
		FILE: Number of read operations=0
		FILE: Number of large read operations=0
		FILE: Number of write operations=0
		HDFS: Number of bytes read=687128
		HDFS: Number of bytes written=59471
		HDFS: Number of read operations=11
		HDFS: Number of large read operations=0
		HDFS: Number of write operations=2
	Job Counters 
		Launched map tasks=2
		Launched reduce tasks=1
		Data-local map tasks=2
		Total time spent by all maps in occupied slots (ms)=20940
		Total time spent by all reduces in occupied slots (ms)=11685
	Map-Reduce Framework
		Map input records=5000
		Map output records=5000
		Map output bytes=1042780
		Map output materialized bytes=1057792
		Input split bytes=276
		Combine input records=0
		Combine output records=0
		Reduce input groups=5000
		Reduce shuffle bytes=1057792
		Reduce input records=5000
		Reduce output records=5000
		Spilled Records=10000
		Shuffled Maps =2
		Failed Shuffles=0
		Merged Map outputs=2
		GC time elapsed (ms)=72
		CPU time spent (ms)=4270
		Physical memory (bytes) snapshot=1809248256
		Virtual memory (bytes) snapshot=8290717696
		Total committed heap usage (bytes)=2242641920
	Shuffle Errors
		BAD_ID=0
		CONNECTION=0
		IO_ERROR=0
		WRONG_LENGTH=0
		WRONG_MAP=0
		WRONG_REDUCE=0
	File Input Format Counters 
		Bytes Read=686852
	File Output Format Counters 
		Bytes Written=59471
\!export HADOOP_HOME=/usr/lib/gphd/hadoop/; source /data/gpadmin/gpdb/greenplum/lib/hadoop/hadoop_env.sh; java -cp .:$CLASSPATH:/data/gpadmin/gpdb/greenplum/lib/hadoop/gphd-2.0.2-gnet-1.2.0.0.jar:/data/gpadmin/workspace/tincrepo/main/mpp/gpdb/tests/package/gphdfs/maptest.jar -Dhdfshost=sdw1.dh.greenplum.com -Ddatanodeport=8020 -Djobtrackerhost=sdw1.dh.greenplum.com -Djobtrackerport=8020  -DcompressionType=record javaclasses/TestHadoopIntegration mapred Mapred_mapper_GPDBIn /extwrite/bigint /mapred/recordcomp/bigint_text/
14/08/15 12:55:30 INFO Configuration.deprecation: fs.default.name is deprecated. Instead, use fs.defaultFS
14/08/15 12:55:30 INFO Configuration.deprecation: mapred.job.tracker is deprecated. Instead, use mapreduce.jobtracker.address
14/08/15 12:55:30 INFO Configuration.deprecation: mapred.job.map.memory.mb is deprecated. Instead, use mapreduce.map.memory.mb
14/08/15 12:55:30 INFO Configuration.deprecation: mapred.job.reduce.memory.mb is deprecated. Instead, use mapreduce.reduce.memory.mb
14/08/15 12:55:31 WARN util.NativeCodeLoader: Unable to load native-hadoop library for your platform... using builtin-java classes where applicable
14/08/15 12:55:32 INFO client.RMProxy: Connecting to ResourceManager at /0.0.0.0:8032
14/08/15 12:55:32 INFO client.RMProxy: Connecting to ResourceManager at /0.0.0.0:8032
14/08/15 12:55:32 INFO hdfs.DFSClient: Created HDFS_DELEGATION_TOKEN token 148 for gpadmin on 192.168.2.100:8020
14/08/15 12:55:32 INFO security.TokenCache: Got dt for hdfs://sdw1.dh.greenplum.com:8020; Kind: HDFS_DELEGATION_TOKEN, Service: 192.168.2.100:8020, Ident: (HDFS_DELEGATION_TOKEN token 148 for gpadmin)
14/08/15 12:55:32 WARN mapreduce.JobSubmitter: Hadoop command-line option parsing not performed. Implement the Tool interface and execute your application with ToolRunner to remedy this.
14/08/15 12:55:33 INFO mapred.FileInputFormat: Total input paths to process : 2
14/08/15 12:55:33 INFO mapreduce.JobSubmitter: number of splits:2
14/08/15 12:55:33 INFO Configuration.deprecation: user.name is deprecated. Instead, use mapreduce.job.user.name
14/08/15 12:55:33 INFO Configuration.deprecation: mapred.output.compress is deprecated. Instead, use mapreduce.output.fileoutputformat.compress
14/08/15 12:55:33 INFO Configuration.deprecation: mapred.jar is deprecated. Instead, use mapreduce.job.jar
14/08/15 12:55:33 INFO Configuration.deprecation: fs.default.name is deprecated. Instead, use fs.defaultFS
14/08/15 12:55:33 INFO Configuration.deprecation: mapred.output.value.class is deprecated. Instead, use mapreduce.job.output.value.class
14/08/15 12:55:33 INFO Configuration.deprecation: mapred.job.name is deprecated. Instead, use mapreduce.job.name
14/08/15 12:55:33 INFO Configuration.deprecation: mapred.job.tracker is deprecated. Instead, use mapreduce.jobtracker.address
14/08/15 12:55:33 INFO Configuration.deprecation: mapred.output.compression.type is deprecated. Instead, use mapreduce.output.fileoutputformat.compress.type
14/08/15 12:55:33 INFO Configuration.deprecation: mapred.input.dir is deprecated. Instead, use mapreduce.input.fileinputformat.inputdir
14/08/15 12:55:33 INFO Configuration.deprecation: mapred.output.dir is deprecated. Instead, use mapreduce.output.fileoutputformat.outputdir
14/08/15 12:55:33 INFO Configuration.deprecation: mapred.map.tasks is deprecated. Instead, use mapreduce.job.maps
14/08/15 12:55:33 INFO Configuration.deprecation: mapred.output.key.class is deprecated. Instead, use mapreduce.job.output.key.class
14/08/15 12:55:33 INFO Configuration.deprecation: mapred.working.dir is deprecated. Instead, use mapreduce.job.working.dir
14/08/15 12:55:33 INFO mapreduce.JobSubmitter: Submitting tokens for job: job_1408131000469_0032
14/08/15 12:55:33 INFO mapreduce.JobSubmitter: Kind: HDFS_DELEGATION_TOKEN, Service: 192.168.2.100:8020, Ident: (HDFS_DELEGATION_TOKEN token 148 for gpadmin)
14/08/15 12:55:33 INFO impl.YarnClientImpl: Submitted application application_1408131000469_0032 to ResourceManager at /0.0.0.0:8032
14/08/15 12:55:33 INFO mapreduce.Job: The url to track the job: http://0.0.0.0:9999/proxy/application_1408131000469_0032/
14/08/15 12:55:33 INFO mapreduce.Job: Running job: job_1408131000469_0032
14/08/15 12:55:44 INFO mapreduce.Job: Job job_1408131000469_0032 running in uber mode : false
14/08/15 12:55:44 INFO mapreduce.Job:  map 0% reduce 0%
14/08/15 12:55:50 INFO mapreduce.Job:  map 100% reduce 0%
14/08/15 12:55:56 INFO mapreduce.Job:  map 100% reduce 100%
14/08/15 12:55:56 INFO mapreduce.Job: Job job_1408131000469_0032 completed successfully
14/08/15 12:55:56 INFO mapreduce.Job: Counters: 43
	File System Counters
		FILE: Number of bytes read=1057786
		FILE: Number of bytes written=2369219
		FILE: Number of read operations=0
		FILE: Number of large read operations=0
		FILE: Number of write operations=0
		HDFS: Number of bytes read=687102
		HDFS: Number of bytes written=59471
		HDFS: Number of read operations=11
		HDFS: Number of large read operations=0
		HDFS: Number of write operations=2
	Job Counters 
		Launched map tasks=2
		Launched reduce tasks=1
		Data-local map tasks=2
		Total time spent by all maps in occupied slots (ms)=22446
		Total time spent by all reduces in occupied slots (ms)=11868
	Map-Reduce Framework
		Map input records=5000
		Map output records=5000
		Map output bytes=1042780
		Map output materialized bytes=1057792
		Input split bytes=250
		Combine input records=0
		Combine output records=0
		Reduce input groups=5000
		Reduce shuffle bytes=1057792
		Reduce input records=5000
		Reduce output records=5000
		Spilled Records=10000
		Shuffled Maps =2
		Failed Shuffles=0
		Merged Map outputs=2
		GC time elapsed (ms)=69
		CPU time spent (ms)=4140
		Physical memory (bytes) snapshot=1807560704
		Virtual memory (bytes) snapshot=8291004416
		Total committed heap usage (bytes)=2242641920
	Shuffle Errors
		BAD_ID=0
		CONNECTION=0
		IO_ERROR=0
		WRONG_LENGTH=0
		WRONG_MAP=0
		WRONG_REDUCE=0
	File Input Format Counters 
		Bytes Read=686852
	File Output Format Counters 
		Bytes Written=59471
\!export HADOOP_HOME=/usr/lib/gphd/hadoop/; source /data/gpadmin/gpdb/greenplum/lib/hadoop/hadoop_env.sh; java -cp .:$CLASSPATH:/data/gpadmin/gpdb/greenplum/lib/hadoop/gphd-2.0.2-gnet-1.2.0.0.jar:/data/gpadmin/workspace/tincrepo/main/mpp/gpdb/tests/package/gphdfs/maptest.jar -Dhdfshost=sdw1.dh.greenplum.com -Ddatanodeport=8020 -Djobtrackerhost=sdw1.dh.greenplum.com -Djobtrackerport=8020  -DcompressionType=none javaclasses/TestHadoopIntegration mapreduce Mapreduce_mapper_TEXT_INOUT /mapreduce/recordcomp/bigint_text/ /mapreduce/bigint/recordcompOut/bigint_text/
14/08/15 12:55:57 INFO Configuration.deprecation: fs.default.name is deprecated. Instead, use fs.defaultFS
14/08/15 12:55:57 WARN util.NativeCodeLoader: Unable to load native-hadoop library for your platform... using builtin-java classes where applicable
14/08/15 12:55:58 INFO client.RMProxy: Connecting to ResourceManager at /0.0.0.0:8032
14/08/15 12:55:59 INFO hdfs.DFSClient: Created HDFS_DELEGATION_TOKEN token 149 for gpadmin on 192.168.2.100:8020
14/08/15 12:55:59 INFO security.TokenCache: Got dt for hdfs://sdw1.dh.greenplum.com:8020; Kind: HDFS_DELEGATION_TOKEN, Service: 192.168.2.100:8020, Ident: (HDFS_DELEGATION_TOKEN token 149 for gpadmin)
14/08/15 12:55:59 WARN mapreduce.JobSubmitter: Hadoop command-line option parsing not performed. Implement the Tool interface and execute your application with ToolRunner to remedy this.
14/08/15 12:55:59 INFO input.FileInputFormat: Total input paths to process : 1
14/08/15 12:55:59 INFO mapreduce.JobSubmitter: number of splits:1
14/08/15 12:55:59 INFO Configuration.deprecation: user.name is deprecated. Instead, use mapreduce.job.user.name
14/08/15 12:55:59 INFO Configuration.deprecation: mapred.jar is deprecated. Instead, use mapreduce.job.jar
14/08/15 12:55:59 INFO Configuration.deprecation: fs.default.name is deprecated. Instead, use fs.defaultFS
14/08/15 12:55:59 INFO Configuration.deprecation: mapred.job.reduce.memory.mb is deprecated. Instead, use mapreduce.reduce.memory.mb
14/08/15 12:55:59 INFO Configuration.deprecation: mapred.output.value.class is deprecated. Instead, use mapreduce.job.output.value.class
14/08/15 12:55:59 INFO Configuration.deprecation: mapreduce.map.class is deprecated. Instead, use mapreduce.job.map.class
14/08/15 12:55:59 INFO Configuration.deprecation: mapred.job.name is deprecated. Instead, use mapreduce.job.name
14/08/15 12:55:59 INFO Configuration.deprecation: mapred.job.tracker is deprecated. Instead, use mapreduce.jobtracker.address
14/08/15 12:55:59 INFO Configuration.deprecation: mapreduce.inputformat.class is deprecated. Instead, use mapreduce.job.inputformat.class
14/08/15 12:55:59 INFO Configuration.deprecation: mapred.input.dir is deprecated. Instead, use mapreduce.input.fileinputformat.inputdir
14/08/15 12:55:59 INFO Configuration.deprecation: mapred.output.dir is deprecated. Instead, use mapreduce.output.fileoutputformat.outputdir
14/08/15 12:55:59 INFO Configuration.deprecation: mapreduce.outputformat.class is deprecated. Instead, use mapreduce.job.outputformat.class
14/08/15 12:55:59 INFO Configuration.deprecation: mapred.map.tasks is deprecated. Instead, use mapreduce.job.maps
14/08/15 12:55:59 INFO Configuration.deprecation: mapred.output.key.class is deprecated. Instead, use mapreduce.job.output.key.class
14/08/15 12:55:59 INFO Configuration.deprecation: mapred.job.map.memory.mb is deprecated. Instead, use mapreduce.map.memory.mb
14/08/15 12:55:59 INFO Configuration.deprecation: mapred.working.dir is deprecated. Instead, use mapreduce.job.working.dir
14/08/15 12:55:59 INFO mapreduce.JobSubmitter: Submitting tokens for job: job_1408131000469_0033
14/08/15 12:55:59 INFO mapreduce.JobSubmitter: Kind: HDFS_DELEGATION_TOKEN, Service: 192.168.2.100:8020, Ident: (HDFS_DELEGATION_TOKEN token 149 for gpadmin)
14/08/15 12:56:00 INFO impl.YarnClientImpl: Submitted application application_1408131000469_0033 to ResourceManager at /0.0.0.0:8032
14/08/15 12:56:00 INFO mapreduce.Job: The url to track the job: http://0.0.0.0:9999/proxy/application_1408131000469_0033/
14/08/15 12:56:00 INFO mapreduce.Job: Running job: job_1408131000469_0033
14/08/15 12:56:11 INFO mapreduce.Job: Job job_1408131000469_0033 running in uber mode : false
14/08/15 12:56:11 INFO mapreduce.Job:  map 0% reduce 0%
14/08/15 12:56:17 INFO mapreduce.Job:  map 100% reduce 0%
14/08/15 12:56:24 INFO mapreduce.Job:  map 100% reduce 100%
14/08/15 12:56:24 INFO mapreduce.Job: Job job_1408131000469_0033 completed successfully
14/08/15 12:56:24 INFO mapreduce.Job: Counters: 43
	File System Counters
		FILE: Number of bytes read=1127786
		FILE: Number of bytes written=2425061
		FILE: Number of read operations=0
		FILE: Number of large read operations=0
		FILE: Number of write operations=0
		HDFS: Number of bytes read=59623
		HDFS: Number of bytes written=1037780
		HDFS: Number of read operations=6
		HDFS: Number of large read operations=0
		HDFS: Number of write operations=2
	Job Counters 
		Launched map tasks=1
		Launched reduce tasks=1
		Data-local map tasks=1
		Total time spent by all maps in occupied slots (ms)=12489
		Total time spent by all reduces in occupied slots (ms)=11754
	Map-Reduce Framework
		Map input records=45000
		Map output records=45000
		Map output bytes=1037780
		Map output materialized bytes=1127786
		Input split bytes=152
		Combine input records=0
		Combine output records=0
		Reduce input groups=20005
		Reduce shuffle bytes=1127786
		Reduce input records=45000
		Reduce output records=45000
		Spilled Records=90000
		Shuffled Maps =1
		Failed Shuffles=0
		Merged Map outputs=1
		GC time elapsed (ms)=65
		CPU time spent (ms)=4070
		Physical memory (bytes) snapshot=1014939648
		Virtual memory (bytes) snapshot=6100451328
		Total committed heap usage (bytes)=1373372416
	Shuffle Errors
		BAD_ID=0
		CONNECTION=0
		IO_ERROR=0
		WRONG_LENGTH=0
		WRONG_MAP=0
		WRONG_REDUCE=0
	File Input Format Counters 
		Bytes Read=59471
	File Output Format Counters 
		Bytes Written=1037780
\!export HADOOP_HOME=/usr/lib/gphd/hadoop/; source /data/gpadmin/gpdb/greenplum/lib/hadoop/hadoop_env.sh; java -cp .:$CLASSPATH:/data/gpadmin/gpdb/greenplum/lib/hadoop/gphd-2.0.2-gnet-1.2.0.0.jar:/data/gpadmin/workspace/tincrepo/main/mpp/gpdb/tests/package/gphdfs/maptest.jar -Dhdfshost=sdw1.dh.greenplum.com -Ddatanodeport=8020 -Djobtrackerhost=sdw1.dh.greenplum.com -Djobtrackerport=8020  -DcompressionType=none javaclasses/TestHadoopIntegration mapred Mapred_mapper_TEXT_INOUT /mapred/recordcomp/bigint_text/ /mapred/bigint/recordcompOut/bigint_text/
14/08/15 12:56:25 INFO Configuration.deprecation: fs.default.name is deprecated. Instead, use fs.defaultFS
14/08/15 12:56:25 INFO Configuration.deprecation: mapred.job.tracker is deprecated. Instead, use mapreduce.jobtracker.address
14/08/15 12:56:25 INFO Configuration.deprecation: mapred.job.map.memory.mb is deprecated. Instead, use mapreduce.map.memory.mb
14/08/15 12:56:25 INFO Configuration.deprecation: mapred.job.reduce.memory.mb is deprecated. Instead, use mapreduce.reduce.memory.mb
14/08/15 12:56:26 WARN util.NativeCodeLoader: Unable to load native-hadoop library for your platform... using builtin-java classes where applicable
14/08/15 12:56:27 INFO client.RMProxy: Connecting to ResourceManager at /0.0.0.0:8032
14/08/15 12:56:27 INFO client.RMProxy: Connecting to ResourceManager at /0.0.0.0:8032
14/08/15 12:56:27 INFO hdfs.DFSClient: Created HDFS_DELEGATION_TOKEN token 150 for gpadmin on 192.168.2.100:8020
14/08/15 12:56:27 INFO security.TokenCache: Got dt for hdfs://sdw1.dh.greenplum.com:8020; Kind: HDFS_DELEGATION_TOKEN, Service: 192.168.2.100:8020, Ident: (HDFS_DELEGATION_TOKEN token 150 for gpadmin)
14/08/15 12:56:27 WARN mapreduce.JobSubmitter: Hadoop command-line option parsing not performed. Implement the Tool interface and execute your application with ToolRunner to remedy this.
14/08/15 12:56:28 INFO mapred.FileInputFormat: Total input paths to process : 1
14/08/15 12:56:28 INFO mapreduce.JobSubmitter: number of splits:1
14/08/15 12:56:28 INFO Configuration.deprecation: user.name is deprecated. Instead, use mapreduce.job.user.name
14/08/15 12:56:28 INFO Configuration.deprecation: mapred.jar is deprecated. Instead, use mapreduce.job.jar
14/08/15 12:56:28 INFO Configuration.deprecation: fs.default.name is deprecated. Instead, use fs.defaultFS
14/08/15 12:56:28 INFO Configuration.deprecation: mapred.output.value.class is deprecated. Instead, use mapreduce.job.output.value.class
14/08/15 12:56:28 INFO Configuration.deprecation: mapred.job.name is deprecated. Instead, use mapreduce.job.name
14/08/15 12:56:28 INFO Configuration.deprecation: mapred.job.tracker is deprecated. Instead, use mapreduce.jobtracker.address
14/08/15 12:56:28 INFO Configuration.deprecation: mapred.input.dir is deprecated. Instead, use mapreduce.input.fileinputformat.inputdir
14/08/15 12:56:28 INFO Configuration.deprecation: mapred.output.dir is deprecated. Instead, use mapreduce.output.fileoutputformat.outputdir
14/08/15 12:56:28 INFO Configuration.deprecation: mapred.map.tasks is deprecated. Instead, use mapreduce.job.maps
14/08/15 12:56:28 INFO Configuration.deprecation: mapred.output.key.class is deprecated. Instead, use mapreduce.job.output.key.class
14/08/15 12:56:28 INFO Configuration.deprecation: mapred.working.dir is deprecated. Instead, use mapreduce.job.working.dir
14/08/15 12:56:28 INFO mapreduce.JobSubmitter: Submitting tokens for job: job_1408131000469_0034
14/08/15 12:56:28 INFO mapreduce.JobSubmitter: Kind: HDFS_DELEGATION_TOKEN, Service: 192.168.2.100:8020, Ident: (HDFS_DELEGATION_TOKEN token 150 for gpadmin)
14/08/15 12:56:28 INFO impl.YarnClientImpl: Submitted application application_1408131000469_0034 to ResourceManager at /0.0.0.0:8032
14/08/15 12:56:28 INFO mapreduce.Job: The url to track the job: http://0.0.0.0:9999/proxy/application_1408131000469_0034/
14/08/15 12:56:28 INFO mapreduce.Job: Running job: job_1408131000469_0034
14/08/15 12:56:39 INFO mapreduce.Job: Job job_1408131000469_0034 running in uber mode : false
14/08/15 12:56:39 INFO mapreduce.Job:  map 0% reduce 0%
14/08/15 12:56:46 INFO mapreduce.Job:  map 100% reduce 0%
14/08/15 12:56:52 INFO mapreduce.Job:  map 100% reduce 100%
14/08/15 12:56:52 INFO mapreduce.Job: Job job_1408131000469_0034 completed successfully
14/08/15 12:56:52 INFO mapreduce.Job: Counters: 43
	File System Counters
		FILE: Number of bytes read=1127786
		FILE: Number of bytes written=2424727
		FILE: Number of read operations=0
		FILE: Number of large read operations=0
		FILE: Number of write operations=0
		HDFS: Number of bytes read=59605
		HDFS: Number of bytes written=1037780
		HDFS: Number of read operations=6
		HDFS: Number of large read operations=0
		HDFS: Number of write operations=2
	Job Counters 
		Launched map tasks=1
		Launched reduce tasks=1
		Data-local map tasks=1
		Total time spent by all maps in occupied slots (ms)=12339
		Total time spent by all reduces in occupied slots (ms)=11724
	Map-Reduce Framework
		Map input records=45000
		Map output records=45000
		Map output bytes=1037780
		Map output materialized bytes=1127786
		Input split bytes=134
		Combine input records=0
		Combine output records=0
		Reduce input groups=20005
		Reduce shuffle bytes=1127786
		Reduce input records=45000
		Reduce output records=45000
		Spilled Records=90000
		Shuffled Maps =1
		Failed Shuffles=0
		Merged Map outputs=1
		GC time elapsed (ms)=41
		CPU time spent (ms)=3910
		Physical memory (bytes) snapshot=1015685120
		Virtual memory (bytes) snapshot=6100451328
		Total committed heap usage (bytes)=1373372416
	Shuffle Errors
		BAD_ID=0
		CONNECTION=0
		IO_ERROR=0
		WRONG_LENGTH=0
		WRONG_MAP=0
		WRONG_REDUCE=0
	File Input Format Counters 
		Bytes Read=59471
	File Output Format Counters 
		Bytes Written=1037780
\!/usr/lib/gphd/hadoop//bin/hadoop fs -cat /mapreduce/bigint/recordcompOut/bigint_text/part* |sort --general-numeric-sort > /tmp/mapreduceRecordCompOut.txt
\!/usr/lib/gphd/hadoop//bin/hadoop fs -cat /mapred/bigint/recordcompOut/bigint_text/part* |sort --general-numeric-sort > /tmp/mapredRecordCompOut.txt
\!diff /tmp/mapreduceRecordCompOut.txt /tmp/mapredRecordCompOut.txt
\!diff /tmp/mapreduceOut.txt /tmp/mapreduceRecordCompOut.txt
