-- start_ignore
drop  external table real_heap;
DROP EXTERNAL TABLE
drop  external table real_writehdfs;
DROP EXTERNAL TABLE
drop  external table real_readhdfs;
DROP EXTERNAL TABLE
-- end_ignore
create readable external table real_heap(datatype_real varchar,x_real bigint, max_real real, min_real real, pi_real real, piX_real real, nullcol_real real) location ('gpfdist://rh55-qavm20:5487/real.txt')format 'TEXT';
CREATE EXTERNAL TABLE
create writable external table real_writehdfs(like real_heap) location ('gphdfs://my.cluster.com/extwrite/real')format 'custom' (formatter='gphdfs_export');
NOTICE:  Table doesn't have 'distributed by' clause, defaulting to distribution columns from LIKE table
CREATE EXTERNAL TABLE
create readable external table real_readhdfs(like real_heap) location ('gphdfs://my.cluster.com/extwrite/real') format 'custom' (formatter='gphdfs_import');
CREATE EXTERNAL TABLE
select count(*) from real_heap;
 count 
-------
  5000
(1 row)

insert into real_writehdfs select * from real_heap;
INSERT 0 5000
select count(*) from real_readhdfs;
 count 
-------
  5000
(1 row)

(select * from real_heap except select * from real_readhdfs) union (select * from real_readhdfs except select * from real_heap);
 datatype_real | x_real | max_real | min_real | pi_real | pix_real | nullcol_real 
---------------+--------+----------+----------+---------+----------+--------------
(0 rows)

