-- start_ignore
-- end_ignore
\echo --start_ignore
--start_ignore
drop external table smallint_heap;
DROP EXTERNAL TABLE
drop external table smallint_writehdfs;
DROP EXTERNAL TABLE
drop external table smallint_verification_mapreduce;
DROP EXTERNAL TABLE
drop external table smallint_verification_mapred;
DROP EXTERNAL TABLE
drop external table smallint_verification_blockcomp_mapreduce;
DROP EXTERNAL TABLE
drop external table smallint_verification_blockcomp_mapred;
DROP EXTERNAL TABLE
drop external table smallint_verification_recordcomp_mapreduce;
DROP EXTERNAL TABLE
drop external table smallint_verification_recordcomp_mapred;
DROP EXTERNAL TABLE
\echo --end_ignore
--end_ignore
create readable external table smallint_heap(
datatype_smallint varchar, xcount_smallint bigint, max_smallint smallint, min_smallint smallint, x_smallint smallint, reverse_smallint smallint, increment_smallint smallint, nullcol_smallint smallint
) location ('gpfdist://sdw1.dh.greenplum.com:8080/smallint.txt')format 'TEXT';
CREATE EXTERNAL TABLE
create writable external table smallint_writehdfs(like smallint_heap) location ('gphdfs://sdw1.dh.greenplum.com:8020/extwrite/smallint')format 'custom' (formatter='gphdfs_export');
psql:/path/sql_file:1: NOTICE:  Table doesn't have 'distributed by' clause, defaulting to distribution columns from LIKE table
CREATE EXTERNAL TABLE
insert into smallint_writehdfs select * from smallint_heap;
INSERT 0 5000
\!export HADOOP_HOME=/usr/lib/gphd/hadoop/; source /data/gpadmin/gpdb/greenplum/lib/hadoop/hadoop_env.sh; java -cp .:$CLASSPATH:/data/gpadmin/gpdb/greenplum/lib/hadoop/gphd-2.0.2-gnet-1.2.0.0.jar:/data/gpadmin/workspace/tincrepo/main/mpp/gpdb/tests/package/gphdfs/maptest.jar -Dhdfshost=sdw1.dh.greenplum.com -Ddatanodeport=8020 -Djobtrackerhost=sdw1.dh.greenplum.com -Djobtrackerport=8020  -DcompressionType=none javaclasses/TestHadoopIntegration mapreduce Mapreduce_mapper_GPDB_INOUT /extwrite/smallint /mapreduce/smallint_gpdb/ 
14/08/15 13:39:33 INFO Configuration.deprecation: fs.default.name is deprecated. Instead, use fs.defaultFS
14/08/15 13:39:33 WARN util.NativeCodeLoader: Unable to load native-hadoop library for your platform... using builtin-java classes where applicable
14/08/15 13:39:34 INFO client.RMProxy: Connecting to ResourceManager at /0.0.0.0:8032
14/08/15 13:39:34 INFO hdfs.DFSClient: Created HDFS_DELEGATION_TOKEN token 625 for gpadmin on 192.168.2.100:8020
14/08/15 13:39:34 INFO security.TokenCache: Got dt for hdfs://sdw1.dh.greenplum.com:8020; Kind: HDFS_DELEGATION_TOKEN, Service: 192.168.2.100:8020, Ident: (HDFS_DELEGATION_TOKEN token 625 for gpadmin)
14/08/15 13:39:34 WARN mapreduce.JobSubmitter: Hadoop command-line option parsing not performed. Implement the Tool interface and execute your application with ToolRunner to remedy this.
14/08/15 13:39:35 INFO input.FileInputFormat: Total input paths to process : 2
14/08/15 13:39:35 INFO mapreduce.JobSubmitter: number of splits:2
14/08/15 13:39:35 INFO Configuration.deprecation: user.name is deprecated. Instead, use mapreduce.job.user.name
14/08/15 13:39:35 INFO Configuration.deprecation: mapred.jar is deprecated. Instead, use mapreduce.job.jar
14/08/15 13:39:35 INFO Configuration.deprecation: fs.default.name is deprecated. Instead, use fs.defaultFS
14/08/15 13:39:35 INFO Configuration.deprecation: mapred.job.reduce.memory.mb is deprecated. Instead, use mapreduce.reduce.memory.mb
14/08/15 13:39:35 INFO Configuration.deprecation: mapred.output.value.class is deprecated. Instead, use mapreduce.job.output.value.class
14/08/15 13:39:35 INFO Configuration.deprecation: mapreduce.map.class is deprecated. Instead, use mapreduce.job.map.class
14/08/15 13:39:35 INFO Configuration.deprecation: mapred.job.name is deprecated. Instead, use mapreduce.job.name
14/08/15 13:39:35 INFO Configuration.deprecation: mapred.job.tracker is deprecated. Instead, use mapreduce.jobtracker.address
14/08/15 13:39:35 INFO Configuration.deprecation: mapreduce.inputformat.class is deprecated. Instead, use mapreduce.job.inputformat.class
14/08/15 13:39:35 INFO Configuration.deprecation: mapred.input.dir is deprecated. Instead, use mapreduce.input.fileinputformat.inputdir
14/08/15 13:39:35 INFO Configuration.deprecation: mapred.output.dir is deprecated. Instead, use mapreduce.output.fileoutputformat.outputdir
14/08/15 13:39:35 INFO Configuration.deprecation: mapreduce.outputformat.class is deprecated. Instead, use mapreduce.job.outputformat.class
14/08/15 13:39:35 INFO Configuration.deprecation: mapred.map.tasks is deprecated. Instead, use mapreduce.job.maps
14/08/15 13:39:35 INFO Configuration.deprecation: mapred.output.key.class is deprecated. Instead, use mapreduce.job.output.key.class
14/08/15 13:39:35 INFO Configuration.deprecation: mapred.job.map.memory.mb is deprecated. Instead, use mapreduce.map.memory.mb
14/08/15 13:39:35 INFO Configuration.deprecation: mapred.working.dir is deprecated. Instead, use mapreduce.job.working.dir
14/08/15 13:39:35 INFO mapreduce.JobSubmitter: Submitting tokens for job: job_1408131000469_0083
14/08/15 13:39:35 INFO mapreduce.JobSubmitter: Kind: HDFS_DELEGATION_TOKEN, Service: 192.168.2.100:8020, Ident: (HDFS_DELEGATION_TOKEN token 625 for gpadmin)
14/08/15 13:39:35 INFO impl.YarnClientImpl: Submitted application application_1408131000469_0083 to ResourceManager at /0.0.0.0:8032
14/08/15 13:39:35 INFO mapreduce.Job: The url to track the job: http://0.0.0.0:9999/proxy/application_1408131000469_0083/
14/08/15 13:39:35 INFO mapreduce.Job: Running job: job_1408131000469_0083
14/08/15 13:39:44 INFO mapreduce.Job: Job job_1408131000469_0083 running in uber mode : false
14/08/15 13:39:44 INFO mapreduce.Job:  map 0% reduce 0%
14/08/15 13:39:50 INFO mapreduce.Job:  map 100% reduce 0%
14/08/15 13:39:56 INFO mapreduce.Job:  map 100% reduce 100%
14/08/15 13:39:57 INFO mapreduce.Job: Job job_1408131000469_0083 completed successfully
14/08/15 13:39:57 INFO mapreduce.Job: Counters: 43
	File System Counters
		FILE: Number of bytes read=570006
		FILE: Number of bytes written=1394259
		FILE: Number of read operations=0
		FILE: Number of large read operations=0
		FILE: Number of write operations=0
		HDFS: Number of bytes read=606372
		HDFS: Number of bytes written=605986
		HDFS: Number of read operations=11
		HDFS: Number of large read operations=0
		HDFS: Number of write operations=2
	Job Counters 
		Launched map tasks=2
		Launched reduce tasks=1
		Data-local map tasks=2
		Total time spent by all maps in occupied slots (ms)=22722
		Total time spent by all reduces in occupied slots (ms)=11172
	Map-Reduce Framework
		Map input records=5000
		Map output records=5000
		Map output bytes=560000
		Map output materialized bytes=570012
		Input split bytes=280
		Combine input records=0
		Combine output records=0
		Reduce input groups=1
		Reduce shuffle bytes=570012
		Reduce input records=5000
		Reduce output records=5000
		Spilled Records=10000
		Shuffled Maps =2
		Failed Shuffles=0
		Merged Map outputs=2
		GC time elapsed (ms)=62
		CPU time spent (ms)=5490
		Physical memory (bytes) snapshot=1787228160
		Virtual memory (bytes) snapshot=8288530432
		Total committed heap usage (bytes)=2242641920
	Shuffle Errors
		BAD_ID=0
		CONNECTION=0
		IO_ERROR=0
		WRONG_LENGTH=0
		WRONG_MAP=0
		WRONG_REDUCE=0
	File Input Format Counters 
		Bytes Read=606092
	File Output Format Counters 
		Bytes Written=605986
\!export HADOOP_HOME=/usr/lib/gphd/hadoop/; source /data/gpadmin/gpdb/greenplum/lib/hadoop/hadoop_env.sh; java -cp .:$CLASSPATH:/data/gpadmin/gpdb/greenplum/lib/hadoop/gphd-2.0.2-gnet-1.2.0.0.jar:/data/gpadmin/workspace/tincrepo/main/mpp/gpdb/tests/package/gphdfs/maptest.jar -Dhdfshost=sdw1.dh.greenplum.com -Ddatanodeport=8020 -Djobtrackerhost=sdw1.dh.greenplum.com -Djobtrackerport=8020  -DcompressionType=none javaclasses/TestHadoopIntegration mapred Mapred_mapper_GPDB_INOUT /extwrite/smallint /mapred/smallint_gpdb/
14/08/15 13:39:58 INFO Configuration.deprecation: fs.default.name is deprecated. Instead, use fs.defaultFS
14/08/15 13:39:58 INFO Configuration.deprecation: mapred.job.tracker is deprecated. Instead, use mapreduce.jobtracker.address
14/08/15 13:39:58 INFO Configuration.deprecation: mapred.job.map.memory.mb is deprecated. Instead, use mapreduce.map.memory.mb
14/08/15 13:39:58 INFO Configuration.deprecation: mapred.job.reduce.memory.mb is deprecated. Instead, use mapreduce.reduce.memory.mb
14/08/15 13:39:58 WARN util.NativeCodeLoader: Unable to load native-hadoop library for your platform... using builtin-java classes where applicable
14/08/15 13:39:59 INFO client.RMProxy: Connecting to ResourceManager at /0.0.0.0:8032
14/08/15 13:39:59 INFO client.RMProxy: Connecting to ResourceManager at /0.0.0.0:8032
14/08/15 13:40:00 INFO hdfs.DFSClient: Created HDFS_DELEGATION_TOKEN token 626 for gpadmin on 192.168.2.100:8020
14/08/15 13:40:00 INFO security.TokenCache: Got dt for hdfs://sdw1.dh.greenplum.com:8020; Kind: HDFS_DELEGATION_TOKEN, Service: 192.168.2.100:8020, Ident: (HDFS_DELEGATION_TOKEN token 626 for gpadmin)
14/08/15 13:40:00 WARN mapreduce.JobSubmitter: Hadoop command-line option parsing not performed. Implement the Tool interface and execute your application with ToolRunner to remedy this.
14/08/15 13:40:00 INFO mapred.FileInputFormat: Total input paths to process : 2
14/08/15 13:40:00 INFO mapreduce.JobSubmitter: number of splits:2
14/08/15 13:40:00 INFO Configuration.deprecation: user.name is deprecated. Instead, use mapreduce.job.user.name
14/08/15 13:40:00 INFO Configuration.deprecation: mapred.jar is deprecated. Instead, use mapreduce.job.jar
14/08/15 13:40:00 INFO Configuration.deprecation: fs.default.name is deprecated. Instead, use fs.defaultFS
14/08/15 13:40:00 INFO Configuration.deprecation: mapred.output.value.class is deprecated. Instead, use mapreduce.job.output.value.class
14/08/15 13:40:00 INFO Configuration.deprecation: mapred.job.name is deprecated. Instead, use mapreduce.job.name
14/08/15 13:40:00 INFO Configuration.deprecation: mapred.job.tracker is deprecated. Instead, use mapreduce.jobtracker.address
14/08/15 13:40:00 INFO Configuration.deprecation: mapred.input.dir is deprecated. Instead, use mapreduce.input.fileinputformat.inputdir
14/08/15 13:40:00 INFO Configuration.deprecation: mapred.output.dir is deprecated. Instead, use mapreduce.output.fileoutputformat.outputdir
14/08/15 13:40:00 INFO Configuration.deprecation: mapred.map.tasks is deprecated. Instead, use mapreduce.job.maps
14/08/15 13:40:00 INFO Configuration.deprecation: mapred.output.key.class is deprecated. Instead, use mapreduce.job.output.key.class
14/08/15 13:40:00 INFO Configuration.deprecation: mapred.working.dir is deprecated. Instead, use mapreduce.job.working.dir
14/08/15 13:40:00 INFO mapreduce.JobSubmitter: Submitting tokens for job: job_1408131000469_0084
14/08/15 13:40:00 INFO mapreduce.JobSubmitter: Kind: HDFS_DELEGATION_TOKEN, Service: 192.168.2.100:8020, Ident: (HDFS_DELEGATION_TOKEN token 626 for gpadmin)
14/08/15 13:40:01 INFO impl.YarnClientImpl: Submitted application application_1408131000469_0084 to ResourceManager at /0.0.0.0:8032
14/08/15 13:40:01 INFO mapreduce.Job: The url to track the job: http://0.0.0.0:9999/proxy/application_1408131000469_0084/
14/08/15 13:40:01 INFO mapreduce.Job: Running job: job_1408131000469_0084
14/08/15 13:40:11 INFO mapreduce.Job: Job job_1408131000469_0084 running in uber mode : false
14/08/15 13:40:11 INFO mapreduce.Job:  map 0% reduce 0%
14/08/15 13:40:17 INFO mapreduce.Job:  map 100% reduce 0%
14/08/15 13:40:22 INFO mapreduce.Job:  map 100% reduce 100%
14/08/15 13:40:23 INFO mapreduce.Job: Job job_1408131000469_0084 completed successfully
14/08/15 13:40:23 INFO mapreduce.Job: Counters: 43
	File System Counters
		FILE: Number of bytes read=570006
		FILE: Number of bytes written=1393767
		FILE: Number of read operations=0
		FILE: Number of large read operations=0
		FILE: Number of write operations=0
		HDFS: Number of bytes read=606346
		HDFS: Number of bytes written=605986
		HDFS: Number of read operations=11
		HDFS: Number of large read operations=0
		HDFS: Number of write operations=2
	Job Counters 
		Launched map tasks=2
		Launched reduce tasks=1
		Data-local map tasks=2
		Total time spent by all maps in occupied slots (ms)=22701
		Total time spent by all reduces in occupied slots (ms)=10884
	Map-Reduce Framework
		Map input records=5000
		Map output records=5000
		Map output bytes=560000
		Map output materialized bytes=570012
		Input split bytes=254
		Combine input records=0
		Combine output records=0
		Reduce input groups=1
		Reduce shuffle bytes=570012
		Reduce input records=5000
		Reduce output records=5000
		Spilled Records=10000
		Shuffled Maps =2
		Failed Shuffles=0
		Merged Map outputs=2
		GC time elapsed (ms)=73
		CPU time spent (ms)=5360
		Physical memory (bytes) snapshot=1792167936
		Virtual memory (bytes) snapshot=8288817152
		Total committed heap usage (bytes)=2242641920
	Shuffle Errors
		BAD_ID=0
		CONNECTION=0
		IO_ERROR=0
		WRONG_LENGTH=0
		WRONG_MAP=0
		WRONG_REDUCE=0
	File Input Format Counters 
		Bytes Read=606092
	File Output Format Counters 
		Bytes Written=605986
\!export HADOOP_HOME=/usr/lib/gphd/hadoop/; source /data/gpadmin/gpdb/greenplum/lib/hadoop/hadoop_env.sh; java -cp .:$CLASSPATH:/data/gpadmin/gpdb/greenplum/lib/hadoop/gphd-2.0.2-gnet-1.2.0.0.jar:/data/gpadmin/workspace/tincrepo/main/mpp/gpdb/tests/package/gphdfs/maptest.jar -Dhdfshost=sdw1.dh.greenplum.com -Ddatanodeport=8020 -Djobtrackerhost=sdw1.dh.greenplum.com -Djobtrackerport=8020  -DcompressionType=block javaclasses/TestHadoopIntegration mapreduce Mapreduce_mapper_GPDB_INOUT /extwrite/smallint /mapreduce/blockcomp/smallint_gpdb/
14/08/15 13:40:24 INFO Configuration.deprecation: fs.default.name is deprecated. Instead, use fs.defaultFS
14/08/15 13:40:25 WARN util.NativeCodeLoader: Unable to load native-hadoop library for your platform... using builtin-java classes where applicable
14/08/15 13:40:26 INFO client.RMProxy: Connecting to ResourceManager at /0.0.0.0:8032
14/08/15 13:40:26 INFO hdfs.DFSClient: Created HDFS_DELEGATION_TOKEN token 627 for gpadmin on 192.168.2.100:8020
14/08/15 13:40:26 INFO security.TokenCache: Got dt for hdfs://sdw1.dh.greenplum.com:8020; Kind: HDFS_DELEGATION_TOKEN, Service: 192.168.2.100:8020, Ident: (HDFS_DELEGATION_TOKEN token 627 for gpadmin)
14/08/15 13:40:26 WARN mapreduce.JobSubmitter: Hadoop command-line option parsing not performed. Implement the Tool interface and execute your application with ToolRunner to remedy this.
14/08/15 13:40:26 INFO input.FileInputFormat: Total input paths to process : 2
14/08/15 13:40:27 INFO mapreduce.JobSubmitter: number of splits:2
14/08/15 13:40:27 INFO Configuration.deprecation: user.name is deprecated. Instead, use mapreduce.job.user.name
14/08/15 13:40:27 INFO Configuration.deprecation: mapred.output.compress is deprecated. Instead, use mapreduce.output.fileoutputformat.compress
14/08/15 13:40:27 INFO Configuration.deprecation: mapred.jar is deprecated. Instead, use mapreduce.job.jar
14/08/15 13:40:27 INFO Configuration.deprecation: fs.default.name is deprecated. Instead, use fs.defaultFS
14/08/15 13:40:27 INFO Configuration.deprecation: mapred.job.reduce.memory.mb is deprecated. Instead, use mapreduce.reduce.memory.mb
14/08/15 13:40:27 INFO Configuration.deprecation: mapred.output.value.class is deprecated. Instead, use mapreduce.job.output.value.class
14/08/15 13:40:27 INFO Configuration.deprecation: mapreduce.map.class is deprecated. Instead, use mapreduce.job.map.class
14/08/15 13:40:27 INFO Configuration.deprecation: mapred.job.name is deprecated. Instead, use mapreduce.job.name
14/08/15 13:40:27 INFO Configuration.deprecation: mapred.job.tracker is deprecated. Instead, use mapreduce.jobtracker.address
14/08/15 13:40:27 INFO Configuration.deprecation: mapreduce.inputformat.class is deprecated. Instead, use mapreduce.job.inputformat.class
14/08/15 13:40:27 INFO Configuration.deprecation: mapred.output.compression.type is deprecated. Instead, use mapreduce.output.fileoutputformat.compress.type
14/08/15 13:40:27 INFO Configuration.deprecation: mapred.input.dir is deprecated. Instead, use mapreduce.input.fileinputformat.inputdir
14/08/15 13:40:27 INFO Configuration.deprecation: mapred.output.dir is deprecated. Instead, use mapreduce.output.fileoutputformat.outputdir
14/08/15 13:40:27 INFO Configuration.deprecation: mapreduce.outputformat.class is deprecated. Instead, use mapreduce.job.outputformat.class
14/08/15 13:40:27 INFO Configuration.deprecation: mapred.map.tasks is deprecated. Instead, use mapreduce.job.maps
14/08/15 13:40:27 INFO Configuration.deprecation: mapred.output.key.class is deprecated. Instead, use mapreduce.job.output.key.class
14/08/15 13:40:27 INFO Configuration.deprecation: mapred.job.map.memory.mb is deprecated. Instead, use mapreduce.map.memory.mb
14/08/15 13:40:27 INFO Configuration.deprecation: mapred.working.dir is deprecated. Instead, use mapreduce.job.working.dir
14/08/15 13:40:27 INFO mapreduce.JobSubmitter: Submitting tokens for job: job_1408131000469_0085
14/08/15 13:40:27 INFO mapreduce.JobSubmitter: Kind: HDFS_DELEGATION_TOKEN, Service: 192.168.2.100:8020, Ident: (HDFS_DELEGATION_TOKEN token 627 for gpadmin)
14/08/15 13:40:27 INFO impl.YarnClientImpl: Submitted application application_1408131000469_0085 to ResourceManager at /0.0.0.0:8032
14/08/15 13:40:27 INFO mapreduce.Job: The url to track the job: http://0.0.0.0:9999/proxy/application_1408131000469_0085/
14/08/15 13:40:27 INFO mapreduce.Job: Running job: job_1408131000469_0085
14/08/15 13:40:37 INFO mapreduce.Job: Job job_1408131000469_0085 running in uber mode : false
14/08/15 13:40:37 INFO mapreduce.Job:  map 0% reduce 0%
14/08/15 13:40:43 INFO mapreduce.Job:  map 100% reduce 0%
14/08/15 13:40:50 INFO mapreduce.Job:  map 100% reduce 100%
14/08/15 13:40:50 INFO mapreduce.Job: Job job_1408131000469_0085 completed successfully
14/08/15 13:40:51 INFO mapreduce.Job: Counters: 43
	File System Counters
		FILE: Number of bytes read=570006
		FILE: Number of bytes written=1394265
		FILE: Number of read operations=0
		FILE: Number of large read operations=0
		FILE: Number of write operations=0
		HDFS: Number of bytes read=606372
		HDFS: Number of bytes written=50609
		HDFS: Number of read operations=11
		HDFS: Number of large read operations=0
		HDFS: Number of write operations=2
	Job Counters 
		Launched map tasks=2
		Launched reduce tasks=1
		Data-local map tasks=2
		Total time spent by all maps in occupied slots (ms)=23397
		Total time spent by all reduces in occupied slots (ms)=11442
	Map-Reduce Framework
		Map input records=5000
		Map output records=5000
		Map output bytes=560000
		Map output materialized bytes=570012
		Input split bytes=280
		Combine input records=0
		Combine output records=0
		Reduce input groups=1
		Reduce shuffle bytes=570012
		Reduce input records=5000
		Reduce output records=5000
		Spilled Records=10000
		Shuffled Maps =2
		Failed Shuffles=0
		Merged Map outputs=2
		GC time elapsed (ms)=54
		CPU time spent (ms)=5320
		Physical memory (bytes) snapshot=1789329408
		Virtual memory (bytes) snapshot=8290717696
		Total committed heap usage (bytes)=2242641920
	Shuffle Errors
		BAD_ID=0
		CONNECTION=0
		IO_ERROR=0
		WRONG_LENGTH=0
		WRONG_MAP=0
		WRONG_REDUCE=0
	File Input Format Counters 
		Bytes Read=606092
	File Output Format Counters 
		Bytes Written=50609
\!export HADOOP_HOME=/usr/lib/gphd/hadoop/; source /data/gpadmin/gpdb/greenplum/lib/hadoop/hadoop_env.sh; java -cp .:$CLASSPATH:/data/gpadmin/gpdb/greenplum/lib/hadoop/gphd-2.0.2-gnet-1.2.0.0.jar:/data/gpadmin/workspace/tincrepo/main/mpp/gpdb/tests/package/gphdfs/maptest.jar -Dhdfshost=sdw1.dh.greenplum.com -Ddatanodeport=8020 -Djobtrackerhost=sdw1.dh.greenplum.com -Djobtrackerport=8020  -DcompressionType=block javaclasses/TestHadoopIntegration mapred Mapred_mapper_GPDB_INOUT /extwrite/smallint /mapred/blockcomp/smallint_gpdb/
14/08/15 13:40:52 INFO Configuration.deprecation: fs.default.name is deprecated. Instead, use fs.defaultFS
14/08/15 13:40:52 INFO Configuration.deprecation: mapred.job.tracker is deprecated. Instead, use mapreduce.jobtracker.address
14/08/15 13:40:52 INFO Configuration.deprecation: mapred.job.map.memory.mb is deprecated. Instead, use mapreduce.map.memory.mb
14/08/15 13:40:52 INFO Configuration.deprecation: mapred.job.reduce.memory.mb is deprecated. Instead, use mapreduce.reduce.memory.mb
14/08/15 13:40:52 WARN util.NativeCodeLoader: Unable to load native-hadoop library for your platform... using builtin-java classes where applicable
14/08/15 13:40:53 INFO client.RMProxy: Connecting to ResourceManager at /0.0.0.0:8032
14/08/15 13:40:53 INFO client.RMProxy: Connecting to ResourceManager at /0.0.0.0:8032
14/08/15 13:40:54 INFO hdfs.DFSClient: Created HDFS_DELEGATION_TOKEN token 628 for gpadmin on 192.168.2.100:8020
14/08/15 13:40:54 INFO security.TokenCache: Got dt for hdfs://sdw1.dh.greenplum.com:8020; Kind: HDFS_DELEGATION_TOKEN, Service: 192.168.2.100:8020, Ident: (HDFS_DELEGATION_TOKEN token 628 for gpadmin)
14/08/15 13:40:54 WARN mapreduce.JobSubmitter: Hadoop command-line option parsing not performed. Implement the Tool interface and execute your application with ToolRunner to remedy this.
14/08/15 13:40:54 INFO mapred.FileInputFormat: Total input paths to process : 2
14/08/15 13:40:54 INFO mapreduce.JobSubmitter: number of splits:2
14/08/15 13:40:54 INFO Configuration.deprecation: user.name is deprecated. Instead, use mapreduce.job.user.name
14/08/15 13:40:54 INFO Configuration.deprecation: mapred.output.compress is deprecated. Instead, use mapreduce.output.fileoutputformat.compress
14/08/15 13:40:54 INFO Configuration.deprecation: mapred.jar is deprecated. Instead, use mapreduce.job.jar
14/08/15 13:40:54 INFO Configuration.deprecation: fs.default.name is deprecated. Instead, use fs.defaultFS
14/08/15 13:40:54 INFO Configuration.deprecation: mapred.output.value.class is deprecated. Instead, use mapreduce.job.output.value.class
14/08/15 13:40:54 INFO Configuration.deprecation: mapred.job.name is deprecated. Instead, use mapreduce.job.name
14/08/15 13:40:54 INFO Configuration.deprecation: mapred.job.tracker is deprecated. Instead, use mapreduce.jobtracker.address
14/08/15 13:40:54 INFO Configuration.deprecation: mapred.output.compression.type is deprecated. Instead, use mapreduce.output.fileoutputformat.compress.type
14/08/15 13:40:54 INFO Configuration.deprecation: mapred.input.dir is deprecated. Instead, use mapreduce.input.fileinputformat.inputdir
14/08/15 13:40:54 INFO Configuration.deprecation: mapred.output.dir is deprecated. Instead, use mapreduce.output.fileoutputformat.outputdir
14/08/15 13:40:54 INFO Configuration.deprecation: mapred.map.tasks is deprecated. Instead, use mapreduce.job.maps
14/08/15 13:40:54 INFO Configuration.deprecation: mapred.output.key.class is deprecated. Instead, use mapreduce.job.output.key.class
14/08/15 13:40:54 INFO Configuration.deprecation: mapred.working.dir is deprecated. Instead, use mapreduce.job.working.dir
14/08/15 13:40:54 INFO mapreduce.JobSubmitter: Submitting tokens for job: job_1408131000469_0086
14/08/15 13:40:54 INFO mapreduce.JobSubmitter: Kind: HDFS_DELEGATION_TOKEN, Service: 192.168.2.100:8020, Ident: (HDFS_DELEGATION_TOKEN token 628 for gpadmin)
14/08/15 13:40:55 INFO impl.YarnClientImpl: Submitted application application_1408131000469_0086 to ResourceManager at /0.0.0.0:8032
14/08/15 13:40:55 INFO mapreduce.Job: The url to track the job: http://0.0.0.0:9999/proxy/application_1408131000469_0086/
14/08/15 13:40:55 INFO mapreduce.Job: Running job: job_1408131000469_0086
14/08/15 13:41:05 INFO mapreduce.Job: Job job_1408131000469_0086 running in uber mode : false
14/08/15 13:41:05 INFO mapreduce.Job:  map 0% reduce 0%
14/08/15 13:41:11 INFO mapreduce.Job:  map 100% reduce 0%
14/08/15 13:41:17 INFO mapreduce.Job:  map 100% reduce 100%
14/08/15 13:41:17 INFO mapreduce.Job: Job job_1408131000469_0086 completed successfully
14/08/15 13:41:17 INFO mapreduce.Job: Counters: 43
	File System Counters
		FILE: Number of bytes read=570006
		FILE: Number of bytes written=1393773
		FILE: Number of read operations=0
		FILE: Number of large read operations=0
		FILE: Number of write operations=0
		HDFS: Number of bytes read=606346
		HDFS: Number of bytes written=50603
		HDFS: Number of read operations=11
		HDFS: Number of large read operations=0
		HDFS: Number of write operations=2
	Job Counters 
		Launched map tasks=2
		Launched reduce tasks=1
		Data-local map tasks=2
		Total time spent by all maps in occupied slots (ms)=20631
		Total time spent by all reduces in occupied slots (ms)=11511
	Map-Reduce Framework
		Map input records=5000
		Map output records=5000
		Map output bytes=560000
		Map output materialized bytes=570012
		Input split bytes=254
		Combine input records=0
		Combine output records=0
		Reduce input groups=1
		Reduce shuffle bytes=570012
		Reduce input records=5000
		Reduce output records=5000
		Spilled Records=10000
		Shuffled Maps =2
		Failed Shuffles=0
		Merged Map outputs=2
		GC time elapsed (ms)=85
		CPU time spent (ms)=4630
		Physical memory (bytes) snapshot=1795731456
		Virtual memory (bytes) snapshot=8291004416
		Total committed heap usage (bytes)=2242641920
	Shuffle Errors
		BAD_ID=0
		CONNECTION=0
		IO_ERROR=0
		WRONG_LENGTH=0
		WRONG_MAP=0
		WRONG_REDUCE=0
	File Input Format Counters 
		Bytes Read=606092
	File Output Format Counters 
		Bytes Written=50603
\!export HADOOP_HOME=/usr/lib/gphd/hadoop/; source /data/gpadmin/gpdb/greenplum/lib/hadoop/hadoop_env.sh; java -cp .:$CLASSPATH:/data/gpadmin/gpdb/greenplum/lib/hadoop/gphd-2.0.2-gnet-1.2.0.0.jar:/data/gpadmin/workspace/tincrepo/main/mpp/gpdb/tests/package/gphdfs/maptest.jar -Dhdfshost=sdw1.dh.greenplum.com -Ddatanodeport=8020 -Djobtrackerhost=sdw1.dh.greenplum.com -Djobtrackerport=8020  -DcompressionType=record javaclasses/TestHadoopIntegration mapreduce Mapreduce_mapper_GPDB_INOUT /extwrite/smallint /mapreduce/recordcomp/smallint_gpdb/
14/08/15 13:41:18 INFO Configuration.deprecation: fs.default.name is deprecated. Instead, use fs.defaultFS
14/08/15 13:41:19 WARN util.NativeCodeLoader: Unable to load native-hadoop library for your platform... using builtin-java classes where applicable
14/08/15 13:41:19 INFO client.RMProxy: Connecting to ResourceManager at /0.0.0.0:8032
14/08/15 13:41:20 INFO hdfs.DFSClient: Created HDFS_DELEGATION_TOKEN token 629 for gpadmin on 192.168.2.100:8020
14/08/15 13:41:20 INFO security.TokenCache: Got dt for hdfs://sdw1.dh.greenplum.com:8020; Kind: HDFS_DELEGATION_TOKEN, Service: 192.168.2.100:8020, Ident: (HDFS_DELEGATION_TOKEN token 629 for gpadmin)
14/08/15 13:41:20 WARN mapreduce.JobSubmitter: Hadoop command-line option parsing not performed. Implement the Tool interface and execute your application with ToolRunner to remedy this.
14/08/15 13:41:20 INFO input.FileInputFormat: Total input paths to process : 2
14/08/15 13:41:20 INFO mapreduce.JobSubmitter: number of splits:2
14/08/15 13:41:20 INFO Configuration.deprecation: user.name is deprecated. Instead, use mapreduce.job.user.name
14/08/15 13:41:20 INFO Configuration.deprecation: mapred.output.compress is deprecated. Instead, use mapreduce.output.fileoutputformat.compress
14/08/15 13:41:20 INFO Configuration.deprecation: mapred.jar is deprecated. Instead, use mapreduce.job.jar
14/08/15 13:41:20 INFO Configuration.deprecation: fs.default.name is deprecated. Instead, use fs.defaultFS
14/08/15 13:41:20 INFO Configuration.deprecation: mapred.job.reduce.memory.mb is deprecated. Instead, use mapreduce.reduce.memory.mb
14/08/15 13:41:20 INFO Configuration.deprecation: mapred.output.value.class is deprecated. Instead, use mapreduce.job.output.value.class
14/08/15 13:41:20 INFO Configuration.deprecation: mapreduce.map.class is deprecated. Instead, use mapreduce.job.map.class
14/08/15 13:41:20 INFO Configuration.deprecation: mapred.job.name is deprecated. Instead, use mapreduce.job.name
14/08/15 13:41:20 INFO Configuration.deprecation: mapred.job.tracker is deprecated. Instead, use mapreduce.jobtracker.address
14/08/15 13:41:20 INFO Configuration.deprecation: mapreduce.inputformat.class is deprecated. Instead, use mapreduce.job.inputformat.class
14/08/15 13:41:20 INFO Configuration.deprecation: mapred.output.compression.type is deprecated. Instead, use mapreduce.output.fileoutputformat.compress.type
14/08/15 13:41:20 INFO Configuration.deprecation: mapred.input.dir is deprecated. Instead, use mapreduce.input.fileinputformat.inputdir
14/08/15 13:41:20 INFO Configuration.deprecation: mapred.output.dir is deprecated. Instead, use mapreduce.output.fileoutputformat.outputdir
14/08/15 13:41:20 INFO Configuration.deprecation: mapreduce.outputformat.class is deprecated. Instead, use mapreduce.job.outputformat.class
14/08/15 13:41:20 INFO Configuration.deprecation: mapred.map.tasks is deprecated. Instead, use mapreduce.job.maps
14/08/15 13:41:20 INFO Configuration.deprecation: mapred.output.key.class is deprecated. Instead, use mapreduce.job.output.key.class
14/08/15 13:41:20 INFO Configuration.deprecation: mapred.job.map.memory.mb is deprecated. Instead, use mapreduce.map.memory.mb
14/08/15 13:41:20 INFO Configuration.deprecation: mapred.working.dir is deprecated. Instead, use mapreduce.job.working.dir
14/08/15 13:41:20 INFO mapreduce.JobSubmitter: Submitting tokens for job: job_1408131000469_0087
14/08/15 13:41:20 INFO mapreduce.JobSubmitter: Kind: HDFS_DELEGATION_TOKEN, Service: 192.168.2.100:8020, Ident: (HDFS_DELEGATION_TOKEN token 629 for gpadmin)
14/08/15 13:41:21 INFO impl.YarnClientImpl: Submitted application application_1408131000469_0087 to ResourceManager at /0.0.0.0:8032
14/08/15 13:41:21 INFO mapreduce.Job: The url to track the job: http://0.0.0.0:9999/proxy/application_1408131000469_0087/
14/08/15 13:41:21 INFO mapreduce.Job: Running job: job_1408131000469_0087
14/08/15 13:41:32 INFO mapreduce.Job: Job job_1408131000469_0087 running in uber mode : false
14/08/15 13:41:32 INFO mapreduce.Job:  map 0% reduce 0%
14/08/15 13:41:37 INFO mapreduce.Job:  map 100% reduce 0%
14/08/15 13:41:43 INFO mapreduce.Job:  map 100% reduce 100%
14/08/15 13:41:44 INFO mapreduce.Job: Job job_1408131000469_0087 completed successfully
14/08/15 13:41:44 INFO mapreduce.Job: Counters: 43
	File System Counters
		FILE: Number of bytes read=570006
		FILE: Number of bytes written=1394271
		FILE: Number of read operations=0
		FILE: Number of large read operations=0
		FILE: Number of write operations=0
		HDFS: Number of bytes read=606372
		HDFS: Number of bytes written=337894
		HDFS: Number of read operations=11
		HDFS: Number of large read operations=0
		HDFS: Number of write operations=2
	Job Counters 
		Launched map tasks=2
		Launched reduce tasks=1
		Data-local map tasks=2
		Total time spent by all maps in occupied slots (ms)=20928
		Total time spent by all reduces in occupied slots (ms)=11703
	Map-Reduce Framework
		Map input records=5000
		Map output records=5000
		Map output bytes=560000
		Map output materialized bytes=570012
		Input split bytes=280
		Combine input records=0
		Combine output records=0
		Reduce input groups=1
		Reduce shuffle bytes=570012
		Reduce input records=5000
		Reduce output records=5000
		Spilled Records=10000
		Shuffled Maps =2
		Failed Shuffles=0
		Merged Map outputs=2
		GC time elapsed (ms)=72
		CPU time spent (ms)=5000
		Physical memory (bytes) snapshot=1807519744
		Virtual memory (bytes) snapshot=8291004416
		Total committed heap usage (bytes)=2242641920
	Shuffle Errors
		BAD_ID=0
		CONNECTION=0
		IO_ERROR=0
		WRONG_LENGTH=0
		WRONG_MAP=0
		WRONG_REDUCE=0
	File Input Format Counters 
		Bytes Read=606092
	File Output Format Counters 
		Bytes Written=337894
\!export HADOOP_HOME=/usr/lib/gphd/hadoop/; source /data/gpadmin/gpdb/greenplum/lib/hadoop/hadoop_env.sh; java -cp .:$CLASSPATH:/data/gpadmin/gpdb/greenplum/lib/hadoop/gphd-2.0.2-gnet-1.2.0.0.jar:/data/gpadmin/workspace/tincrepo/main/mpp/gpdb/tests/package/gphdfs/maptest.jar -Dhdfshost=sdw1.dh.greenplum.com -Ddatanodeport=8020 -Djobtrackerhost=sdw1.dh.greenplum.com -Djobtrackerport=8020  -DcompressionType=record javaclasses/TestHadoopIntegration mapred Mapred_mapper_GPDB_INOUT /extwrite/smallint /mapred/recordcomp/smallint_gpdb/
14/08/15 13:41:45 INFO Configuration.deprecation: fs.default.name is deprecated. Instead, use fs.defaultFS
14/08/15 13:41:45 INFO Configuration.deprecation: mapred.job.tracker is deprecated. Instead, use mapreduce.jobtracker.address
14/08/15 13:41:45 INFO Configuration.deprecation: mapred.job.map.memory.mb is deprecated. Instead, use mapreduce.map.memory.mb
14/08/15 13:41:45 INFO Configuration.deprecation: mapred.job.reduce.memory.mb is deprecated. Instead, use mapreduce.reduce.memory.mb
14/08/15 13:41:46 WARN util.NativeCodeLoader: Unable to load native-hadoop library for your platform... using builtin-java classes where applicable
14/08/15 13:41:47 INFO client.RMProxy: Connecting to ResourceManager at /0.0.0.0:8032
14/08/15 13:41:47 INFO client.RMProxy: Connecting to ResourceManager at /0.0.0.0:8032
14/08/15 13:41:47 INFO hdfs.DFSClient: Created HDFS_DELEGATION_TOKEN token 630 for gpadmin on 192.168.2.100:8020
14/08/15 13:41:47 INFO security.TokenCache: Got dt for hdfs://sdw1.dh.greenplum.com:8020; Kind: HDFS_DELEGATION_TOKEN, Service: 192.168.2.100:8020, Ident: (HDFS_DELEGATION_TOKEN token 630 for gpadmin)
14/08/15 13:41:47 WARN mapreduce.JobSubmitter: Hadoop command-line option parsing not performed. Implement the Tool interface and execute your application with ToolRunner to remedy this.
14/08/15 13:41:48 INFO mapred.FileInputFormat: Total input paths to process : 2
14/08/15 13:41:48 INFO mapreduce.JobSubmitter: number of splits:2
14/08/15 13:41:48 INFO Configuration.deprecation: user.name is deprecated. Instead, use mapreduce.job.user.name
14/08/15 13:41:48 INFO Configuration.deprecation: mapred.output.compress is deprecated. Instead, use mapreduce.output.fileoutputformat.compress
14/08/15 13:41:48 INFO Configuration.deprecation: mapred.jar is deprecated. Instead, use mapreduce.job.jar
14/08/15 13:41:48 INFO Configuration.deprecation: fs.default.name is deprecated. Instead, use fs.defaultFS
14/08/15 13:41:48 INFO Configuration.deprecation: mapred.output.value.class is deprecated. Instead, use mapreduce.job.output.value.class
14/08/15 13:41:48 INFO Configuration.deprecation: mapred.job.name is deprecated. Instead, use mapreduce.job.name
14/08/15 13:41:48 INFO Configuration.deprecation: mapred.job.tracker is deprecated. Instead, use mapreduce.jobtracker.address
14/08/15 13:41:48 INFO Configuration.deprecation: mapred.output.compression.type is deprecated. Instead, use mapreduce.output.fileoutputformat.compress.type
14/08/15 13:41:48 INFO Configuration.deprecation: mapred.input.dir is deprecated. Instead, use mapreduce.input.fileinputformat.inputdir
14/08/15 13:41:48 INFO Configuration.deprecation: mapred.output.dir is deprecated. Instead, use mapreduce.output.fileoutputformat.outputdir
14/08/15 13:41:48 INFO Configuration.deprecation: mapred.map.tasks is deprecated. Instead, use mapreduce.job.maps
14/08/15 13:41:48 INFO Configuration.deprecation: mapred.output.key.class is deprecated. Instead, use mapreduce.job.output.key.class
14/08/15 13:41:48 INFO Configuration.deprecation: mapred.working.dir is deprecated. Instead, use mapreduce.job.working.dir
14/08/15 13:41:48 INFO mapreduce.JobSubmitter: Submitting tokens for job: job_1408131000469_0088
14/08/15 13:41:48 INFO mapreduce.JobSubmitter: Kind: HDFS_DELEGATION_TOKEN, Service: 192.168.2.100:8020, Ident: (HDFS_DELEGATION_TOKEN token 630 for gpadmin)
14/08/15 13:41:48 INFO impl.YarnClientImpl: Submitted application application_1408131000469_0088 to ResourceManager at /0.0.0.0:8032
14/08/15 13:41:48 INFO mapreduce.Job: The url to track the job: http://0.0.0.0:9999/proxy/application_1408131000469_0088/
14/08/15 13:41:48 INFO mapreduce.Job: Running job: job_1408131000469_0088
14/08/15 13:41:58 INFO mapreduce.Job: Job job_1408131000469_0088 running in uber mode : false
14/08/15 13:41:58 INFO mapreduce.Job:  map 0% reduce 0%
14/08/15 13:42:03 INFO mapreduce.Job:  map 100% reduce 0%
14/08/15 13:42:09 INFO mapreduce.Job:  map 100% reduce 100%
14/08/15 13:42:11 INFO mapreduce.Job: Job job_1408131000469_0088 completed successfully
14/08/15 13:42:11 INFO mapreduce.Job: Counters: 43
	File System Counters
		FILE: Number of bytes read=570006
		FILE: Number of bytes written=1393779
		FILE: Number of read operations=0
		FILE: Number of large read operations=0
		FILE: Number of write operations=0
		HDFS: Number of bytes read=606346
		HDFS: Number of bytes written=337894
		HDFS: Number of read operations=11
		HDFS: Number of large read operations=0
		HDFS: Number of write operations=2
	Job Counters 
		Launched map tasks=2
		Launched reduce tasks=1
		Data-local map tasks=2
		Total time spent by all maps in occupied slots (ms)=20334
		Total time spent by all reduces in occupied slots (ms)=11667
	Map-Reduce Framework
		Map input records=5000
		Map output records=5000
		Map output bytes=560000
		Map output materialized bytes=570012
		Input split bytes=254
		Combine input records=0
		Combine output records=0
		Reduce input groups=1
		Reduce shuffle bytes=570012
		Reduce input records=5000
		Reduce output records=5000
		Spilled Records=10000
		Shuffled Maps =2
		Failed Shuffles=0
		Merged Map outputs=2
		GC time elapsed (ms)=75
		CPU time spent (ms)=4930
		Physical memory (bytes) snapshot=1812652032
		Virtual memory (bytes) snapshot=8290717696
		Total committed heap usage (bytes)=2242641920
	Shuffle Errors
		BAD_ID=0
		CONNECTION=0
		IO_ERROR=0
		WRONG_LENGTH=0
		WRONG_MAP=0
		WRONG_REDUCE=0
	File Input Format Counters 
		Bytes Read=606092
	File Output Format Counters 
		Bytes Written=337894
create readable external table smallint_verification_mapreduce(like smallint_heap) location ('gphdfs://sdw1.dh.greenplum.com:8020/mapreduce/smallint_gpdb/')format 'custom' (formatter='gphdfs_import');
CREATE EXTERNAL TABLE
create readable external table smallint_verification_mapred(like smallint_heap) location ('gphdfs://sdw1.dh.greenplum.com:8020/mapred/smallint_gpdb/')format 'custom' (formatter='gphdfs_import');
CREATE EXTERNAL TABLE
create readable external table smallint_verification_blockcomp_mapreduce(like smallint_heap) location ('gphdfs://sdw1.dh.greenplum.com:8020/mapreduce/blockcomp/smallint_gpdb/')format 'custom' (formatter='gphdfs_import');
CREATE EXTERNAL TABLE
create readable external table smallint_verification_blockcomp_mapred(like smallint_heap) location ('gphdfs://sdw1.dh.greenplum.com:8020/mapred/blockcomp/smallint_gpdb/')format 'custom' (formatter='gphdfs_import');
CREATE EXTERNAL TABLE
create readable external table smallint_verification_recordcomp_mapreduce(like smallint_heap) location ('gphdfs://sdw1.dh.greenplum.com:8020/mapreduce/recordcomp/smallint_gpdb/')format 'custom' (formatter='gphdfs_import');
CREATE EXTERNAL TABLE
create readable external table smallint_verification_recordcomp_mapred(like smallint_heap) location ('gphdfs://sdw1.dh.greenplum.com:8020/mapred/recordcomp/smallint_gpdb/')format 'custom' (formatter='gphdfs_import');
CREATE EXTERNAL TABLE
(select * from smallint_verification_mapreduce except select * from smallint_verification_mapred) union (select * from smallint_verification_mapred except select * from smallint_verification_mapreduce);
 datatype_smallint | xcount_smallint | max_smallint | min_smallint | x_smallint | reverse_smallint | increment_smallint | nullcol_smallint 
-------------------+-----------------+--------------+--------------+------------+------------------+--------------------+------------------
(0 rows)

(select * from smallint_verification_blockcomp_mapreduce except select * from smallint_verification_blockcomp_mapred) union (select * from smallint_verification_blockcomp_mapred except select * from smallint_verification_blockcomp_mapreduce);
 datatype_smallint | xcount_smallint | max_smallint | min_smallint | x_smallint | reverse_smallint | increment_smallint | nullcol_smallint 
-------------------+-----------------+--------------+--------------+------------+------------------+--------------------+------------------
(0 rows)

(select * from smallint_verification_recordcomp_mapreduce except select * from smallint_verification_recordcomp_mapred) union (select * from smallint_verification_recordcomp_mapred except select * from smallint_verification_recordcomp_mapreduce);
 datatype_smallint | xcount_smallint | max_smallint | min_smallint | x_smallint | reverse_smallint | increment_smallint | nullcol_smallint 
-------------------+-----------------+--------------+--------------+------------+------------------+--------------------+------------------
(0 rows)

(select * from smallint_verification_recordcomp_mapreduce except select * from smallint_verification_blockcomp_mapreduce) union (select * from smallint_verification_blockcomp_mapreduce except select * from smallint_verification_recordcomp_mapreduce);
 datatype_smallint | xcount_smallint | max_smallint | min_smallint | x_smallint | reverse_smallint | increment_smallint | nullcol_smallint 
-------------------+-----------------+--------------+--------------+------------+------------------+--------------------+------------------
(0 rows)

(select * from smallint_verification_recordcomp_mapreduce except select * from smallint_verification_mapreduce) union (select * from smallint_verification_mapreduce except select * from smallint_verification_recordcomp_mapreduce);
 datatype_smallint | xcount_smallint | max_smallint | min_smallint | x_smallint | reverse_smallint | increment_smallint | nullcol_smallint 
-------------------+-----------------+--------------+--------------+------------+------------------+--------------------+------------------
(0 rows)

(select * from smallint_verification_recordcomp_mapreduce except select * from smallint_heap) union (select * from smallint_heap except select * from smallint_verification_recordcomp_mapreduce);
 datatype_smallint | xcount_smallint | max_smallint | min_smallint | x_smallint | reverse_smallint | increment_smallint | nullcol_smallint 
-------------------+-----------------+--------------+--------------+------------+------------------+--------------------+------------------
(0 rows)

