--start_ignore
drop external table readgpfdist_compositeType;
DROP EXTERNAL TABLE
drop external table composite_write_hdfs;
DROP EXTERNAL TABLE
drop external table readudt_mapreduce;
DROP EXTERNAL TABLE
drop external table readudt_mapred;
DROP EXTERNAL TABLE
drop external table readudt;
ERROR:  table "readudt" does not exist
drop type mytype CASCADE;
DROP TYPE
--end_ignore
CREATE TYPE mytype AS (f1 int, f2 text);
CREATE TYPE
create readable external table readgpfdist_compositeType (type varchar, id bigint, composite mytype) location ('gpfdist://rh55-qavm20:8090/compositeType.txt') format 'text';
CREATE EXTERNAL TABLE
create writable external table composite_write_hdfs(like readgpfdist_compositeType) location ('gphdfs://rh55-qavm20:54310/extwrite/composite') format 'custom' (formatter='gphdfs_export');
NOTICE:  Table doesn't have 'distributed by' clause, defaulting to distribution columns from LIKE table
CREATE EXTERNAL TABLE
insert into composite_write_hdfs select * from readgpfdist_compositeType;
INSERT 0 4
--start_ignore
11/10/19 14:00:14 WARN mapred.JobClient: Use GenericOptionsParser for parsing the arguments. Applications should implement Tool for the same.
11/10/19 14:00:14 INFO input.FileInputFormat: Total input paths to process : 4
11/10/19 14:00:15 INFO mapred.JobClient: Running job: job_201110191106_0031
11/10/19 14:00:17 INFO mapred.JobClient:  map 0% reduce 0%
11/10/19 14:00:23 INFO mapred.JobClient:  map 100% reduce 0%
11/10/19 14:00:33 INFO mapred.JobClient:  map 100% reduce 100%
11/10/19 14:00:35 INFO mapred.JobClient: Job complete: job_201110191106_0031
11/10/19 14:00:35 INFO mapred.JobClient: Counters: 28
11/10/19 14:00:35 INFO mapred.JobClient:   Job Counters 
11/10/19 14:00:35 INFO mapred.JobClient:     SLOTS_MILLIS_REDUCES_REDUCE=2262
11/10/19 14:00:35 INFO mapred.JobClient:     Launched reduce tasks=1
11/10/19 14:00:35 INFO mapred.JobClient:     SLOTS_MILLIS_MAPS=9746
11/10/19 14:00:35 INFO mapred.JobClient:     Total time spent by all reduces waiting after reserving slots (ms)=0
11/10/19 14:00:35 INFO mapred.JobClient:     SLOTS_MILLIS_REDUCES_COPY=7647
11/10/19 14:00:35 INFO mapred.JobClient:     Total time spent by all maps waiting after reserving slots (ms)=0
11/10/19 14:00:35 INFO mapred.JobClient:     SLOTS_MILLIS_REDUCES_SORT=25
11/10/19 14:00:35 INFO mapred.JobClient:     LOCAL_MAP_INPUT_BYTES=0
11/10/19 14:00:35 INFO mapred.JobClient:     Launched map tasks=4
11/10/19 14:00:35 INFO mapred.JobClient:     Data-local map tasks=4
11/10/19 14:00:35 INFO mapred.JobClient:     SLOTS_MILLIS_REDUCES=9934
11/10/19 14:00:35 INFO mapred.JobClient:   FileSystemCounters
11/10/19 14:00:35 INFO mapred.JobClient:     FILE_BYTES_READ=286
11/10/19 14:00:35 INFO mapred.JobClient:     HDFS_BYTES_READ=728
11/10/19 14:00:35 INFO mapred.JobClient:     FILE_BYTES_WRITTEN=718
11/10/19 14:00:35 INFO mapred.JobClient:     HDFS_BYTES_WRITTEN=410
11/10/19 14:00:35 INFO mapred.JobClient:   Map-Reduce Framework
11/10/19 14:00:35 INFO mapred.JobClient:     Map input records=4
11/10/19 14:00:35 INFO mapred.JobClient:     Reduce shuffle bytes=304
11/10/19 14:00:35 INFO mapred.JobClient:     Spilled Records=8
11/10/19 14:00:35 INFO mapred.JobClient:     Map output bytes=272
11/10/19 14:00:35 INFO mapred.JobClient:     CPU_MILLISECONDS=2180
11/10/19 14:00:35 INFO mapred.JobClient:     Combine input records=0
11/10/19 14:00:35 INFO mapred.JobClient:     Reduce input records=4
11/10/19 14:00:35 INFO mapred.JobClient:     Reduce input groups=1
11/10/19 14:00:35 INFO mapred.JobClient:     Combine output records=0
11/10/19 14:00:35 INFO mapred.JobClient:     PHYSICAL_MEMORY_BYTES=756928512
11/10/19 14:00:35 INFO mapred.JobClient:     Reduce output records=4
11/10/19 14:00:35 INFO mapred.JobClient:     VIRTUAL_MEMORY_BYTES=2706632704
11/10/19 14:00:35 INFO mapred.JobClient:     Map output records=4
11/10/19 14:00:35 WARN mapred.JobClient: Use GenericOptionsParser for parsing the arguments. Applications should implement Tool for the same.
11/10/19 14:00:35 INFO mapred.FileInputFormat: Total input paths to process : 4
11/10/19 14:00:36 INFO mapred.JobClient: Running job: job_201110191106_0032
11/10/19 14:00:38 INFO mapred.JobClient:  map 0% reduce 0%
11/10/19 14:00:44 INFO mapred.JobClient:  map 100% reduce 0%
11/10/19 14:00:54 INFO mapred.JobClient:  map 100% reduce 100%
11/10/19 14:00:56 INFO mapred.JobClient: Job complete: job_201110191106_0032
11/10/19 14:00:56 INFO mapred.JobClient: Counters: 29
11/10/19 14:00:56 INFO mapred.JobClient:   Job Counters 
11/10/19 14:00:56 INFO mapred.JobClient:     SLOTS_MILLIS_REDUCES_REDUCE=2251
11/10/19 14:00:56 INFO mapred.JobClient:     Launched reduce tasks=1
11/10/19 14:00:56 INFO mapred.JobClient:     SLOTS_MILLIS_MAPS=9564
11/10/19 14:00:56 INFO mapred.JobClient:     Total time spent by all reduces waiting after reserving slots (ms)=0
11/10/19 14:00:56 INFO mapred.JobClient:     SLOTS_MILLIS_REDUCES_COPY=7441
11/10/19 14:00:56 INFO mapred.JobClient:     Total time spent by all maps waiting after reserving slots (ms)=0
11/10/19 14:00:56 INFO mapred.JobClient:     SLOTS_MILLIS_REDUCES_SORT=26
11/10/19 14:00:56 INFO mapred.JobClient:     LOCAL_MAP_INPUT_BYTES=304
11/10/19 14:00:56 INFO mapred.JobClient:     Launched map tasks=4
11/10/19 14:00:56 INFO mapred.JobClient:     Data-local map tasks=4
11/10/19 14:00:56 INFO mapred.JobClient:     SLOTS_MILLIS_REDUCES=9718
11/10/19 14:00:56 INFO mapred.JobClient:   FileSystemCounters
11/10/19 14:00:56 INFO mapred.JobClient:     FILE_BYTES_READ=286
11/10/19 14:00:56 INFO mapred.JobClient:     HDFS_BYTES_READ=728
11/10/19 14:00:56 INFO mapred.JobClient:     FILE_BYTES_WRITTEN=718
11/10/19 14:00:56 INFO mapred.JobClient:     HDFS_BYTES_WRITTEN=410
11/10/19 14:00:56 INFO mapred.JobClient:   Map-Reduce Framework
11/10/19 14:00:56 INFO mapred.JobClient:     Map input records=4
11/10/19 14:00:56 INFO mapred.JobClient:     Reduce shuffle bytes=304
11/10/19 14:00:56 INFO mapred.JobClient:     Spilled Records=8
11/10/19 14:00:56 INFO mapred.JobClient:     Map output bytes=272
11/10/19 14:00:56 INFO mapred.JobClient:     CPU_MILLISECONDS=2160
11/10/19 14:00:56 INFO mapred.JobClient:     Map input bytes=304
11/10/19 14:00:56 INFO mapred.JobClient:     Combine input records=0
11/10/19 14:00:56 INFO mapred.JobClient:     Reduce input records=4
11/10/19 14:00:56 INFO mapred.JobClient:     Reduce input groups=1
11/10/19 14:00:56 INFO mapred.JobClient:     Combine output records=0
11/10/19 14:00:56 INFO mapred.JobClient:     PHYSICAL_MEMORY_BYTES=739004416
11/10/19 14:00:56 INFO mapred.JobClient:     Reduce output records=4
11/10/19 14:00:56 INFO mapred.JobClient:     VIRTUAL_MEMORY_BYTES=2631245824
11/10/19 14:00:56 INFO mapred.JobClient:     Map output records=4
--end_ignore
create readable external table readudt_mapreduce (like readgpfdist_compositeType) location ('gphdfs://rh55-qavm20:54310/mapreduce/composite_gpdb/')FORMAT 'custom' (formatter='gphdfs_import');
CREATE EXTERNAL TABLE
create readable external table readudt_mapred (like readgpfdist_compositeType) location ('gphdfs://rh55-qavm20:54310/mapred/composite_gpdb/')FORMAT 'custom' (formatter='gphdfs_import');
CREATE EXTERNAL TABLE
select * from readudt_mapreduce order by id;
   type    | id |      composite       
-----------+----+----------------------
 composite |  0 | (1,test)
 composite |  1 | (2,"")
 composite |  2 | (3,)
 composite |  3 | (12345,composittype)
(4 rows)

select * from readudt_mapred order by id;
   type    | id |      composite       
-----------+----+----------------------
 composite |  0 | (1,test)
 composite |  1 | (2,"")
 composite |  2 | (3,)
 composite |  3 | (12345,composittype)
(4 rows)

